Component: ARM Compiler 5.06 update 3 (build 300) Tool: armlink [4d35c9]

==============================================================================

Section Cross References

    main.o(i.__aeabi_assert) refers to printf8.o(i.__0printf$8) for __2printf
    main.o(i.app_main) refers to chip_peripherals.o(i.chip_peripherals_init) for chip_peripherals_init
    main.o(i.app_main) refers to ble_mesh_app.o(i.ble_mesh_app_init) for ble_mesh_app_init
    main.o(i.app_main) refers to main.o(i.cb_putc) for cb_putc
    main.o(i.app_main) refers to profile.o(i.setup_profile) for setup_profile
    main.o(i.cb_putc) refers to peripheral_uart.o(i.apUART_Check_TXFIFO_FULL) for apUART_Check_TXFIFO_FULL
    main.o(i.cb_putc) refers to peripheral_uart.o(i.UART_SendData) for UART_SendData
    main.o(i.fputc) refers to main.o(i.cb_putc) for cb_putc
    profile.o(i.att_ota_read_callback) refers to ota_service.o(i.ota_read_callback) for ota_read_callback
    profile.o(i.att_ota_write_callback) refers to ota_service.o(i.ota_write_callback) for ota_write_callback
    profile.o(i.flash_erase_and_write) refers to eflash.o(i.program_flash) for program_flash
    profile.o(i.init_ota_service) refers to ota_service.o(i.ota_init_service) for ota_init_service
    profile.o(i.init_ota_service) refers to profile.o(.data) for this_version
    profile.o(i.setup_profile) refers to printf8.o(i.__0printf$8) for __2printf
    profile.o(i.setup_profile) refers to att_db_util.o(i.att_db_util_init) for att_db_util_init
    profile.o(i.setup_profile) refers to profile.o(i.init_ota_service) for init_ota_service
    profile.o(i.setup_profile) refers to ble_mesh_app.o(i.ble_mesh_profile_env_init) for ble_mesh_profile_env_init
    profile.o(i.setup_profile) refers to profile.o(.bss) for att_db_storage
    profile.o(i.setup_profile) refers to profile.o(i.att_ota_write_callback) for att_ota_write_callback
    profile.o(i.setup_profile) refers to profile.o(i.att_ota_read_callback) for att_ota_read_callback
    profile.o(i.setup_profile) refers to profile.o(i.user_packet_handler) for user_packet_handler
    profile.o(i.setup_profile) refers to profile.o(.data) for hci_event_callback_registration
    profile.o(i.user_packet_handler) refers to memseta.o(.text) for __aeabi_memclr4
    profile.o(i.user_packet_handler) refers to info2ram.o(i.is_provisioned_poweron) for is_provisioned_poweron
    profile.o(i.user_packet_handler) refers to ble_mesh_light_model.o(i.ble_mesh_light_model_unbind_mode_run) for ble_mesh_light_model_unbind_mode_run
    profile.o(i.user_packet_handler) refers to adv.o(i.set_flag_for_adv_sent) for set_flag_for_adv_sent
    profile.o(i.user_packet_handler) refers to mesh_srv.o(i.set_mesh_sleep_duration) for set_mesh_sleep_duration
    profile.o(i.user_packet_handler) refers to access.o(i.service_is_ready) for service_is_ready
    profile.o(i.user_packet_handler) refers to memcpya.o(.text) for __aeabi_memcpy4
    profile.o(i.user_packet_handler) refers to mesh_srv.o(i.mesh_service_trigger) for mesh_service_trigger
    profile.o(i.user_packet_handler) refers to printf8.o(i.__0printf$8) for __2printf
    profile.o(i.user_packet_handler) refers to mesh_queue.o(i.user_msg_handler) for user_msg_handler
    profile.o(i.user_packet_handler) refers to profile.o(.data) for addr2
    profile.o(i.user_packet_handler) refers to profile.o(.constdata) for adv_data
    profile.o(i.user_packet_handler) refers to ble_mesh_composition.o(.bss) for vnd_models
    profile.o(i.user_packet_handler) refers to profile.o(.bss) for att_db_storage
    profile.o(i.user_packet_handler) refers to profile.o(i.att_ota_write_callback) for att_ota_write_callback
    profile.o(i.user_packet_handler) refers to profile.o(i.att_ota_read_callback) for att_ota_read_callback
    ble_mesh_light_model.o(i.ble_mesh_light_model_breath_mode_expire) refers to printf8.o(i.__0printf$8) for __2printf
    ble_mesh_light_model.o(i.ble_mesh_light_model_breath_mode_expire) refers to ble_mesh_light_model.o(.data) for breath_mode_is_run
    ble_mesh_light_model.o(i.ble_mesh_light_model_breath_mode_work) refers to ble_mesh_light_model.o(i.ble_mesh_light_model_is_breath_run) for ble_mesh_light_model_is_breath_run
    ble_mesh_light_model.o(i.ble_mesh_light_model_breath_mode_work) refers to glue.o(i.k_delayed_work_submit) for k_delayed_work_submit
    ble_mesh_light_model.o(i.ble_mesh_light_model_breath_mode_work) refers to ble_mesh_light_model.o(i.ble_mesh_light_model_breath_mode) for ble_mesh_light_model_breath_mode
    ble_mesh_light_model.o(i.ble_mesh_light_model_breath_mode_work) refers to printf8.o(i.__0printf$8) for __2printf
    ble_mesh_light_model.o(i.ble_mesh_light_model_breath_mode_work) refers to ble_mesh_light_model.o(.bss) for breath_work
    ble_mesh_light_model.o(i.ble_mesh_light_model_conf_init) refers to ble_mesh_light_model.o(i.ble_mesh_light_model_default_var_init) for ble_mesh_light_model_default_var_init
[...]
    0x0002743c   0x00000014   Code   RO         8467    i._os_mbuf_trailingspace  Mesh.lib(os_mbuf.o)
    0x00027450   0x00000030   Code   RO         8468    i._os_msys_find_pool  Mesh.lib(os_mbuf.o)
    0x00027480   0x00000410   Code   RO         9842    i._printf_core      mc_w.l(printf8.o)
    0x00027890   0x000006dc   Code   RO         9869    i._printf_core      mc_w.l(printfa.o)
    0x00027f6c   0x00000024   Code   RO         9843    i._printf_post_padding  mc_w.l(printf8.o)
    0x00027f90   0x00000024   Code   RO         9870    i._printf_post_padding  mc_w.l(printfa.o)
    0x00027fb4   0x0000002e   Code   RO         9844    i._printf_pre_padding  mc_w.l(printf8.o)
    0x00027fe2   0x0000002e   Code   RO         9871    i._printf_pre_padding  mc_w.l(printfa.o)
    0x00028010   0x0000000a   Code   RO         8947    i._set              Mesh.lib(utils.o)
    0x0002801a   0x00000016   Code   RO         9845    i._snputc           mc_w.l(printf8.o)
    0x00028030   0x00000016   Code   RO         9872    i._snputc           mc_w.l(printfa.o)
    0x00028046   0x00000002   PAD
    0x00028048   0x00000048   Code   RO         4931    i.ack_complete      Mesh.lib(prov.o)
    0x00028090   0x0000006c   Code   RO         7923    i.ack_timeout       Mesh.lib(transport.o)
    0x000280fc   0x000000ac   Code   RO         8288    i.addr_is_free      Mesh.lib(nodes.o)
    0x000281a8   0x00000010   Code   RO         2458    i.adv_alloc         Mesh.lib(adv.o)
    0x000281b8   0x00000010   Code   RO         6516    i.adv_alloc         Mesh.lib(friend.o)
    0x000281c8   0x00000028   Code   RO         4932    i.adv_buf_create    Mesh.lib(prov.o)
    0x000281f0   0x00000284   Code   RO         2459    i.adv_send          Mesh.lib(adv.o)
    0x00028474   0x00000024   Code   RO         5483    i.advertise_subnet  Mesh.lib(proxy.o)
    0x00028498   0x00000018   Code   RO          469    i.after_power_on    ble_mesh_flash_oper.o
    0x000284b0   0x0000003c   Code   RO         1273    i.apUART_BaudRateSet  peripheral_uart.o
    0x000284ec   0x0000000a   Code   RO         1279    i.apUART_Check_TXFIFO_FULL  peripheral_uart.o
    0x000284f6   0x00000072   Code   RO         1289    i.apUART_Initialize  peripheral_uart.o
    0x00028568   0x00000118   Code   RO         3344    i.app_key_add       Mesh.lib(cfg_srv.o)
    0x00028680   0x00000108   Code   RO         3345    i.app_key_del       Mesh.lib(cfg_srv.o)
    0x00028788   0x00000138   Code   RO         3346    i.app_key_get       Mesh.lib(cfg_srv.o)
    0x000288c0   0x00000038   Code   RO         3347    i.app_key_is_valid  Mesh.lib(cfg_srv.o)
    0x000288f8   0x000001c0   Code   RO         3348    i.app_key_set       Mesh.lib(cfg_srv.o)
    0x00028ab8   0x00000264   Code   RO         7496    i.app_key_set       Mesh.lib(settings.o)
    0x00028d1c   0x00000118   Code   RO         3349    i.app_key_update    Mesh.lib(cfg_srv.o)
    0x00028e34   0x00000034   Code   RO            5    i.app_main          main.o
    0x00028e68   0x0000003e   Code   RO         9233    i.apply_z           Mesh.lib(ecc.o)
    0x00028ea6   0x0000001a   Code   RO         4933    i.atomic_and        Mesh.lib(prov.o)
    0x00028ec0   0x0000001a   Code   RO         6970    i.atomic_and        Mesh.lib(lpn.o)
    0x00028eda   0x00000014   Code   RO         4934    i.atomic_clear_bit  Mesh.lib(prov.o)
    0x00028eee   0x0000001a   Code   RO         4935    i.atomic_or         Mesh.lib(prov.o)
    0x00028f08   0x0000001a   Code   RO         6971    i.atomic_or         Mesh.lib(lpn.o)
    0x00028f22   0x00000014   Code   RO         4936    i.atomic_set_bit    Mesh.lib(prov.o)
    0x00028f36   0x00000014   Code   RO         6972    i.atomic_set_bit    Mesh.lib(lpn.o)
    0x00028f4a   0x0000001e   Code   RO         4937    i.atomic_test_and_clear_bit  Mesh.lib(prov.o)
    0x00028f68   0x0000001e   Code   RO         6973    i.atomic_test_and_clear_bit  Mesh.lib(lpn.o)
    0x00028f86   0x00000032   Code   RO         7497    i.atomic_test_and_clear_bit  Mesh.lib(settings.o)
    0x00028fb8   0x0000001e   Code   RO         4938    i.atomic_test_and_set_bit  Mesh.lib(prov.o)
    0x00028fd6   0x00000020   Code   RO         4939    i.atomic_test_bit   Mesh.lib(prov.o)
    0x00028ff6   0x00000020   Code   RO         6974    i.atomic_test_bit   Mesh.lib(lpn.o)
    0x00029016   0x00000020   Code   RO         7498    i.atomic_test_bit   Mesh.lib(settings.o)
    0x00029036   0x00000002   PAD
    0x00029038   0x000000b4   Code   RO         1549    i.att_db_util_add_attribute_uuid128  att_db_util.o
    0x000290ec   0x000000ac   Code   RO         1550    i.att_db_util_add_attribute_uuid16  att_db_util.o
    0x00029198   0x0000007c   Code   RO         1551    i.att_db_util_add_characteristic_uuid128  att_db_util.o
    0x00029214   0x0000001c   Code   RO         1554    i.att_db_util_add_service_uuid128  att_db_util.o
    0x00029230   0x00000044   Code   RO         1556    i.att_db_util_assert_space  att_db_util.o
    0x00029274   0x00000030   Code   RO         1559    i.att_db_util_init  att_db_util.o
    0x000292a4   0x00000024   Code   RO         1562    i.att_db_util_set_end_tag  att_db_util.o
    0x000292c8   0x0000000a   Code   RO          605    i.att_mesh_read_callback  ble_mesh_app.o
    0x000292d2   0x0000000c   Code   RO          606    i.att_mesh_write_callback  ble_mesh_app.o
    0x000292de   0x00000020   Code   RO          235    i.att_ota_read_callback  profile.o
    0x000292fe   0x00000024   Code   RO          236    i.att_ota_write_callback  profile.o
    0x00029322   0x00000002   PAD
    0x00029324   0x00000040   Code   RO         4606    i.attention_get     Mesh.lib(health_srv.o)
    0x00029364   0x00000048   Code   RO         4607    i.attention_off     Mesh.lib(health_srv.o)
    0x000293ac   0x0000004c   Code   RO         4608    i.attention_set     Mesh.lib(health_srv.o)
    0x000293f8   0x00000060   Code   RO         4609    i.attention_set_unrel  Mesh.lib(health_srv.o)
    0x00029458   0x000000a4   Code   RO         7214    i.auth_match        Mesh.lib(net.o)
    0x000294fc   0x00000040   Code   RO         2751    i.beacon_complete   Mesh.lib(beacon.o)
    0x0002953c   0x000000f4   Code   RO         3350    i.beacon_get        Mesh.lib(cfg_srv.o)
    0x00029630   0x000000c0   Code   RO         2753    i.beacon_send       Mesh.lib(beacon.o)
    0x000296f0   0x00000032   Code   RO         5484    i.beacon_send       Mesh.lib(proxy.o)
    0x00029722   0x00000002   PAD
    0x00029724   0x000001b8   Code   RO         3351    i.beacon_set        Mesh.lib(cfg_srv.o)
    0x000298dc   0x0000009c   Code   RO         4940    i.bearer_ctl_send   Mesh.lib(prov.o)
    0x00029978   0x000001b0   Code   RO         4941    i.bearer_prov_link_establish  Mesh.lib(prov.o)
    0x00029b28   0x000000bc   Code   RO         4197    i.ble_adv_conf_adv_instance  Mesh.lib(glue.o)
    0x00029be4   0x000000e8   Code   RO         2460    i.ble_adv_gap_mesh_cb  Mesh.lib(adv.o)
    0x00029ccc   0x00000016   Code   RO         2461    i.ble_gap_disc_cancel  Mesh.lib(adv.o)
    0x00029ce2   0x00000002   PAD
    0x00029ce4   0x0000016c   Code   RO         2462    i.ble_gap_ext_adv_configure  Mesh.lib(adv.o)
    0x00029e50   0x00000004   Code   RO         2463    i.ble_gap_ext_adv_remove  Mesh.lib(adv.o)
    0x00029e54   0x00000088   Code   RO         2464    i.ble_gap_ext_adv_rsp_set_data  Mesh.lib(adv.o)
    0x00029edc   0x00000088   Code   RO         2465    i.ble_gap_ext_adv_set_data  Mesh.lib(adv.o)
    0x00029f64   0x000000bc   Code   RO         2467    i.ble_gap_ext_adv_start  Mesh.lib(adv.o)
    0x0002a020   0x00000058   Code   RO         2468    i.ble_gap_ext_adv_stop  Mesh.lib(adv.o)
    0x0002a078   0x00000100   Code   RO         2470    i.ble_gap_ext_disc  Mesh.lib(adv.o)
    0x0002a178   0x00000010   Code   RO         2471    i.ble_gap_mesh_cb_register  Mesh.lib(adv.o)
    0x0002a188   0x00000004   Code   RO         2472    i.ble_gap_terminate  Mesh.lib(adv.o)
    0x0002a18c   0x0000000a   Code   RO         5485    i.ble_gattc_notify_custom  Mesh.lib(proxy.o)
    0x0002a196   0x0000002e   Code   RO         1712    i.ble_gatts_find_svc  mesh_srv.o
    0x0002a1c4   0x00000004   Code   RO         2475    i.ble_gatts_svc_set_visibility  Mesh.lib(adv.o)
    0x0002a1c8   0x00000014   Code   RO         4942    i.ble_get_adv_addr  Mesh.lib(prov.o)
    0x0002a1dc   0x0000001c   Code   RO          607    i.ble_mesh_app_init  ble_mesh_app.o
    0x0002a1f8   0x00000004   Code   RO          365    i.ble_mesh_light_model_breath_mode  ble_mesh_light_model.o
    0x0002a1fc   0x0000002c   Code   RO          366    i.ble_mesh_light_model_breath_mode_expire  ble_mesh_light_model.o
    0x0002a228   0x0000003c   Code   RO          367    i.ble_mesh_light_model_breath_mode_work  ble_mesh_light_model.o
    0x0002a264   0x00000020   Code   RO          368    i.ble_mesh_light_model_conf_init  ble_mesh_light_model.o
    0x0002a284   0x00000002   Code   RO          369    i.ble_mesh_light_model_default_status_init  ble_mesh_light_model.o
    0x0002a286   0x00000002   Code   RO          370    i.ble_mesh_light_model_default_var_init  ble_mesh_light_model.o
    0x0002a288   0x0000000c   Code   RO          371    i.ble_mesh_light_model_is_breath_run  ble_mesh_light_model.o
    0x0002a294   0x00000038   Code   RO          372    i.ble_mesh_light_model_light_to_save  ble_mesh_light_model.o
    0x0002a2cc   0x00000040   Code   RO          373    i.ble_mesh_light_model_provsioned_complete  ble_mesh_light_model.o
    0x0002a30c   0x00000060   Code   RO          374    i.ble_mesh_light_model_unbind_mode_run  ble_mesh_light_model.o
    0x0002a36c   0x0000004c   Code   RO          608    i.ble_mesh_profile_env_init  ble_mesh_app.o
    0x0002a3b8   0x000000e8   Code   RO         5487    i.ble_mesh_proxy_gap_event  Mesh.lib(proxy.o)
    0x0002a4a0   0x00000004   Code   RO         4198    i.ble_npl_callout_init  Mesh.lib(glue.o)
    0x0002a4a4   0x0000000a   Code   RO         7215    i.ble_npl_event_init  Mesh.lib(net.o)
    0x0002a4ae   0x00000002   PAD
    0x0002a4b0   0x0000000c   Code   RO         8795    i.ble_sm_alg_ecc_init  Mesh.lib(ble_sm_alg.o)
    0x0002a4bc   0x0000005c   Code   RO         8801    i.ble_sm_alg_gen_dhkey  Mesh.lib(ble_sm_alg.o)
    0x0002a518   0x00000054   Code   RO         8802    i.ble_sm_alg_gen_key_pair  Mesh.lib(ble_sm_alg.o)
    0x0002a56c   0x00000060   Code   RO         8804    i.ble_sm_alg_rand   Mesh.lib(ble_sm_alg.o)
    0x0002a5cc   0x0000004c   Code   RO         3934    i.bt_TM_auth        Mesh.lib(crypto.o)
    0x0002a618   0x00000030   Code   RO         1941    i.bt_cmd_data_uart_out_data  bt_cmd_data_uart_io_adp.o
    0x0002a648   0x00000028   Code   RO         4199    i.bt_dh_key_gen     Mesh.lib(glue.o)
    0x0002a670   0x00000034   Code   RO         4200    i.bt_encrypt_be     Mesh.lib(glue.o)
    0x0002a6a4   0x00000060   Code   RO         4201    i.bt_hex            Mesh.lib(glue.o)
    0x0002a704   0x00000128   Code   RO         4202    i.bt_le_adv_start   Mesh.lib(glue.o)
    0x0002a82c   0x00000020   Code   RO         4203    i.bt_le_adv_stop    Mesh.lib(glue.o)
    0x0002a84c   0x0000001c   Code   RO         2476    i.bt_mesh_adv_create  Mesh.lib(adv.o)
    0x0002a868   0x00000044   Code   RO         2477    i.bt_mesh_adv_create_from_pool  Mesh.lib(adv.o)
    0x0002a8ac   0x0000005c   Code   RO         2478    i.bt_mesh_adv_init  Mesh.lib(adv.o)
    0x0002a908   0x000000b4   Code   RO         2479    i.bt_mesh_adv_send  Mesh.lib(adv.o)
    0x0002a9bc   0x0000002c   Code   RO         2480    i.bt_mesh_adv_update  Mesh.lib(adv.o)
    0x0002a9e8   0x00000044   Code   RO         3935    i.bt_mesh_aes_cmac  Mesh.lib(crypto.o)
    0x0002aa2c   0x00000010   Code   RO         3936    i.bt_mesh_aes_cmac_one  Mesh.lib(crypto.o)
    0x0002aa3c   0x00000110   Code   RO         3937    i.bt_mesh_app_decrypt  Mesh.lib(crypto.o)
    0x0002ab4c   0x000001bc   Code   RO         3938    i.bt_mesh_app_encrypt  Mesh.lib(crypto.o)
    0x0002ad08   0x0000002c   Code   RO         3352    i.bt_mesh_app_key_alloc  Mesh.lib(cfg_srv.o)
    0x0002ad34   0x00000078   Code   RO         3353    i.bt_mesh_app_key_del  Mesh.lib(cfg_srv.o)
    0x0002adac   0x00000034   Code   RO         7924    i.bt_mesh_app_key_find  Mesh.lib(transport.o)
    0x0002ade0   0x0000007c   Code   RO         7925    i.bt_mesh_app_key_get  Mesh.lib(transport.o)
    0x0002ae5c   0x000000d8   Code   RO         4610    i.bt_mesh_attention  Mesh.lib(health_srv.o)
    0x0002af34   0x00000120   Code   RO         3939    i.bt_mesh_beacon_auth  Mesh.lib(crypto.o)
    0x0002b054   0x00000100   Code   RO         2754    i.bt_mesh_beacon_create  Mesh.lib(beacon.o)
    0x0002b154   0x00000018   Code   RO         2755    i.bt_mesh_beacon_disable  Mesh.lib(beacon.o)
    0x0002b16c   0x0000004c   Code   RO         2756    i.bt_mesh_beacon_enable  Mesh.lib(beacon.o)
    0x0002b1b8   0x00000010   Code   RO         3354    i.bt_mesh_beacon_get  Mesh.lib(cfg_srv.o)
    0x0002b1c8   0x00000010   Code   RO         2757    i.bt_mesh_beacon_init  Mesh.lib(beacon.o)
    0x0002b1d8   0x00000034   Code   RO         2758    i.bt_mesh_beacon_ivu_initiator  Mesh.lib(beacon.o)
    0x0002b20c   0x00000104   Code   RO         2759    i.bt_mesh_beacon_recv  Mesh.lib(beacon.o)
    0x0002b310   0x00000078   Code   RO         3940    i.bt_mesh_ccm_decrypt  Mesh.lib(crypto.o)
    0x0002b388   0x00000060   Code   RO         3941    i.bt_mesh_ccm_encrypt  Mesh.lib(crypto.o)
    0x0002b3e8   0x000000e0   Code   RO         2912    i.bt_mesh_cfg_app_key_add  Mesh.lib(cfg_cli.o)
    0x0002b4c8   0x000000e0   Code   RO         2915    i.bt_mesh_cfg_cli_init  Mesh.lib(cfg_cli.o)
    0x0002b5a8   0x0000000c   Code   RO         3355    i.bt_mesh_cfg_get   Mesh.lib(cfg_srv.o)
    0x0002b5b4   0x00000020   Code   RO         2928    i.bt_mesh_cfg_mod_app_bind_vnd  Mesh.lib(cfg_cli.o)
    0x0002b5d4   0x0000006c   Code   RO         3356    i.bt_mesh_cfg_reset  Mesh.lib(cfg_srv.o)
    0x0002b640   0x000000dc   Code   RO         3357    i.bt_mesh_cfg_srv_init  Mesh.lib(cfg_srv.o)
    0x0002b71c   0x00000080   Code   RO         7499    i.bt_mesh_clear_app_key  Mesh.lib(settings.o)
    0x0002b79c   0x00000018   Code   RO         7500    i.bt_mesh_clear_net  Mesh.lib(settings.o)
    0x0002b7b4   0x0000005c   Code   RO         7501    i.bt_mesh_clear_node  Mesh.lib(settings.o)
    0x0002b810   0x00000006   Code   RO         7502    i.bt_mesh_clear_rpl  Mesh.lib(settings.o)
    0x0002b816   0x00000002   PAD
    0x0002b818   0x00000080   Code   RO         7503    i.bt_mesh_clear_subnet  Mesh.lib(settings.o)
    0x0002b898   0x0000000c   Code   RO         2047    i.bt_mesh_comp_get  Mesh.lib(access.o)
    0x0002b8a4   0x000000cc   Code   RO         2048    i.bt_mesh_comp_provision  Mesh.lib(access.o)
    0x0002b970   0x00000024   Code   RO         2049    i.bt_mesh_comp_register  Mesh.lib(access.o)
    0x0002b994   0x0000003c   Code   RO         2050    i.bt_mesh_comp_unprovision  Mesh.lib(access.o)
    0x0002b9d0   0x00000148   Code   RO         7926    i.bt_mesh_ctl_send  Mesh.lib(transport.o)
    0x0002bb18   0x00000014   Code   RO         3358    i.bt_mesh_default_ttl_get  Mesh.lib(cfg_srv.o)
    0x0002bb2c   0x00000014   Code   RO         4943    i.bt_mesh_dev_key   Mesh.lib(prov.o)
    0x0002bb40   0x0000000c   Code   RO         2051    i.bt_mesh_elem_count  Mesh.lib(access.o)
    0x0002bb4c   0x00000094   Code   RO         2052    i.bt_mesh_elem_find  Mesh.lib(access.o)
    0x0002bbe0   0x0000005c   Code   RO         3942    i.bt_mesh_fcs_calc  Mesh.lib(crypto.o)
    0x0002bc3c   0x00000034   Code   RO         3943    i.bt_mesh_fcs_check  Mesh.lib(crypto.o)
    0x0002bc70   0x0000002c   Code   RO         2053    i.bt_mesh_fixed_group_match  Mesh.lib(access.o)
    0x0002bc9c   0x000001a4   Code   RO         6517    i.bt_mesh_friend_clear  Mesh.lib(friend.o)
    0x0002be40   0x00000198   Code   RO         6518    i.bt_mesh_friend_clear_cfm  Mesh.lib(friend.o)
    0x0002bfd8   0x000000fc   Code   RO         6519    i.bt_mesh_friend_clear_incomplete  Mesh.lib(friend.o)
    0x0002c0d4   0x00000078   Code   RO         6520    i.bt_mesh_friend_clear_net_idx  Mesh.lib(friend.o)
    0x0002c14c   0x000000dc   Code   RO         6521    i.bt_mesh_friend_enqueue_rx  Mesh.lib(friend.o)
    0x0002c228   0x000000c8   Code   RO         6522    i.bt_mesh_friend_enqueue_tx  Mesh.lib(friend.o)
    0x0002c2f0   0x000000ac   Code   RO         6523    i.bt_mesh_friend_find  Mesh.lib(friend.o)
    0x0002c39c   0x0000005c   Code   RO         3359    i.bt_mesh_friend_get  Mesh.lib(cfg_srv.o)
    0x0002c3f8   0x000000e0   Code   RO         6524    i.bt_mesh_friend_init  Mesh.lib(friend.o)
    0x0002c4d8   0x000000cc   Code   RO         6525    i.bt_mesh_friend_match  Mesh.lib(friend.o)
    0x0002c5a4   0x00000268   Code   RO         6526    i.bt_mesh_friend_poll  Mesh.lib(friend.o)
    0x0002c80c   0x000003f8   Code   RO         6527    i.bt_mesh_friend_req  Mesh.lib(friend.o)
    0x0002cc04   0x00000084   Code   RO         6528    i.bt_mesh_friend_sec_update  Mesh.lib(friend.o)
    0x0002cc88   0x00000048   Code   RO         6529    i.bt_mesh_friend_sec_update_done  Mesh.lib(friend.o)
    0x0002ccd0   0x00000180   Code   RO         6530    i.bt_mesh_friend_sub_add  Mesh.lib(friend.o)
    0x0002ce50   0x00000144   Code   RO         6531    i.bt_mesh_friend_sub_rem  Mesh.lib(friend.o)
    0x0002cf94   0x00000020   Code   RO         4812    i.bt_mesh_gap_event  Mesh.lib(mesh.o)
    0x0002cfb4   0x0000000c   Code   RO         5489    i.bt_mesh_gatt_config  Mesh.lib(proxy.o)
    0x0002cfc0   0x00000014   Code   RO         3360    i.bt_mesh_gatt_proxy_get  Mesh.lib(cfg_srv.o)
    0x0002cfd4   0x00000040   Code   RO         5490    i.bt_mesh_handle_set  Mesh.lib(proxy.o)
    0x0002d014   0x00000010   Code   RO         3361    i.bt_mesh_hb_pub_get  Mesh.lib(cfg_srv.o)
    0x0002d024   0x00000094   Code   RO         6808    i.bt_mesh_health_cli_init  Mesh.lib(health_cli.o)
    0x0002d0b8   0x000000c0   Code   RO         4612    i.bt_mesh_health_srv_init  Mesh.lib(health_srv.o)
    0x0002d178   0x000001a4   Code   RO         3362    i.bt_mesh_heartbeat  Mesh.lib(cfg_srv.o)
    0x0002d31c   0x00000034   Code   RO         3944    i.bt_mesh_id128     Mesh.lib(crypto.o)
    0x0002d350   0x00000070   Code   RO         4813    i.bt_mesh_init      Mesh.lib(mesh.o)
    0x0002d3c0   0x00000020   Code   RO         4814    i.bt_mesh_is_provisioned  Mesh.lib(mesh.o)
    0x0002d3e0   0x00000030   Code   RO         3945    i.bt_mesh_k1        Mesh.lib(crypto.o)
    0x0002d410   0x00000188   Code   RO         3946    i.bt_mesh_k2        Mesh.lib(crypto.o)
    0x0002d598   0x0000005c   Code   RO         3947    i.bt_mesh_k3        Mesh.lib(crypto.o)
    0x0002d5f4   0x00000058   Code   RO         3948    i.bt_mesh_k4        Mesh.lib(crypto.o)
    0x0002d64c   0x00000110   Code   RO         7219    i.bt_mesh_kr_update  Mesh.lib(net.o)
    0x0002d75c   0x000000fc   Code   RO         3363    i.bt_mesh_label_uuid_get  Mesh.lib(cfg_srv.o)
    0x0002d858   0x00000018   Code   RO         6975    i.bt_mesh_lpn_disable  Mesh.lib(lpn.o)
    0x0002d870   0x0000001c   Code   RO         6976    i.bt_mesh_lpn_established  Mesh.lib(lpn.o)
    0x0002d88c   0x0000001c   Code   RO         7927    i.bt_mesh_lpn_established  Mesh.lib(transport.o)
    0x0002d8a8   0x0000015c   Code   RO         6977    i.bt_mesh_lpn_friend_clear_cfm  Mesh.lib(lpn.o)
    0x0002da04   0x00000150   Code   RO         6978    i.bt_mesh_lpn_friend_offer  Mesh.lib(lpn.o)
    0x0002db54   0x000001f4   Code   RO         6979    i.bt_mesh_lpn_friend_sub_cfm  Mesh.lib(lpn.o)
    0x0002dd48   0x000002d0   Code   RO         6980    i.bt_mesh_lpn_friend_update  Mesh.lib(lpn.o)
    0x0002e018   0x00000068   Code   RO         6981    i.bt_mesh_lpn_group_add  Mesh.lib(lpn.o)
    0x0002e080   0x000000d0   Code   RO         6982    i.bt_mesh_lpn_group_del  Mesh.lib(lpn.o)
    0x0002e150   0x00000068   Code   RO         6983    i.bt_mesh_lpn_init  Mesh.lib(lpn.o)
    0x0002e1b8   0x00000104   Code   RO         6984    i.bt_mesh_lpn_msg_received  Mesh.lib(lpn.o)
    0x0002e2bc   0x00000064   Code   RO         6985    i.bt_mesh_lpn_poll  Mesh.lib(lpn.o)
    0x0002e320   0x0000004c   Code   RO         3364    i.bt_mesh_lpn_status_changed  Mesh.lib(cfg_srv.o)
    0x0002e36c   0x00000024   Code   RO         7928    i.bt_mesh_lpn_waiting_update  Mesh.lib(transport.o)
    0x0002e390   0x00000014   Code   RO         2054    i.bt_mesh_model_elem  Mesh.lib(access.o)
    0x0002e3a4   0x0000002e   Code   RO         2055    i.bt_mesh_model_find  Mesh.lib(access.o)
    0x0002e3d2   0x00000002   PAD
    0x0002e3d4   0x00000020   Code   RO         2056    i.bt_mesh_model_find_group  Mesh.lib(access.o)
    0x0002e3f4   0x0000003a   Code   RO         2057    i.bt_mesh_model_find_vnd  Mesh.lib(access.o)
    0x0002e42e   0x00000002   PAD
    0x0002e430   0x0000007c   Code   RO         2058    i.bt_mesh_model_foreach  Mesh.lib(access.o)
    0x0002e4ac   0x000000b8   Code   RO         2059    i.bt_mesh_model_get  Mesh.lib(access.o)
    0x0002e564   0x00000044   Code   RO         2060    i.bt_mesh_model_msg_init  Mesh.lib(access.o)
    0x0002e5a8   0x00000054   Code   RO         2061    i.bt_mesh_model_pub_period_get  Mesh.lib(access.o)
    0x0002e5fc   0x000001e0   Code   RO         2062    i.bt_mesh_model_publish  Mesh.lib(access.o)
    0x0002e7dc   0x00000264   Code   RO         2063    i.bt_mesh_model_recv  Mesh.lib(access.o)
    0x0002ea40   0x00000060   Code   RO         2064    i.bt_mesh_model_send  Mesh.lib(access.o)
    0x0002eaa0   0x000000f4   Code   RO         7220    i.bt_mesh_net_beacon_update  Mesh.lib(net.o)
    0x0002eb94   0x0000012c   Code   RO         7221    i.bt_mesh_net_create  Mesh.lib(net.o)
    0x0002ecc0   0x000003d8   Code   RO         7222    i.bt_mesh_net_decode  Mesh.lib(net.o)
    0x0002f098   0x00000124   Code   RO         3949    i.bt_mesh_net_decrypt  Mesh.lib(crypto.o)
    0x0002f1bc   0x00000224   Code   RO         7223    i.bt_mesh_net_encode  Mesh.lib(net.o)
    0x0002f3e0   0x00000130   Code   RO         3950    i.bt_mesh_net_encrypt  Mesh.lib(crypto.o)
    0x0002f510   0x00000020   Code   RO         7224    i.bt_mesh_net_flags  Mesh.lib(net.o)
    0x0002f530   0x00000040   Code   RO         7225    i.bt_mesh_net_init  Mesh.lib(net.o)
    0x0002f570   0x00000378   Code   RO         7226    i.bt_mesh_net_iv_update  Mesh.lib(net.o)
    0x0002f8e8   0x00000264   Code   RO         7227    i.bt_mesh_net_keys_create  Mesh.lib(net.o)
    0x0002fb4c   0x0000006c   Code   RO         7228    i.bt_mesh_net_local  Mesh.lib(net.o)
    0x0002fbb8   0x000000e4   Code   RO         3951    i.bt_mesh_net_obfuscate  Mesh.lib(crypto.o)
    0x0002fc9c   0x00000180   Code   RO         7229    i.bt_mesh_net_recv  Mesh.lib(net.o)
    0x0002fe1c   0x00000300   Code   RO         7230    i.bt_mesh_net_relay  Mesh.lib(net.o)
    0x0003011c   0x000001d4   Code   RO         7231    i.bt_mesh_net_resend  Mesh.lib(net.o)
    0x000302f0   0x00000088   Code   RO         7232    i.bt_mesh_net_revoke_keys  Mesh.lib(net.o)
    0x00030378   0x0000003c   Code   RO         7233    i.bt_mesh_net_sec_update  Mesh.lib(net.o)
    0x000303b4   0x00000208   Code   RO         7234    i.bt_mesh_net_send  Mesh.lib(net.o)
    0x000305bc   0x0000006c   Code   RO         7235    i.bt_mesh_net_start  Mesh.lib(net.o)
    0x00030628   0x00000010   Code   RO         3365    i.bt_mesh_net_transmit_get  Mesh.lib(cfg_srv.o)
    0x00030638   0x00000024   Code   RO         7236    i.bt_mesh_next_seq  Mesh.lib(net.o)
    0x0003065c   0x000000c8   Code   RO         8289    i.bt_mesh_node_alloc  Mesh.lib(nodes.o)
    0x00030724   0x0000006c   Code   RO         8290    i.bt_mesh_node_del  Mesh.lib(nodes.o)
    0x00030790   0x00000038   Code   RO         8291    i.bt_mesh_node_find  Mesh.lib(nodes.o)
    0x000307c8   0x00000030   Code   RO         8292    i.bt_mesh_node_init  Mesh.lib(nodes.o)
    0x000307f8   0x0000002c   Code   RO         8293    i.bt_mesh_node_res_avail  Mesh.lib(nodes.o)
    0x00030824   0x00000178   Code   RO         4947    i.bt_mesh_pb_adv_recv  Mesh.lib(prov.o)
    0x0003099c   0x000000b8   Code   RO         4948    i.bt_mesh_pb_gatt_close  Mesh.lib(prov.o)
    0x00030a54   0x00000094   Code   RO         4949    i.bt_mesh_pb_gatt_open  Mesh.lib(prov.o)
    0x00030ae8   0x00000214   Code   RO         4950    i.bt_mesh_pb_gatt_recv  Mesh.lib(prov.o)
    0x00030cfc   0x0000000c   Code   RO         2065    i.bt_mesh_primary_addr  Mesh.lib(access.o)
    0x00030d08   0x00000014   Code   RO         4951    i.bt_mesh_prov_complete  Mesh.lib(prov.o)
    0x00030d1c   0x000000e0   Code   RO         3952    i.bt_mesh_prov_conf  Mesh.lib(crypto.o)
    0x00030dfc   0x00000018   Code   RO         3953    i.bt_mesh_prov_conf_key  Mesh.lib(crypto.o)
    0x00030e14   0x0000001c   Code   RO         3954    i.bt_mesh_prov_conf_salt  Mesh.lib(crypto.o)
    0x00030e30   0x00000018   Code   RO         3955    i.bt_mesh_prov_decrypt  Mesh.lib(crypto.o)
    0x00030e48   0x00000034   Code   RO         4816    i.bt_mesh_prov_enable  Mesh.lib(mesh.o)
    0x00030e7c   0x00000018   Code   RO         3956    i.bt_mesh_prov_encrypt  Mesh.lib(crypto.o)
    0x00030e94   0x0000000c   Code   RO         4952    i.bt_mesh_prov_get  Mesh.lib(prov.o)
    0x00030ea0   0x000000ec   Code   RO         4953    i.bt_mesh_prov_init  Mesh.lib(prov.o)
    0x00030f8c   0x00000014   Code   RO         4954    i.bt_mesh_prov_node_added  Mesh.lib(prov.o)
    0x00030fa0   0x00000030   Code   RO         4955    i.bt_mesh_prov_nonce  Mesh.lib(prov.o)
    0x00030fd0   0x00000014   Code   RO         4956    i.bt_mesh_prov_reset  Mesh.lib(prov.o)
    0x00030fe4   0x000001b0   Code   RO         4817    i.bt_mesh_provision  Mesh.lib(mesh.o)
    0x00031194   0x00000098   Code   RO         5491    i.bt_mesh_proxy_addr_add  Mesh.lib(proxy.o)
    0x0003122c   0x00000098   Code   RO         5492    i.bt_mesh_proxy_adv_start  Mesh.lib(proxy.o)
    0x000312c4   0x0000005c   Code   RO         5494    i.bt_mesh_proxy_beacon_send  Mesh.lib(proxy.o)
    0x00031320   0x00000068   Code   RO         5495    i.bt_mesh_proxy_gatt_disable  Mesh.lib(proxy.o)
    0x00031388   0x00000070   Code   RO         5496    i.bt_mesh_proxy_gatt_disconnect  Mesh.lib(proxy.o)
    0x000313f8   0x00000088   Code   RO         5497    i.bt_mesh_proxy_gatt_enable  Mesh.lib(proxy.o)
    0x00031480   0x00000080   Code   RO         5499    i.bt_mesh_proxy_identity_enable  Mesh.lib(proxy.o)
    0x00031500   0x0000002c   Code   RO         5500    i.bt_mesh_proxy_identity_start  Mesh.lib(proxy.o)
    0x0003152c   0x0000000a   Code   RO         5501    i.bt_mesh_proxy_identity_stop  Mesh.lib(proxy.o)
    0x00031536   0x00000002   PAD
    0x00031538   0x00000038   Code   RO         5502    i.bt_mesh_proxy_init  Mesh.lib(proxy.o)
    0x00031570   0x00000098   Code   RO         5503    i.bt_mesh_proxy_prov_disable  Mesh.lib(proxy.o)
    0x00031608   0x00000088   Code   RO         5504    i.bt_mesh_proxy_prov_enable  Mesh.lib(proxy.o)
    0x00031690   0x000000a8   Code   RO         5505    i.bt_mesh_proxy_relay  Mesh.lib(proxy.o)
    0x00031738   0x00000090   Code   RO         5506    i.bt_mesh_proxy_send  Mesh.lib(proxy.o)
    0x000317c8   0x00000014   Code   RO         3366    i.bt_mesh_relay_get  Mesh.lib(cfg_srv.o)
    0x000317dc   0x00000010   Code   RO         3367    i.bt_mesh_relay_retransmit_get  Mesh.lib(cfg_srv.o)
    0x000317ec   0x00000158   Code   RO         4818    i.bt_mesh_reset     Mesh.lib(mesh.o)
    0x00031944   0x00000030   Code   RO         7237    i.bt_mesh_rpl_reset  Mesh.lib(net.o)
    0x00031974   0x00000054   Code   RO         7930    i.bt_mesh_rx_reset  Mesh.lib(transport.o)
    0x000319c8   0x0000002c   Code   RO         3957    i.bt_mesh_s1        Mesh.lib(crypto.o)
    0x000319f4   0x000000f8   Code   RO         2481    i.bt_mesh_scan_cb   Mesh.lib(adv.o)
    0x00031aec   0x00000004   Code   RO         2482    i.bt_mesh_scan_disable  Mesh.lib(adv.o)
    0x00031af0   0x00000078   Code   RO         2483    i.bt_mesh_scan_enable  Mesh.lib(adv.o)
    0x00031b68   0x00000014   Code   RO         4958    i.bt_mesh_session_key  Mesh.lib(prov.o)
    0x00031b7c   0x0000000c   Code   RO         7931    i.bt_mesh_set_hb_sub_dst  Mesh.lib(transport.o)
    0x00031b88   0x00000020   Code   RO         7504    i.bt_mesh_settings_init  Mesh.lib(settings.o)
    0x00031ba8   0x0000006c   Code   RO         7505    i.bt_mesh_store_app_key  Mesh.lib(settings.o)
    0x00031c14   0x00000006   Code   RO         7506    i.bt_mesh_store_cfg  Mesh.lib(settings.o)
    0x00031c1a   0x00000006   Code   RO         7507    i.bt_mesh_store_hb_pub  Mesh.lib(settings.o)
    0x00031c20   0x0000001a   Code   RO         7508    i.bt_mesh_store_iv  Mesh.lib(settings.o)
    0x00031c3a   0x0000000e   Code   RO         7509    i.bt_mesh_store_mod_bind  Mesh.lib(settings.o)
    0x00031c48   0x0000000e   Code   RO         7510    i.bt_mesh_store_mod_pub  Mesh.lib(settings.o)
    0x00031c56   0x0000000e   Code   RO         7511    i.bt_mesh_store_mod_sub  Mesh.lib(settings.o)
    0x00031c64   0x00000006   Code   RO         7512    i.bt_mesh_store_net  Mesh.lib(settings.o)
    0x00031c6a   0x00000002   PAD
    0x00031c6c   0x00000050   Code   RO         7513    i.bt_mesh_store_node  Mesh.lib(settings.o)
    0x00031cbc   0x00000006   Code   RO         7515    i.bt_mesh_store_seq  Mesh.lib(settings.o)
    0x00031cc2   0x00000002   PAD
    0x00031cc4   0x00000068   Code   RO         7516    i.bt_mesh_store_subnet  Mesh.lib(settings.o)
    0x00031d2c   0x000000b8   Code   RO         3368    i.bt_mesh_subnet_del  Mesh.lib(cfg_srv.o)
    0x00031de4   0x00000078   Code   RO         7238    i.bt_mesh_subnet_find  Mesh.lib(net.o)
    0x00031e5c   0x00000044   Code   RO         7239    i.bt_mesh_subnet_get  Mesh.lib(net.o)
    0x00031ea0   0x0000006c   Code   RO         7932    i.bt_mesh_trans_init  Mesh.lib(transport.o)
    0x00031f0c   0x000001e8   Code   RO         7933    i.bt_mesh_trans_recv  Mesh.lib(transport.o)
    0x000320f4   0x000001c0   Code   RO         7935    i.bt_mesh_trans_send  Mesh.lib(transport.o)
    0x000322b4   0x00000024   Code   RO         7936    i.bt_mesh_tx_in_progress  Mesh.lib(transport.o)
    0x000322d8   0x0000004c   Code   RO         7937    i.bt_mesh_tx_reset  Mesh.lib(transport.o)
    0x00032324   0x00000044   Code   RO         3958    i.bt_mesh_virtual_addr  Mesh.lib(crypto.o)
    0x00032368   0x00000018   Code   RO         4959    i.bt_prov_active    Mesh.lib(prov.o)
    0x00032380   0x00000030   Code   RO         4204    i.bt_pub_key_gen    Mesh.lib(glue.o)
    0x000323b0   0x00000014   Code   RO         4205    i.bt_pub_key_get    Mesh.lib(glue.o)
    0x000323c4   0x00000050   Code   RO         4206    i.bt_rand           Mesh.lib(glue.o)
    0x00032414   0x00000024   Code   RO         5959    i.btstack_memory_dtbt_msg_free  Mesh.lib(mesh_queue.o)
    0x00032438   0x00000024   Code   RO         5960    i.btstack_memory_dtbt_msg_get  Mesh.lib(mesh_queue.o)
    0x0003245c   0x0000002c   Code   RO         5961    i.btstack_memory_dtbt_pool_flush  Mesh.lib(mesh_queue.o)
    0x00032488   0x00000024   Code   RO         5962    i.btstack_memory_dtbt_small_msg_free  Mesh.lib(mesh_queue.o)
    0x000324ac   0x00000024   Code   RO         5963    i.btstack_memory_dtbt_small_msg_get  Mesh.lib(mesh_queue.o)
    0x000324d0   0x0000011c   Code   RO         6532    i.buf_send_end      Mesh.lib(friend.o)
    0x000325ec   0x00000050   Code   RO         6533    i.buf_send_start    Mesh.lib(friend.o)
    0x0003263c   0x00000058   Code   RO         4960    i.buf_sent          Mesh.lib(prov.o)
    0x00032694   0x00000024   Code   RO            6    i.cb_putc           main.o
    0x000326b8   0x00000130   Code   RO         7517    i.cfg_set           Mesh.lib(settings.o)
    0x000327e8   0x0000001c   Code   RO          552    i.chip_peripherals_init  chip_peripherals.o
    0x00032804   0x00000068   Code   RO         7518    i.clear_app_key     Mesh.lib(settings.o)
    0x0003286c   0x00000100   Code   RO         6988    i.clear_friendship  Mesh.lib(lpn.o)
    0x0003296c   0x00000068   Code   RO         7519    i.clear_net_key     Mesh.lib(settings.o)
    0x000329d4   0x0000009c   Code   RO         7520    i.clear_node        Mesh.lib(settings.o)
    0x00032a70   0x000000ac   Code   RO         6534    i.clear_timeout     Mesh.lib(friend.o)
    0x00032b1c   0x00000028   Code   RO         2951    i.cli_prepare       Mesh.lib(cfg_cli.o)
    0x00032b44   0x00000018   Code   RO         2952    i.cli_reset         Mesh.lib(cfg_cli.o)
    0x00032b5c   0x00000074   Code   RO         5508    i.client_filter_match  Mesh.lib(proxy.o)
    0x00032bd0   0x00000074   Code   RO         4961    i.close_link        Mesh.lib(prov.o)
    0x00032c44   0x0000006c   Code   RO         7521    i.commit_mod        Mesh.lib(settings.o)
    0x00032cb0   0x000000c4   Code   RO         3369    i.comp_add_elem     Mesh.lib(cfg_srv.o)
    0x00032d74   0x00000088   Code   RO         3370    i.comp_get_page_0   Mesh.lib(cfg_srv.o)
    0x00032dfc   0x000001c0   Code   RO         8910    i.compress          Mesh.lib(sha256.o)
    0x00032fbc   0x0000007c   Code   RO         9522    i.conf_line_parse   Mesh.lib(config_line.o)
    0x00033038   0x00000018   Code   RO         7523    i.conf_load_new     Mesh.lib(settings.o)
    0x00033050   0x0000009c   Code   RO         3371    i.conf_mesh_role    Mesh.lib(cfg_srv.o)
    0x000330ec   0x00000050   Code   RO         7524    i.conf_parse_and_lookup_new  Mesh.lib(settings.o)
    0x0003313c   0x00000030   Code   RO         8981    i.conf_parse_name   Mesh.lib(config.o)
    0x0003316c   0x00000010   Code   RO         8982    i.conf_register     Mesh.lib(config.o)
    0x0003317c   0x00000022   Code   RO         8984    i.conf_set_value_new  Mesh.lib(config.o)
    0x0003319e   0x00000002   PAD
    0x000331a0   0x00000050   Code   RO         1714    i.console_printf    mesh_srv.o
    0x000331f0   0x00000040   Code   RO         3959    i.create_app_nonce  Mesh.lib(crypto.o)
    0x00033230   0x000001a8   Code   RO         6535    i.create_friend_pdu  Mesh.lib(friend.o)
    0x000333d8   0x00000054   Code   RO         5964    i.create_mesh_task  Mesh.lib(mesh_queue.o)
    0x0003342c   0x00000052   Code   RO         3372    i.create_mod_app_status  Mesh.lib(cfg_srv.o)
    0x0003347e   0x0000002c   Code   RO         3960    i.create_net_nonce  Mesh.lib(crypto.o)
    0x000334aa   0x0000002c   Code   RO         3961    i.create_proxy_nonce  Mesh.lib(crypto.o)
    0x000334d6   0x00000002   PAD
    0x000334d8   0x000001f8   Code   RO         7938    i.ctl_recv          Mesh.lib(transport.o)
    0x000336d0   0x00000016   Code   RO          470    i.db_mesh_write_to_flash  ble_mesh_flash_oper.o
    0x000336e6   0x00000002   PAD
    0x000336e8   0x000000f0   Code   RO         3373    i.default_ttl_get   Mesh.lib(cfg_srv.o)
    0x000337d8   0x000001a0   Code   RO         3374    i.default_ttl_set   Mesh.lib(cfg_srv.o)
    0x00033978   0x00000178   Code   RO         3375    i.dev_comp_data_get  Mesh.lib(cfg_srv.o)
    0x00033af0   0x000000b0   Code   RO         6536    i.discard_buffer    Mesh.lib(friend.o)
    0x00033ba0   0x00000154   Code   RO         9235    i.double_jacobian_default  Mesh.lib(ecc.o)
    0x00033cf4   0x00000018   Code   RO         5509    i.dummy_access_cb   Mesh.lib(proxy.o)
    0x00033d0c   0x00000098   Code   RO         6537    i.encode_friend_ctl  Mesh.lib(friend.o)
    0x00033da4   0x00000064   Code   RO         7525    i.encode_mod_path   Mesh.lib(settings.o)
    0x00033e08   0x00000144   Code   RO         6538    i.encode_update     Mesh.lib(friend.o)
    0x00033f4c   0x0000002a   Code   RO         6539    i.enqueue_buf       Mesh.lib(friend.o)
    0x00033f76   0x00000002   PAD
    0x00033f78   0x00000140   Code   RO         6540    i.enqueue_friend_pdu  Mesh.lib(friend.o)
    0x000340b8   0x000000c0   Code   RO         6541    i.enqueue_offer     Mesh.lib(friend.o)
    0x00034178   0x00000108   Code   RO         6542    i.enqueue_sub_cfm   Mesh.lib(friend.o)
    0x00034280   0x00000054   Code   RO         6543    i.enqueue_update    Mesh.lib(friend.o)
    0x000342d4   0x000000c4   Code   RO          471    i.fast_switch_monitor  ble_mesh_flash_oper.o
    0x00034398   0x00000018   Code   RO          472    i.fast_switch_monitor_init  ble_mesh_flash_oper.o
    0x000343b0   0x00000020   Code   RO         4615    i.fault_clear       Mesh.lib(health_srv.o)
    0x000343d0   0x0000004c   Code   RO         4616    i.fault_get_cur     Mesh.lib(health_srv.o)
    0x0003441c   0x00000088   Code   RO         4617    i.fault_get_reg     Mesh.lib(health_srv.o)
    0x000344a4   0x00000014   Code   RO         4618    i.fault_test        Mesh.lib(health_srv.o)
    0x000344b8   0x00000054   Code   RO         5510    i.filter_add        Mesh.lib(proxy.o)
    0x0003450c   0x00000050   Code   RO         5511    i.filter_remove     Mesh.lib(proxy.o)
    0x0003455c   0x000000e4   Code   RO         5512    i.filter_set        Mesh.lib(proxy.o)
    0x00034640   0x00000024   Code   RO         5513    i.find_client       Mesh.lib(proxy.o)
    0x00034664   0x00000068   Code   RO         2066    i.find_op           Mesh.lib(access.o)
    0x000346cc   0x00000010   Code   RO            7    i.fputc             main.o
    0x000346dc   0x00000034   Code   RO         4962    i.free_segments     Mesh.lib(prov.o)
    0x00034710   0x00000078   Code   RO         6544    i.friend_buf_alloc  Mesh.lib(friend.o)
    0x00034788   0x000000cc   Code   RO         6545    i.friend_clear      Mesh.lib(friend.o)
    0x00034854   0x00000026   Code   RO         6546    i.friend_clear_sent  Mesh.lib(friend.o)
    0x0003487a   0x00000002   PAD
    0x0003487c   0x000000d0   Code   RO         6989    i.friend_clear_sent  Mesh.lib(lpn.o)
    0x0003494c   0x00000016   Code   RO         7240    i.friend_cred_clear  Mesh.lib(net.o)
    0x00034962   0x00000002   PAD
    0x00034964   0x00000114   Code   RO         7241    i.friend_cred_create  Mesh.lib(net.o)
    0x00034a78   0x00000038   Code   RO         7242    i.friend_cred_del   Mesh.lib(net.o)
    0x00034ab0   0x000000d4   Code   RO         7243    i.friend_cred_get   Mesh.lib(net.o)
    0x00034b84   0x00000038   Code   RO         7244    i.friend_cred_refresh  Mesh.lib(net.o)
    0x00034bbc   0x000001ec   Code   RO         7245    i.friend_cred_set   Mesh.lib(net.o)
    0x00034da8   0x0000007c   Code   RO         7246    i.friend_cred_update  Mesh.lib(net.o)
    0x00034e24   0x00000144   Code   RO         7247    i.friend_decrypt    Mesh.lib(net.o)
    0x00034f68   0x0000008c   Code   RO         3376    i.friend_get        Mesh.lib(cfg_srv.o)
    0x00034ff4   0x00000170   Code   RO         6547    i.friend_lpn_enqueue_rx  Mesh.lib(friend.o)
    0x00035164   0x0000014c   Code   RO         6548    i.friend_lpn_enqueue_tx  Mesh.lib(friend.o)
    0x000352b0   0x00000038   Code   RO         6549    i.friend_lpn_matches  Mesh.lib(friend.o)
    0x000352e8   0x00000064   Code   RO         6990    i.friend_poll_sent_end  Mesh.lib(lpn.o)
    0x0003534c   0x000000ec   Code   RO         6550    i.friend_purge_old_ack  Mesh.lib(friend.o)
    0x00035438   0x00000064   Code   RO         6551    i.friend_recv_delay  Mesh.lib(friend.o)
    0x0003549c   0x0000005c   Code   RO         6991    i.friend_req_end    Mesh.lib(lpn.o)
    0x000354f8   0x00000064   Code   RO         6992    i.friend_req_sent   Mesh.lib(lpn.o)
    0x0003555c   0x0000007c   Code   RO         6993    i.friend_response_received  Mesh.lib(lpn.o)
    0x000355d8   0x000001a8   Code   RO         3377    i.friend_set        Mesh.lib(cfg_srv.o)
    0x00035780   0x000001cc   Code   RO         6552    i.friend_timeout    Mesh.lib(friend.o)
    0x0003594c   0x0000000c   Code   RO         5514    i.gatt_con_state    Mesh.lib(proxy.o)
    0x00035958   0x000000e0   Code   RO         5515    i.gatt_prov_adv_create  Mesh.lib(proxy.o)
    0x00035a38   0x000000e0   Code   RO         5516    i.gatt_proxy_adv_create  Mesh.lib(proxy.o)
    0x00035b18   0x00000254   Code   RO         5517    i.gatt_proxy_advertise  Mesh.lib(proxy.o)
    0x00035d6c   0x0000008c   Code   RO         3378    i.gatt_proxy_get    Mesh.lib(cfg_srv.o)
    0x00035df8   0x000001e8   Code   RO         3379    i.gatt_proxy_set    Mesh.lib(cfg_srv.o)
    0x00035fe0   0x00000068   Code   RO         4963    i.gen_prov_ack      Mesh.lib(prov.o)
    0x00036048   0x00000090   Code   RO         4964    i.gen_prov_ack_send  Mesh.lib(prov.o)
    0x000360d8   0x00000200   Code   RO         4965    i.gen_prov_cont     Mesh.lib(prov.o)
    0x000362d8   0x00000124   Code   RO         4966    i.gen_prov_ctl      Mesh.lib(prov.o)
    0x000363fc   0x00000110   Code   RO         4967    i.gen_prov_recv     Mesh.lib(prov.o)
    0x0003650c   0x0000022c   Code   RO         4968    i.gen_prov_start    Mesh.lib(prov.o)
    0x00036738   0x00000104   Code   RO         4969    i.gen_send_pub_key  Mesh.lib(prov.o)
    0x0003683c   0x0000000c   Code   RO         5965    i.get_aes_result    Mesh.lib(mesh_queue.o)
    0x00036848   0x0000000a   Code   RO         8367    i.get_be16          Mesh.lib(endian.o)
    0x00036852   0x00000016   Code   RO         8368    i.get_be32          Mesh.lib(endian.o)
    0x00036868   0x0000000c   Code   RO         5966    i.get_ccm_result    Mesh.lib(mesh_queue.o)
    0x00036874   0x00000028   Code   RO         4619    i.get_faults        Mesh.lib(health_srv.o)
    0x0003689c   0x00000074   Code   RO         2067    i.get_index_in_elems  Mesh.lib(access.o)
    0x00036910   0x0000000a   Code   RO         8370    i.get_le16          Mesh.lib(endian.o)
    0x0003691a   0x00000002   PAD
    0x0003691c   0x000000d4   Code   RO         3380    i.get_model         Mesh.lib(cfg_srv.o)
    0x000369f0   0x000000ec   Code   RO         2068    i.get_opcode        Mesh.lib(access.o)
    0x00036adc   0x00000010   Code   RO         4972    i.get_provlink_id   Mesh.lib(prov.o)
    0x00036aec   0x00000028   Code   RO         6430    i.gf_double         Mesh.lib(cmac_mode.o)
    0x00036b14   0x0000001c   Code   RO         3381    i.hb_log            Mesh.lib(cfg_srv.o)
    0x00036b30   0x0000004c   Code   RO         3382    i.hb_pub_disable    Mesh.lib(cfg_srv.o)
    0x00036b7c   0x00000160   Code   RO         3383    i.hb_pub_send_status  Mesh.lib(cfg_srv.o)
    0x00036cdc   0x00000164   Code   RO         7526    i.hb_pub_set        Mesh.lib(settings.o)
    0x00036e40   0x000000c8   Code   RO         3384    i.hb_publish        Mesh.lib(cfg_srv.o)
    0x00036f08   0x0000001c   Code   RO         3385    i.hb_pwr2           Mesh.lib(cfg_srv.o)
    0x00036f24   0x000000f8   Code   RO         3386    i.hb_send           Mesh.lib(cfg_srv.o)
    0x0003701c   0x00000160   Code   RO         3387    i.hb_sub_send_status  Mesh.lib(cfg_srv.o)
    0x0003717c   0x00000068   Code   RO         5967    i.hci_cmds_put      Mesh.lib(mesh_queue.o)
    0x000371e4   0x000000cc   Code   RO         4620    i.health_fault_clear  Mesh.lib(health_srv.o)
    0x000372b0   0x00000064   Code   RO         4621    i.health_fault_clear_unrel  Mesh.lib(health_srv.o)
    0x00037314   0x000000b8   Code   RO         4622    i.health_fault_get  Mesh.lib(health_srv.o)
    0x000373cc   0x00000144   Code   RO         4623    i.health_fault_test  Mesh.lib(health_srv.o)
    0x00037510   0x00000080   Code   RO         4624    i.health_fault_test_unrel  Mesh.lib(health_srv.o)
    0x00037590   0x00000100   Code   RO         4625    i.health_get_current  Mesh.lib(health_srv.o)
    0x00037690   0x00000118   Code   RO         4626    i.health_get_registered  Mesh.lib(health_srv.o)
    0x000377a8   0x00000040   Code   RO         4627    i.health_period_get  Mesh.lib(health_srv.o)
    0x000377e8   0x0000004c   Code   RO         4628    i.health_period_set  Mesh.lib(health_srv.o)
    0x00037834   0x00000090   Code   RO         4629    i.health_period_set_unrel  Mesh.lib(health_srv.o)
    0x000378c4   0x00000048   Code   RO         4630    i.health_pub_update  Mesh.lib(health_srv.o)
    0x0003790c   0x0000004c   Code   RO         3388    i.heartbeat_pub_get  Mesh.lib(cfg_srv.o)
    0x00037958   0x00000184   Code   RO         3389    i.heartbeat_pub_set  Mesh.lib(cfg_srv.o)
    0x00037adc   0x0000004c   Code   RO         3390    i.heartbeat_sub_get  Mesh.lib(cfg_srv.o)
    0x00037b28   0x00000260   Code   RO         3391    i.heartbeat_sub_set  Mesh.lib(cfg_srv.o)
    0x00037d88   0x00000010   Code   RO         6286    i.in_isr            Mesh.lib(npl_os_freertos.o)
    0x00037d98   0x00000020   Code   RO          752    i.init              eflash.o
    0x00037db8   0x00000010   Code   RO          238    i.init_ota_service  profile.o
    0x00037dc8   0x00000024   Code   RO          473    i.initial_fac_conf  ble_mesh_flash_oper.o
    0x00037dec   0x00000018   Code   RO         4973    i.is_pb_gatt        Mesh.lib(prov.o)
    0x00037e04   0x0000000c   Code   RO         5849    i.is_provisioned_poweron  Mesh.lib(info2ram.o)
    0x00037e10   0x00000134   Code   RO         7527    i.iv_set            Mesh.lib(settings.o)
    0x00037f44   0x000000d8   Code   RO         7248    i.ivu_refresh       Mesh.lib(net.o)
    0x0003801c   0x00000004   Code   RO         4207    i.k_delayed_work_add_arg  Mesh.lib(glue.o)
    0x00038020   0x00000016   Code   RO         4208    i.k_delayed_work_cancel  Mesh.lib(glue.o)
    0x00038036   0x0000001a   Code   RO         4209    i.k_delayed_work_init  Mesh.lib(glue.o)
    0x00038050   0x00000026   Code   RO         4210    i.k_delayed_work_remaining_get  Mesh.lib(glue.o)
    0x00038076   0x0000001c   Code   RO         4211    i.k_delayed_work_submit  Mesh.lib(glue.o)
    0x00038092   0x00000018   Code   RO         3962    i.k_sem_take        Mesh.lib(crypto.o)
    0x000380aa   0x00000018   Code   RO         6431    i.k_sem_take        Mesh.lib(cmac_mode.o)
    0x000380c2   0x0000000e   Code   RO         4213    i.k_sleep           Mesh.lib(glue.o)
    0x000380d0   0x00000014   Code   RO         4214    i.k_uptime_get      Mesh.lib(glue.o)
    0x000380e4   0x00000012   Code   RO         4215    i.k_uptime_get_32   Mesh.lib(glue.o)
    0x000380f6   0x00000004   Code   RO         4216    i.k_work_add_arg    Mesh.lib(glue.o)
    0x000380fa   0x00000002   PAD
    0x000380fc   0x00000030   Code   RO         4217    i.k_work_init       Mesh.lib(glue.o)
    0x0003812c   0x00000006   Code   RO         4218    i.k_work_submit     Mesh.lib(glue.o)
    0x00038132   0x00000022   Code   RO         3392    i.key_idx_pack      Mesh.lib(cfg_srv.o)
    0x00038154   0x0000002c   Code   RO         3393    i.key_idx_unpack    Mesh.lib(cfg_srv.o)
    0x00038180   0x0000003c   Code   RO         7528    i.key_update_find   Mesh.lib(settings.o)
    0x000381bc   0x0000009c   Code   RO         3394    i.krp_get           Mesh.lib(cfg_srv.o)
    0x00038258   0x00000184   Code   RO         3395    i.krp_set           Mesh.lib(cfg_srv.o)
    0x000383dc   0x00000048   Code   RO         4219    i.le_adv_status_reset  Mesh.lib(glue.o)
    0x00038424   0x000000a4   Code   RO         4974    i.link_ack          Mesh.lib(prov.o)
    0x000384c8   0x00000204   Code   RO         4975    i.link_open         Mesh.lib(prov.o)
    0x000386cc   0x0000009c   Code   RO         6994    i.lpn_group_add     Mesh.lib(lpn.o)
    0x00038768   0x000001e0   Code   RO         6995    i.lpn_timeout       Mesh.lib(lpn.o)
    0x00038948   0x00000174   Code   RO         3396    i.lpn_timeout_get   Mesh.lib(cfg_srv.o)
    0x00038abc   0x00000032   Code   RO         9131    i.mem_init_mbuf_pool  Mesh.lib(mem.o)
    0x00038aee   0x00000002   PAD
    0x00038af0   0x00000040   Code   RO         2488    i.mesh_adv_thread   Mesh.lib(adv.o)
    0x00038b30   0x000001cc   Code   RO         2069    i.mesh_app_start    Mesh.lib(access.o)
    0x00038cfc   0x00000190   Code   RO         7529    i.mesh_commit       Mesh.lib(settings.o)
    0x00038e8c   0x0000000c   Code   RO         3398    i.mesh_feature_set  Mesh.lib(cfg_srv.o)
    0x00038e98   0x000000b4   Code   RO         1721    i.mesh_init0        mesh_srv.o
    0x00038f4c   0x00000012   Code   RO         1722    i.mesh_main         mesh_srv.o
    0x00038f5e   0x00000002   PAD
    0x00038f60   0x0000002c   Code   RO         5969    i.mesh_memory_init  Mesh.lib(mesh_queue.o)
    0x00038f8c   0x00000028   Code   RO         5970    i.mesh_memory_pool_create  Mesh.lib(mesh_queue.o)
    0x00038fb4   0x00000060   Code   RO         5971    i.mesh_memory_pool_free  Mesh.lib(mesh_queue.o)
    0x00039014   0x00000010   Code   RO         5972    i.mesh_memory_pool_get  Mesh.lib(mesh_queue.o)
    0x00039024   0x0000009c   Code   RO         4976    i.mesh_platform_config  Mesh.lib(prov.o)
    0x000390c0   0x00000080   Code   RO          609    i.mesh_platform_setup  ble_mesh_app.o
    0x00039140   0x00000090   Code   RO         1726    i.mesh_service_trigger  mesh_srv.o
    0x000391d0   0x000000e0   Code   RO         7530    i.mesh_set          Mesh.lib(settings.o)
    0x000392b0   0x0000000c   Code   RO         5518    i.mesh_set_dev_name  Mesh.lib(proxy.o)
    0x000392bc   0x00000080   Code   RO         2489    i.mesh_set_white_list  Mesh.lib(adv.o)
    0x0003933c   0x00000060   Code   RO         1727    i.mesh_setup        mesh_srv.o
    0x0003939c   0x00000050   Code   RO         1728    i.mesh_srv_restart  mesh_srv.o
    0x000393ec   0x00000028   Code   RO         5973    i.mesh_start_advertising  Mesh.lib(mesh_queue.o)
    0x00039414   0x00000034   Code   RO         5974    i.mesh_task         Mesh.lib(mesh_queue.o)
    0x00039448   0x00000006   Code   RO         5975    i.mesh_thread       Mesh.lib(mesh_queue.o)
    0x0003944e   0x0000001a   Code   RO         5976    i.mesh_timerque_dispose  Mesh.lib(mesh_queue.o)
    0x00039468   0x00000014   Code   RO         1729    i.mesh_trace_config  mesh_srv.o
    0x0003947c   0x000001b4   Code   RO         5977    i.meshque_msg_dispose  Mesh.lib(mesh_queue.o)
    0x00039630   0x000000ec   Code   RO         2960    i.mod_app_bind      Mesh.lib(cfg_cli.o)
    0x0003971c   0x00000198   Code   RO         3399    i.mod_app_bind      Mesh.lib(cfg_srv.o)
    0x000398b4   0x0000017c   Code   RO         3400    i.mod_app_get       Mesh.lib(cfg_srv.o)
    0x00039a30   0x00000158   Code   RO         3401    i.mod_app_unbind    Mesh.lib(cfg_srv.o)
    0x00039b88   0x0000009c   Code   RO         3402    i.mod_bind          Mesh.lib(cfg_srv.o)
    0x00039c24   0x00000098   Code   RO         2070    i.mod_init          Mesh.lib(access.o)
    0x00039cbc   0x000000ec   Code   RO         3403    i.mod_pub_get       Mesh.lib(cfg_srv.o)
    0x00039da8   0x00000230   Code   RO         3404    i.mod_pub_set       Mesh.lib(cfg_srv.o)
    0x00039fd8   0x00000254   Code   RO         3405    i.mod_pub_va_set    Mesh.lib(cfg_srv.o)
    0x0003a22c   0x00000160   Code   RO         2071    i.mod_publish       Mesh.lib(access.o)
    0x0003a38c   0x00000012   Code   RO         3406    i.mod_reset         Mesh.lib(cfg_srv.o)
    0x0003a39e   0x00000002   PAD
    0x0003a3a0   0x00000160   Code   RO         7531    i.mod_set           Mesh.lib(settings.o)
    0x0003a500   0x000000cc   Code   RO         7532    i.mod_set_bind      Mesh.lib(settings.o)
    0x0003a5cc   0x000001b0   Code   RO         7533    i.mod_set_pub       Mesh.lib(settings.o)
    0x0003a77c   0x000000d8   Code   RO         7534    i.mod_set_sub       Mesh.lib(settings.o)
    0x0003a854   0x0000014c   Code   RO         3407    i.mod_sub_add       Mesh.lib(cfg_srv.o)
    0x0003a9a0   0x00000134   Code   RO         3408    i.mod_sub_del       Mesh.lib(cfg_srv.o)
    0x0003aad4   0x000000f8   Code   RO         3409    i.mod_sub_del_all   Mesh.lib(cfg_srv.o)
    0x0003abcc   0x00000164   Code   RO         3410    i.mod_sub_get       Mesh.lib(cfg_srv.o)
    0x0003ad30   0x0000019c   Code   RO         3411    i.mod_sub_get_vnd   Mesh.lib(cfg_srv.o)
    0x0003aecc   0x0000005c   Code   RO         3412    i.mod_sub_list_clear  Mesh.lib(cfg_srv.o)
    0x0003af28   0x0000013c   Code   RO         3413    i.mod_sub_overwrite  Mesh.lib(cfg_srv.o)
    0x0003b064   0x0000014c   Code   RO         3414    i.mod_sub_va_add    Mesh.lib(cfg_srv.o)
    0x0003b1b0   0x00000130   Code   RO         3415    i.mod_sub_va_del    Mesh.lib(cfg_srv.o)
    0x0003b2e0   0x00000168   Code   RO         3416    i.mod_sub_va_overwrite  Mesh.lib(cfg_srv.o)
    0x0003b448   0x000000b8   Code   RO         3417    i.mod_unbind        Mesh.lib(cfg_srv.o)
    0x0003b500   0x00000088   Code   RO         2072    i.model_has_key     Mesh.lib(access.o)
    0x0003b588   0x00000044   Code   RO          610    i.model_init        ble_mesh_app.o
    0x0003b5cc   0x000001b0   Code   RO         2073    i.model_send        Mesh.lib(access.o)
    0x0003b77c   0x00000004   Code   RO         2074    i.modlog_dummy      Mesh.lib(access.o)
    0x0003b780   0x00000004   Code   RO         2490    i.modlog_dummy      Mesh.lib(adv.o)
    0x0003b784   0x00000004   Code   RO         2760    i.modlog_dummy      Mesh.lib(beacon.o)
    0x0003b788   0x00000004   Code   RO         2968    i.modlog_dummy      Mesh.lib(cfg_cli.o)
    0x0003b78c   0x00000004   Code   RO         3418    i.modlog_dummy      Mesh.lib(cfg_srv.o)
    0x0003b790   0x00000004   Code   RO         3963    i.modlog_dummy      Mesh.lib(crypto.o)
    0x0003b794   0x00000004   Code   RO         4631    i.modlog_dummy      Mesh.lib(health_srv.o)
    0x0003b798   0x00000004   Code   RO         4819    i.modlog_dummy      Mesh.lib(mesh.o)
    0x0003b79c   0x00000004   Code   RO         4978    i.modlog_dummy      Mesh.lib(prov.o)
    0x0003b7a0   0x00000004   Code   RO         5519    i.modlog_dummy      Mesh.lib(proxy.o)
    0x0003b7a4   0x00000004   Code   RO         6553    i.modlog_dummy      Mesh.lib(friend.o)
    0x0003b7a8   0x00000004   Code   RO         6823    i.modlog_dummy      Mesh.lib(health_cli.o)
    0x0003b7ac   0x00000004   Code   RO         6996    i.modlog_dummy      Mesh.lib(lpn.o)
    0x0003b7b0   0x00000004   Code   RO         7249    i.modlog_dummy      Mesh.lib(net.o)
    0x0003b7b4   0x00000004   Code   RO         7535    i.modlog_dummy      Mesh.lib(settings.o)
    0x0003b7b8   0x00000004   Code   RO         7939    i.modlog_dummy      Mesh.lib(transport.o)
    0x0003b7bc   0x00000004   Code   RO         8294    i.modlog_dummy      Mesh.lib(nodes.o)
    0x0003b7c0   0x00000060   Code   RO         7250    i.msg_cache_match   Mesh.lib(net.o)
    0x0003b820   0x00000030   Code   RO         9236    i.muladd            Mesh.lib(ecc.o)
    0x0003b850   0x0000001e   Code   RO         4222    i.net_buf_put       Mesh.lib(glue.o)
    0x0003b86e   0x00000010   Code   RO         4223    i.net_buf_ref       Mesh.lib(glue.o)
    0x0003b87e   0x00000012   Code   RO         4224    i.net_buf_reserve   Mesh.lib(glue.o)
    0x0003b890   0x00000004   Code   RO         4225    i.net_buf_simple_add  Mesh.lib(glue.o)
    0x0003b894   0x00000016   Code   RO         4226    i.net_buf_simple_add_be16  Mesh.lib(glue.o)
    0x0003b8aa   0x00000012   Code   RO         4227    i.net_buf_simple_add_be32  Mesh.lib(glue.o)
    0x0003b8bc   0x0000000c   Code   RO         4228    i.net_buf_simple_add_le16  Mesh.lib(glue.o)
    0x0003b8c8   0x0000000c   Code   RO         4230    i.net_buf_simple_add_u8  Mesh.lib(glue.o)
    0x0003b8d4   0x00000010   Code   RO         2075    i.net_buf_simple_init  Mesh.lib(access.o)
    0x0003b8e4   0x00000010   Code   RO         4979    i.net_buf_simple_init  Mesh.lib(prov.o)
    0x0003b8f4   0x00000010   Code   RO         5520    i.net_buf_simple_init  Mesh.lib(proxy.o)
    0x0003b904   0x00000010   Code   RO         6554    i.net_buf_simple_init  Mesh.lib(friend.o)
    0x0003b914   0x00000010   Code   RO         7940    i.net_buf_simple_init  Mesh.lib(transport.o)
    0x0003b924   0x0000000c   Code   RO         4231    i.net_buf_simple_pull  Mesh.lib(glue.o)
    0x0003b930   0x00000028   Code   RO         4232    i.net_buf_simple_pull_be16  Mesh.lib(glue.o)
    0x0003b958   0x00000028   Code   RO         4233    i.net_buf_simple_pull_be32  Mesh.lib(glue.o)
    0x0003b980   0x00000028   Code   RO         4234    i.net_buf_simple_pull_le16  Mesh.lib(glue.o)
    0x0003b9a8   0x00000020   Code   RO         4236    i.net_buf_simple_pull_u8  Mesh.lib(glue.o)
    0x0003b9c8   0x00000024   Code   RO         4237    i.net_buf_simple_push  Mesh.lib(glue.o)
    0x0003b9ec   0x00000034   Code   RO         4238    i.net_buf_simple_push_be16  Mesh.lib(glue.o)
    0x0003ba20   0x00000030   Code   RO         4240    i.net_buf_simple_push_u8  Mesh.lib(glue.o)
    0x0003ba50   0x00000014   Code   RO         7941    i.net_buf_simple_restore  Mesh.lib(transport.o)
    0x0003ba64   0x00000012   Code   RO         7942    i.net_buf_simple_save  Mesh.lib(transport.o)
    0x0003ba76   0x00000028   Code   RO         4241    i.net_buf_slist_get  Mesh.lib(glue.o)
    0x0003ba9e   0x00000008   Code   RO         4242    i.net_buf_slist_init  Mesh.lib(glue.o)
    0x0003baa6   0x0000000c   Code   RO         4243    i.net_buf_slist_is_empty  Mesh.lib(glue.o)
    0x0003bab2   0x0000001c   Code   RO         4244    i.net_buf_slist_merge_slist  Mesh.lib(glue.o)
    0x0003bace   0x0000000a   Code   RO         4245    i.net_buf_slist_peek_head  Mesh.lib(glue.o)
    0x0003bad8   0x0000000a   Code   RO         4246    i.net_buf_slist_peek_next  Mesh.lib(glue.o)
    0x0003bae2   0x00000010   Code   RO         4247    i.net_buf_slist_put  Mesh.lib(glue.o)
    0x0003baf2   0x0000003a   Code   RO         4248    i.net_buf_slist_remove  Mesh.lib(glue.o)
    0x0003bb2c   0x00000018   Code   RO         4249    i.net_buf_unref     Mesh.lib(glue.o)
    0x0003bb44   0x00000218   Code   RO         7251    i.net_decrypt       Mesh.lib(net.o)
    0x0003bd5c   0x00000198   Code   RO         7252    i.net_find_and_decrypt  Mesh.lib(net.o)
    0x0003bef4   0x00000108   Code   RO         5521    i.net_id_adv        Mesh.lib(proxy.o)
    0x0003bffc   0x00000168   Code   RO         3419    i.net_key_add       Mesh.lib(cfg_srv.o)
    0x0003c164   0x000000a4   Code   RO         3420    i.net_key_del       Mesh.lib(cfg_srv.o)
    0x0003c208   0x000000a8   Code   RO         3421    i.net_key_get       Mesh.lib(cfg_srv.o)
    0x0003c2b0   0x000002f8   Code   RO         7536    i.net_key_set       Mesh.lib(settings.o)
    0x0003c5a8   0x0000014c   Code   RO         3422    i.net_key_update    Mesh.lib(cfg_srv.o)
    0x0003c6f4   0x00000154   Code   RO         7537    i.net_set           Mesh.lib(settings.o)
    0x0003c848   0x000000f4   Code   RO         3423    i.net_transmit_get  Mesh.lib(cfg_srv.o)
    0x0003c93c   0x000001a8   Code   RO         3424    i.net_transmit_set  Mesh.lib(cfg_srv.o)
    0x0003cae4   0x000000b8   Code   RO         2076    i.next_period       Mesh.lib(access.o)
    0x0003cb9c   0x0000004c   Code   RO         5522    i.next_sub          Mesh.lib(proxy.o)
    0x0003cbe8   0x00000008   Code   RO         6202    i.nimble_port_get_dflt_eventq  Mesh.lib(nimble_port.o)
    0x0003cbf0   0x0000001c   Code   RO         6203    i.nimble_port_init  Mesh.lib(nimble_port.o)
    0x0003cc0c   0x000001d8   Code   RO         5523    i.node_id_adv       Mesh.lib(proxy.o)
    0x0003cde4   0x00000150   Code   RO         3425    i.node_identity_get  Mesh.lib(cfg_srv.o)
    0x0003cf34   0x00000220   Code   RO         3426    i.node_identity_set  Mesh.lib(cfg_srv.o)
    0x0003d154   0x000000ec   Code   RO         3427    i.node_reset        Mesh.lib(cfg_srv.o)
    0x0003d240   0x00000006   Code   RO         3428    i.node_reset_after  Mesh.lib(cfg_srv.o)
    0x0003d246   0x00000002   PAD
    0x0003d248   0x000001e8   Code   RO         7538    i.node_set          Mesh.lib(settings.o)
    0x0003d430   0x0000002c   Code   RO         7539    i.node_update_find  Mesh.lib(settings.o)
    0x0003d45c   0x0000003c   Code   RO         6287    i.npl_freertos_callout_init  Mesh.lib(npl_os_freertos.o)
    0x0003d498   0x00000016   Code   RO         6288    i.npl_freertos_callout_remaining_ticks  Mesh.lib(npl_os_freertos.o)
    0x0003d4ae   0x00000002   PAD
    0x0003d4b0   0x0000009c   Code   RO         6289    i.npl_freertos_callout_reset  Mesh.lib(npl_os_freertos.o)
    0x0003d54c   0x00000054   Code   RO         6290    i.npl_freertos_eventq_get  Mesh.lib(npl_os_freertos.o)
    0x0003d5a0   0x00000070   Code   RO         6291    i.npl_freertos_eventq_put  Mesh.lib(npl_os_freertos.o)
    0x0003d610   0x0000001c   Code   RO         6296    i.npl_freertos_sem_init  Mesh.lib(npl_os_freertos.o)
    0x0003d62c   0x00000054   Code   RO         6297    i.npl_freertos_sem_pend  Mesh.lib(npl_os_freertos.o)
    0x0003d680   0x00000028   Code   RO         6299    i.npl_freertos_time_ms_to_ticks  Mesh.lib(npl_os_freertos.o)
    0x0003d6a8   0x000000b4   Code   RO         6555    i.offer_delay       Mesh.lib(friend.o)
    0x0003d75c   0x00000028   Code   RO         6301    i.os_callout_timer_cb  Mesh.lib(npl_os_freertos.o)
    0x0003d784   0x00000098   Code   RO         8469    i.os_mbuf_adj       Mesh.lib(os_mbuf.o)
    0x0003d81c   0x00000098   Code   RO         8470    i.os_mbuf_append    Mesh.lib(os_mbuf.o)
    0x0003d8b4   0x00000050   Code   RO         8478    i.os_mbuf_extend    Mesh.lib(os_mbuf.o)
    0x0003d904   0x00000018   Code   RO         8479    i.os_mbuf_free      Mesh.lib(os_mbuf.o)
    0x0003d91c   0x00000016   Code   RO         8480    i.os_mbuf_free_chain  Mesh.lib(os_mbuf.o)
    0x0003d932   0x0000002c   Code   RO         8481    i.os_mbuf_get       Mesh.lib(os_mbuf.o)
    0x0003d95e   0x00000030   Code   RO         8482    i.os_mbuf_get_pkthdr  Mesh.lib(os_mbuf.o)
    0x0003d98e   0x0000000a   Code   RO         8484    i.os_mbuf_pool_init  Mesh.lib(os_mbuf.o)
    0x0003d998   0x000000cc   Code   RO         8487    i.os_mbuf_pullup    Mesh.lib(os_mbuf.o)
    0x0003da64   0x0000002e   Code   RO         8687    i.os_memblock_get   Mesh.lib(os_mempool.o)
    0x0003da92   0x00000024   Code   RO         8688    i.os_memblock_put   Mesh.lib(os_mempool.o)
    0x0003dab6   0x0000001e   Code   RO         8689    i.os_memblock_put_from_cb  Mesh.lib(os_mempool.o)
    0x0003dad4   0x00000064   Code   RO         8693    i.os_mempool_init   Mesh.lib(os_mempool.o)
    0x0003db38   0x00000018   Code   RO         8493    i.os_msys_get       Mesh.lib(os_mbuf.o)
    0x0003db50   0x00000040   Code   RO         8763    i.os_msys_init      Mesh.lib(os_msys_init.o)
    0x0003db90   0x0000003c   Code   RO         8496    i.os_msys_register  Mesh.lib(os_mbuf.o)
    0x0003dbcc   0x00000010   Code   RO         8497    i.os_msys_reset     Mesh.lib(os_mbuf.o)
    0x0003dbdc   0x00000078   Code   RO         1447    i.ota_init_service  ota_service.o
    0x0003dc54   0x00000040   Code   RO         1448    i.ota_read_callback  ota_service.o
    0x0003dc94   0x0000021c   Code   RO         1449    i.ota_write_callback  ota_service.o
    0x0003deb0   0x00000148   Code   RO         5851    i.parse_path2index_new  Mesh.lib(info2ram.o)
    0x0003dff8   0x00000056   Code   RO          553    i.peripherals_config_uart  chip_peripherals.o
    0x0003e04e   0x00000002   PAD
    0x0003e050   0x0000004c   Code   RO          554    i.peripherals_config_uart_user  chip_peripherals.o
    0x0003e09c   0x0000003c   Code   RO          555    i.peripherals_gpio_isr  chip_peripherals.o
    0x0003e0d8   0x0000004e   Code   RO          556    i.peripherals_setup  chip_peripherals.o
    0x0003e126   0x00000002   PAD
    0x0003e128   0x0000008c   Code   RO         6997    i.poll_timeout      Mesh.lib(lpn.o)
    0x0003e1b4   0x00000016   Code   RO          753    i.program_flash     eflash.o
    0x0003e1ca   0x0000009c   Code   RO          754    i.program_flash0    eflash.o
    0x0003e266   0x00000002   PAD
    0x0003e268   0x0000007c   Code   RO         4981    i.protocol_timeout  Mesh.lib(prov.o)
    0x0003e2e4   0x000001a0   Code   RO         4982    i.prov_auth         Mesh.lib(prov.o)
    0x0003e484   0x00000098   Code   RO         4983    i.prov_authen_TMO   Mesh.lib(prov.o)
    0x0003e51c   0x00000018   Code   RO         4984    i.prov_buf_init     Mesh.lib(prov.o)
    0x0003e534   0x00000230   Code   RO         4985    i.prov_capabilities  Mesh.lib(prov.o)
    0x0003e764   0x00000088   Code   RO         5524    i.prov_ccc_write    Mesh.lib(proxy.o)
    0x0003e7ec   0x00000040   Code   RO         4986    i.prov_clear_tx     Mesh.lib(prov.o)
    0x0003e82c   0x0000006c   Code   RO          611    i.prov_complete     ble_mesh_app.o
    0x0003e898   0x000000c4   Code   RO         4987    i.prov_complete     Mesh.lib(prov.o)
    0x0003e95c   0x0000012c   Code   RO         4988    i.prov_confirm      Mesh.lib(prov.o)
    0x0003ea88   0x000002e0   Code   RO         4989    i.prov_data         Mesh.lib(prov.o)
    0x0003ed68   0x000000f0   Code   RO         4990    i.prov_dh_key_cb    Mesh.lib(prov.o)
    0x0003ee58   0x0000009c   Code   RO         4991    i.prov_failed       Mesh.lib(prov.o)
    0x0003eef4   0x00000030   Code   RO         4992    i.prov_input_complete  Mesh.lib(prov.o)
    0x0003ef24   0x0000013c   Code   RO         4993    i.prov_invite       Mesh.lib(prov.o)
    0x0003f060   0x000001b8   Code   RO         4994    i.prov_msg_recv     Mesh.lib(prov.o)
    0x0003f218   0x0000014c   Code   RO         4995    i.prov_pub_key      Mesh.lib(prov.o)
    0x0003f364   0x000002e8   Code   RO         4996    i.prov_random       Mesh.lib(prov.o)
    0x0003f64c   0x00000024   Code   RO          612    i.prov_reset        ble_mesh_app.o
    0x0003f670   0x0000019c   Code   RO         4997    i.prov_retransmit   Mesh.lib(prov.o)
    0x0003f80c   0x00000048   Code   RO         4998    i.prov_send         Mesh.lib(prov.o)
    0x0003f854   0x00000224   Code   RO         4999    i.prov_send_adv     Mesh.lib(prov.o)
    0x0003fa78   0x00000038   Code   RO         5000    i.prov_send_fail_msg  Mesh.lib(prov.o)
    0x0003fab0   0x000001b4   Code   RO         5001    i.prov_start        Mesh.lib(prov.o)
    0x0003fc64   0x000000a8   Code   RO         5002    i.prov_whitelist_remove  Mesh.lib(prov.o)
    0x0003fd0c   0x00000094   Code   RO         5525    i.proxy_ccc_write   Mesh.lib(proxy.o)
    0x0003fda0   0x00000184   Code   RO         5526    i.proxy_cfg         Mesh.lib(proxy.o)
    0x0003ff24   0x0000013c   Code   RO         5527    i.proxy_complete_pdu  Mesh.lib(proxy.o)
    0x00040060   0x000000d0   Code   RO         5528    i.proxy_connected   Mesh.lib(proxy.o)
    0x00040130   0x00000090   Code   RO         5529    i.proxy_disconnected  Mesh.lib(proxy.o)
    0x000401c0   0x00000414   Code   RO         5530    i.proxy_recv        Mesh.lib(proxy.o)
    0x000405d4   0x000000fc   Code   RO         5531    i.proxy_segment_and_send  Mesh.lib(proxy.o)
    0x000406d0   0x000000c0   Code   RO         5532    i.proxy_send        Mesh.lib(proxy.o)
    0x00040790   0x0000003c   Code   RO         5533    i.proxy_send_beacons  Mesh.lib(proxy.o)
    0x000407cc   0x00000074   Code   RO         5978    i.proxy_service_adv_sent  Mesh.lib(mesh_queue.o)
    0x00040840   0x000000a0   Code   RO         5003    i.pub_key_ready     Mesh.lib(prov.o)
    0x000408e0   0x00000098   Code   RO         5004    i.pub_key_ready_for_next  Mesh.lib(prov.o)
    0x00040978   0x0000004c   Code   RO         5005    i.pubkey_reproduce  Mesh.lib(prov.o)
    0x000409c4   0x000000b8   Code   RO         2077    i.publish_retransmit  Mesh.lib(access.o)
    0x00040a7c   0x000000a8   Code   RO         2078    i.publish_sent      Mesh.lib(access.o)
    0x00040b24   0x00000008   Code   RO         8373    i.put_be16          Mesh.lib(endian.o)
    0x00040b2c   0x00000010   Code   RO         8374    i.put_be32          Mesh.lib(endian.o)
    0x00040b3c   0x00000008   Code   RO         8376    i.put_le16          Mesh.lib(endian.o)
    0x00040b44   0x00000016   Code   RO          475    i.read_mesh_from_flash  ble_mesh_flash_oper.o
    0x00040b5a   0x00000058   Code   RO         9237    i.regularize_k      Mesh.lib(ecc.o)
    0x00040bb2   0x00000002   PAD
    0x00040bb4   0x00000100   Code   RO         3429    i.relay_get         Mesh.lib(cfg_srv.o)
    0x00040cb4   0x00000258   Code   RO         3430    i.relay_set         Mesh.lib(cfg_srv.o)
    0x00040f0c   0x00000004   Code   RO         7253    i.relay_stop        Mesh.lib(net.o)
    0x00040f10   0x00000068   Code   RO         6998    i.req_sent          Mesh.lib(lpn.o)
    0x00040f78   0x0000001c   Code   RO         4250    i.reset_adv_param   Mesh.lib(glue.o)
    0x00040f94   0x00000010   Code   RO         1731    i.reset_con_handle  mesh_srv.o
    0x00040fa4   0x00000074   Code   RO         5006    i.reset_link        Mesh.lib(prov.o)
    0x00041018   0x0000021c   Code   RO         7540    i.rpl_set           Mesh.lib(settings.o)
    0x00041234   0x000000b8   Code   RO         9068    i.save_binary_value  Mesh.lib(config_store.o)
    0x000412ec   0x000000b8   Code   RO         7541    i.schedule_store    Mesh.lib(settings.o)
    0x000413a4   0x00000394   Code   RO         7943    i.sdu_recv          Mesh.lib(transport.o)
    0x00041738   0x000002d8   Code   RO         2761    i.secure_beacon_recv  Mesh.lib(beacon.o)
    0x00041a10   0x0000013c   Code   RO         2762    i.secure_beacon_send  Mesh.lib(beacon.o)
    0x00041b4c   0x000000bc   Code   RO         7944    i.seg_ack           Mesh.lib(transport.o)
    0x00041c08   0x00000012   Code   RO         7945    i.seg_first_send_start  Mesh.lib(transport.o)
    0x00041c1a   0x0000000a   Code   RO         7946    i.seg_len           Mesh.lib(transport.o)
    0x00041c24   0x00000006   Code   RO         7947    i.seg_retransmit    Mesh.lib(transport.o)
    0x00041c2a   0x00000002   PAD
    0x00041c2c   0x000000d8   Code   RO         7948    i.seg_rx_alloc      Mesh.lib(transport.o)
    0x00041d04   0x000000a0   Code   RO         7949    i.seg_rx_find       Mesh.lib(transport.o)
    0x00041da4   0x000000d4   Code   RO         7950    i.seg_rx_is_valid   Mesh.lib(transport.o)
    0x00041e78   0x000000dc   Code   RO         7951    i.seg_rx_reset      Mesh.lib(transport.o)
    0x00041f54   0x00000020   Code   RO         7952    i.seg_send_start    Mesh.lib(transport.o)
    0x00041f74   0x00000026   Code   RO         7953    i.seg_sent          Mesh.lib(transport.o)
    0x00041f9a   0x0000001e   Code   RO         7954    i.seg_tx_complete   Mesh.lib(transport.o)
    0x00041fb8   0x000000f0   Code   RO         7955    i.seg_tx_reset      Mesh.lib(transport.o)
    0x000420a8   0x00000148   Code   RO         7956    i.seg_tx_send_unacked  Mesh.lib(transport.o)
    0x000421f0   0x00000188   Code   RO         7957    i.send_ack          Mesh.lib(transport.o)
    0x00042378   0x00000054   Code   RO         7958    i.send_ack_end      Mesh.lib(transport.o)
    0x000423cc   0x000000c8   Code   RO         4632    i.send_attention_status  Mesh.lib(health_srv.o)
    0x00042494   0x00000344   Code   RO         5007    i.send_confirm      Mesh.lib(prov.o)
    0x000427d8   0x00000124   Code   RO         5534    i.send_filter_status  Mesh.lib(proxy.o)
    0x000428fc   0x000000a0   Code   RO         6556    i.send_friend_clear  Mesh.lib(friend.o)
    0x0004299c   0x000000a8   Code   RO         6999    i.send_friend_clear  Mesh.lib(lpn.o)
    0x00042a44   0x000000d4   Code   RO         7000    i.send_friend_poll  Mesh.lib(lpn.o)
    0x00042b18   0x000000a4   Code   RO         7001    i.send_friend_req   Mesh.lib(lpn.o)
    0x00042bbc   0x0000006c   Code   RO         3431    i.send_friend_status  Mesh.lib(cfg_srv.o)
    0x00042c28   0x00000074   Code   RO         3432    i.send_gatt_proxy_status  Mesh.lib(cfg_srv.o)
    0x00042c9c   0x00000078   Code   RO         4633    i.send_health_period_status  Mesh.lib(health_srv.o)
    0x00042d14   0x00000090   Code   RO         3433    i.send_krp_status   Mesh.lib(cfg_srv.o)
    0x00042da4   0x000000f8   Code   RO         3434    i.send_mod_pub_status  Mesh.lib(cfg_srv.o)
    0x00042e9c   0x0000010c   Code   RO         3435    i.send_mod_sub_status  Mesh.lib(cfg_srv.o)
    0x00042fa8   0x00000078   Code   RO         3436    i.send_net_key_status  Mesh.lib(cfg_srv.o)
    0x00043020   0x000002e0   Code   RO         5009    i.send_prov_data    Mesh.lib(prov.o)
    0x00043300   0x00000144   Code   RO         5010    i.send_pub_key      Mesh.lib(prov.o)
    0x00043444   0x00000048   Code   RO         5011    i.send_reliable     Mesh.lib(prov.o)
    0x0004348c   0x000003d8   Code   RO         7959    i.send_seg          Mesh.lib(transport.o)
    0x00043864   0x000000bc   Code   RO         5012    i.send_start        Mesh.lib(prov.o)
    0x00043920   0x00000124   Code   RO         7960    i.send_unseg        Mesh.lib(transport.o)
    0x00043a44   0x00000114   Code   RO         7542    i.seq_set           Mesh.lib(settings.o)
    0x00043b58   0x00000016   Code   RO         2079    i.service_is_ready  Mesh.lib(access.o)
    0x00043b6e   0x0000004c   Code   RO         4251    i.set_ad            Mesh.lib(glue.o)
    0x00043bba   0x00000002   PAD
    0x00043bbc   0x0000000c   Code   RO         2491    i.set_flag_for_adv_sent  Mesh.lib(adv.o)
    0x00043bc8   0x0000000c   Code   RO         5852    i.set_flashmirror_info  Mesh.lib(info2ram.o)
    0x00043bd4   0x00000018   Code   RO         1732    i.set_mesh_sleep_duration  mesh_srv.o
    0x00043bec   0x0000000c   Code   RO         1733    i.set_mesh_uart_output_func  mesh_srv.o
    0x00043bf8   0x00000012   Code   RO         4252    i.settings_bytes_from_str  Mesh.lib(glue.o)
    0x00043c0a   0x00000012   Code   RO         4253    i.settings_str_from_bytes  Mesh.lib(glue.o)
    0x00043c1c   0x00000060   Code   RO          239    i.setup_profile     profile.o
    0x00043c7c   0x0000000c   Code   RO         7543    i.sig_mod_set       Mesh.lib(settings.o)
    0x00043c88   0x00000038   Code   RO         5981    i.start_aes         Mesh.lib(mesh_queue.o)
    0x00043cc0   0x0000003c   Code   RO         5982    i.start_ccm         Mesh.lib(mesh_queue.o)
    0x00043cfc   0x00000024   Code   RO         1450    i.start_eflash_prog  ota_service.o
    0x00043d20   0x000000e4   Code   RO         7544    i.store_app_key     Mesh.lib(settings.o)
    0x00043e04   0x00000138   Code   RO         7545    i.store_net_key     Mesh.lib(settings.o)
    0x00043f3c   0x00000118   Code   RO         7546    i.store_node        Mesh.lib(settings.o)
    0x00044054   0x000001ec   Code   RO         7547    i.store_pending     Mesh.lib(settings.o)
    0x00044240   0x000000c4   Code   RO         7548    i.store_pending_cfg  Mesh.lib(settings.o)
    0x00044304   0x000000f4   Code   RO         7549    i.store_pending_hb_pub  Mesh.lib(settings.o)
    0x000443f8   0x000000a0   Code   RO         7550    i.store_pending_iv  Mesh.lib(settings.o)
    0x00044498   0x000000cc   Code   RO         7551    i.store_pending_keys  Mesh.lib(settings.o)
    0x00044564   0x0000004c   Code   RO         7552    i.store_pending_mod  Mesh.lib(settings.o)
    0x000445b0   0x000000d4   Code   RO         7553    i.store_pending_mod_bind  Mesh.lib(settings.o)
    0x00044684   0x000000fc   Code   RO         7554    i.store_pending_mod_pub  Mesh.lib(settings.o)
    0x00044780   0x000000d0   Code   RO         7555    i.store_pending_mod_sub  Mesh.lib(settings.o)
    0x00044850   0x000000d8   Code   RO         7556    i.store_pending_net  Mesh.lib(settings.o)
    0x00044928   0x00000098   Code   RO         7557    i.store_pending_nodes  Mesh.lib(settings.o)
    0x000449c0   0x00000094   Code   RO         7558    i.store_pending_seq  Mesh.lib(settings.o)
    0x00044a54   0x000000f4   Code   RO         7559    i.store_rpl         Mesh.lib(settings.o)
    0x00044b48   0x00000020   Code   RO         9554    i.strsep            Mesh.lib(strsep.o)
    0x00044b68   0x0000001e   Code   RO         9542    i.strtok_r          Mesh.lib(strtok_r.o)
    0x00044b86   0x00000002   PAD
    0x00044b88   0x000001ac   Code   RO         7002    i.sub_update        Mesh.lib(lpn.o)
    0x00044d34   0x00000090   Code   RO         7560    i.subnet_init       Mesh.lib(settings.o)
    0x00044dc4   0x00000018   Code   RO         8379    i.swap_buf          Mesh.lib(endian.o)
    0x00044ddc   0x00000018   Code   RO         8380    i.swap_in_place     Mesh.lib(endian.o)
    0x00044df4   0x000000cc   Code   RO         7561    i.sync_app_key      Mesh.lib(settings.o)
    0x00044ec0   0x000000a0   Code   RO         7562    i.sync_kv           Mesh.lib(settings.o)
    0x00044f60   0x00000114   Code   RO         7563    i.sync_net_key      Mesh.lib(settings.o)
    0x00045074   0x000000b0   Code   RO         7564    i.sync_node_addr    Mesh.lib(settings.o)
    0x00045124   0x00000090   Code   RO         5016    i.sys_memcpy_swap   Mesh.lib(prov.o)
    0x000451b4   0x00000012   Code   RO         6432    i.tc_cmac_erase     Mesh.lib(cmac_mode.o)
    0x000451c6   0x00000002   PAD
    0x000451c8   0x00000078   Code   RO         6433    i.tc_cmac_final     Mesh.lib(cmac_mode.o)
    0x00045240   0x0000002e   Code   RO         6434    i.tc_cmac_init      Mesh.lib(cmac_mode.o)
    0x0004526e   0x00000002   PAD
    0x00045270   0x00000074   Code   RO         6435    i.tc_cmac_setup     Mesh.lib(cmac_mode.o)
    0x000452e4   0x000000e8   Code   RO         6436    i.tc_cmac_update    Mesh.lib(cmac_mode.o)
    0x000453cc   0x000000ca   Code   RO         8911    i.tc_sha256_final   Mesh.lib(sha256.o)
    0x00045496   0x00000002   PAD
    0x00045498   0x00000058   Code   RO         8912    i.tc_sha256_init    Mesh.lib(sha256.o)
    0x000454f0   0x00000058   Code   RO         8913    i.tc_sha256_update  Mesh.lib(sha256.o)
    0x00045548   0x000002e0   Code   RO         7961    i.trans_ack         Mesh.lib(transport.o)
    0x00045828   0x00000158   Code   RO         7962    i.trans_heartbeat   Mesh.lib(transport.o)
    0x00045980   0x0000061c   Code   RO         7963    i.trans_seg         Mesh.lib(transport.o)
    0x00045f9c   0x000000c0   Code   RO         7964    i.trans_unseg       Mesh.lib(transport.o)
    0x0004605c   0x00000070   Code   RO         9241    i.uECC_generate_random_int  Mesh.lib(ecc.o)
    0x000460cc   0x0000000c   Code   RO         9242    i.uECC_get_rng      Mesh.lib(ecc.o)
    0x000460d8   0x0000009c   Code   RO         9489    i.uECC_make_key     Mesh.lib(ecc_dh.o)
    0x00046174   0x0000000c   Code   RO         9244    i.uECC_set_rng      Mesh.lib(ecc.o)
    0x00046180   0x000000c0   Code   RO         9491    i.uECC_shared_secret  Mesh.lib(ecc_dh.o)
    0x00046240   0x0000006a   Code   RO         9245    i.uECC_valid_point  Mesh.lib(ecc.o)
    0x000462aa   0x00000048   Code   RO         9246    i.uECC_valid_public_key  Mesh.lib(ecc.o)
    0x000462f2   0x00000002   PAD
    0x000462f4   0x0000005a   Code   RO         9247    i.uECC_vli_add      Mesh.lib(ecc.o)
    0x0004634e   0x0000003e   Code   RO         9248    i.uECC_vli_bytesToNative  Mesh.lib(ecc.o)
    0x0004638c   0x00000016   Code   RO         9249    i.uECC_vli_clear    Mesh.lib(ecc.o)
    0x000463a2   0x00000036   Code   RO         9250    i.uECC_vli_cmp      Mesh.lib(ecc.o)
    0x000463d8   0x0000002c   Code   RO         9251    i.uECC_vli_cmp_unsafe  Mesh.lib(ecc.o)
    0x00046404   0x00000024   Code   RO         9252    i.uECC_vli_equal    Mesh.lib(ecc.o)
    0x00046428   0x00000020   Code   RO         9253    i.uECC_vli_isZero   Mesh.lib(ecc.o)
    0x00046448   0x00000106   Code   RO         9254    i.uECC_vli_mmod     Mesh.lib(ecc.o)
    0x0004654e   0x00000030   Code   RO         9255    i.uECC_vli_modAdd   Mesh.lib(ecc.o)
    0x0004657e   0x0000010e   Code   RO         9256    i.uECC_vli_modInv   Mesh.lib(ecc.o)
    0x0004668c   0x00000020   Code   RO         9258    i.uECC_vli_modMult_fast  Mesh.lib(ecc.o)
    0x000466ac   0x00000008   Code   RO         9259    i.uECC_vli_modSquare_fast  Mesh.lib(ecc.o)
    0x000466b4   0x00000024   Code   RO         9260    i.uECC_vli_modSub   Mesh.lib(ecc.o)
    0x000466d8   0x000000b2   Code   RO         9261    i.uECC_vli_mult     Mesh.lib(ecc.o)
    0x0004678a   0x00000022   Code   RO         9262    i.uECC_vli_nativeToBytes  Mesh.lib(ecc.o)
    0x000467ac   0x00000038   Code   RO         9263    i.uECC_vli_numBits  Mesh.lib(ecc.o)
    0x000467e4   0x0000001c   Code   RO         9264    i.uECC_vli_rshift1  Mesh.lib(ecc.o)
    0x00046800   0x0000001a   Code   RO         9265    i.uECC_vli_set      Mesh.lib(ecc.o)
    0x0004681a   0x00000002   PAD
    0x0004681c   0x0000005a   Code   RO         9266    i.uECC_vli_sub      Mesh.lib(ecc.o)
    0x00046876   0x00000012   Code   RO         9267    i.uECC_vli_testBit  Mesh.lib(ecc.o)
    0x00046888   0x0000000c   Code   RO          755    i.uninit            eflash.o
    0x00046894   0x00000118   Code   RO         2763    i.unprov_beacon_recv  Mesh.lib(beacon.o)
    0x000469ac   0x000001fc   Code   RO         2764    i.unprovisioned_beacon_send  Mesh.lib(beacon.o)
    0x00046ba8   0x00000114   Code   RO         7003    i.update_timeout    Mesh.lib(lpn.o)
    0x00046cbc   0x00000190   Code   RO         5983    i.user_msg_handler  Mesh.lib(mesh_queue.o)
    0x00046e4c   0x000001fc   Code   RO          241    i.user_packet_handler  profile.o
    0x00047048   0x00000084   Code   RO         3437    i.va_add            Mesh.lib(cfg_srv.o)
    0x000470cc   0x00000058   Code   RO         3438    i.va_del            Mesh.lib(cfg_srv.o)
    0x00047124   0x000000b8   Code   RO         9069    i.visit_mesh        Mesh.lib(config_store.o)
    0x000471dc   0x000001b0   Code   RO         9268    i.vli_mmod_fast_secp256r1  Mesh.lib(ecc.o)
    0x0004738c   0x00000042   Code   RO         9269    i.vli_modInv_update  Mesh.lib(ecc.o)
    0x000473ce   0x0000000c   Code   RO         7565    i.vnd_mod_set       Mesh.lib(settings.o)
    0x000473da   0x0000000e   Code   RO         5854    i.write_control_word2mirror  Mesh.lib(info2ram.o)
    0x000473e8   0x00000058   Code   RO         9270    i.x_side_default    Mesh.lib(ecc.o)
    0x00047440   0x0000000f   Data   RO          243    .constdata          profile.o
    0x0004744f   0x00000001   PAD
    0x00047450   0x00000048   Data   RO          614    .constdata          ble_mesh_app.o
    0x00047498   0x00000137   Data   RO         1737    .constdata          mesh_srv.o
    0x000475cf   0x00000001   PAD
    0x000475d0   0x000000eb   Data   RO         2080    .constdata          Mesh.lib(access.o)
    0x000476bb   0x00000001   PAD
    0x000476bc   0x0000015a   Data   RO         2493    .constdata          Mesh.lib(adv.o)
    0x00047816   0x00000002   PAD
    0x00047818   0x000000a1   Data   RO         2767    .constdata          Mesh.lib(beacon.o)
    0x000478b9   0x00000003   PAD
    0x000478bc   0x00000226   Data   RO         2977    .constdata          Mesh.lib(cfg_cli.o)
    0x00047ae2   0x00000002   PAD
    0x00047ae4   0x00000240   Data   RO         3440    .constdata          Mesh.lib(cfg_srv.o)
    0x00047d24   0x0000041f   Data   RO         3441    .constdata          Mesh.lib(cfg_srv.o)
    0x00048143   0x00000001   PAD
    0x00048144   0x000001fc   Data   RO         3964    .constdata          Mesh.lib(crypto.o)
    0x00048340   0x0000001b   Data   RO         4258    .constdata          Mesh.lib(glue.o)
    0x0004835b   0x00000001   PAD
    0x0004835c   0x0000018e   Data   RO         4634    .constdata          Mesh.lib(health_srv.o)
    0x000484ea   0x00000002   PAD
    0x000484ec   0x00000090   Data   RO         4635    .constdata          Mesh.lib(health_srv.o)
    0x0004857c   0x00000034   Data   RO         4820    .constdata          Mesh.lib(mesh.o)
    0x000485b0   0x00000441   Data   RO         5018    .constdata          Mesh.lib(prov.o)
    0x000489f1   0x00000003   PAD
    0x000489f4   0x00000353   Data   RO         5536    .constdata          Mesh.lib(proxy.o)
    0x00048d47   0x00000001   PAD
    0x00048d48   0x0000031b   Data   RO         6558    .constdata          Mesh.lib(friend.o)
    0x00049063   0x0000014e   Data   RO         6828    .constdata          Mesh.lib(health_cli.o)
    0x000491b1   0x00000003   PAD
    0x000491b4   0x0000029b   Data   RO         7004    .constdata          Mesh.lib(lpn.o)
    0x0004944f   0x000001a3   Data   RO         7255    .constdata          Mesh.lib(net.o)
    0x000495f2   0x00000002   PAD
    0x000495f4   0x00000338   Data   RO         7567    .constdata          Mesh.lib(settings.o)
    0x0004992c   0x00000165   Data   RO         7966    .constdata          Mesh.lib(transport.o)
    0x00049a91   0x00000024   Data   RO         8295    .constdata          Mesh.lib(nodes.o)
    0x00049ab5   0x00000003   PAD
    0x00049ab8   0x000000e8   Data   RO         8807    .constdata          Mesh.lib(ble_sm_alg.o)
    0x00049ba0   0x00000100   Data   RO         8914    .constdata          Mesh.lib(sha256.o)
    0x00049ca0   0x000000b4   Data   RO         9271    .constdata          Mesh.lib(ecc.o)
    0x00049d54   0x00000081   Data   RO         9578    .constdata          mc_w.l(ctype_o.o)
    0x00049dd5   0x00000003   PAD
    0x00049dd8   0x00000004   Data   RO         9579    .constdata          mc_w.l(ctype_o.o)
    0x00049ddc   0x00000038   Data   RO         7568    .conststring        Mesh.lib(settings.o)
    0x00049e14   0x00000000   Data   RO         9980    Region$$Table       anon$$obj.o


    Execution Region RW_IRAM1 (Base: 0x20008000, Size: 0x000074ec, Max: 0x00008000, ABSOLUTE)

    Base Addr    Size         Type   Attr      Idx    E Section Name        Object

    0x20008000   0x00000026   Data   RW          244    .data               profile.o
    0x20008026   0x00000002   PAD
    0x20008028   0x0000001d   Data   RW          376    .data               ble_mesh_light_model.o
    0x20008045   0x00000002   Data   RW          477    .data               ble_mesh_flash_oper.o
    0x20008047   0x00000001   PAD
    0x20008048   0x00000020   Data   RW          615    .data               ble_mesh_app.o
    0x20008068   0x00000004   Data   RW          757    .data               eflash.o
    0x2000806c   0x00000054   Data   RW         1451    .data               ota_service.o
    0x200080c0   0x0000000a   Data   RW         1563    .data               att_db_util.o
    0x200080ca   0x00000002   PAD
    0x200080cc   0x00000031   Data   RW         1738    .data               mesh_srv.o
    0x200080fd   0x00000003   PAD
    0x20008100   0x00000008   Data   RW         2083    .data               Mesh.lib(access.o)
    0x20008108   0x00000024   Data   RW         2494    .data               Mesh.lib(adv.o)
    0x2000812c   0x0000001c   Data   RW         2768    .data               Mesh.lib(beacon.o)
    0x20008148   0x0000000c   Data   RW         2978    .data               Mesh.lib(cfg_cli.o)
    0x20008154   0x0000000c   Data   RW         3442    .data               Mesh.lib(cfg_srv.o)
    0x20008160   0x00000004   Data   RW         3965    .data               Mesh.lib(crypto.o)
    0x20008164   0x00000004   Data   RW         4259    .data               Mesh.lib(glue.o)
    0x20008168   0x00000004   Data   RW         4260    .data               Mesh.lib(glue.o)
    0x2000816c   0x00000004   Data   RW         4261    .data               Mesh.lib(glue.o)
    0x20008170   0x00000001   Data   RW         4262    .data               Mesh.lib(glue.o)
    0x20008171   0x00000003   PAD
    0x20008174   0x00000010   Data   RW         4636    .data               Mesh.lib(health_srv.o)
    0x20008184   0x00000001   Data   RW         4821    .data               Mesh.lib(mesh.o)
    0x20008185   0x00000003   PAD
    0x20008188   0x00000050   Data   RW         5019    .data               Mesh.lib(prov.o)
    0x200081d8   0x00000001   Data   RW         5538    .data               Mesh.lib(proxy.o)
    0x200081d9   0x00000002   Data   RW         5539    .data               Mesh.lib(proxy.o)
    0x200081db   0x00000001   Data   RW         5540    .data               Mesh.lib(proxy.o)
    0x200081dc   0x00000002   Data   RW         5541    .data               Mesh.lib(proxy.o)
    0x200081de   0x00000001   Data   RW         5542    .data               Mesh.lib(proxy.o)
    0x200081df   0x00000002   Data   RW         5543    .data               Mesh.lib(proxy.o)
    0x200081e1   0x00000001   PAD
    0x200081e2   0x00000004   Data   RW         5544    .data               Mesh.lib(proxy.o)
    0x200081e6   0x00000004   Data   RW         5545    .data               Mesh.lib(proxy.o)
    0x200081ea   0x00000004   Data   RW         5546    .data               Mesh.lib(proxy.o)
    0x200081ee   0x00000002   PAD
    0x200081f0   0x00000048   Data   RW         5547    .data               Mesh.lib(proxy.o)
    0x20008238   0x00000004   Data   RW         5548    .data               Mesh.lib(proxy.o)
    0x2000823c   0x00000004   Data   RW         5549    .data               Mesh.lib(proxy.o)
    0x20008240   0x00000004   Data   RW         5550    .data               Mesh.lib(proxy.o)
    0x20008244   0x00000048   Data   RW         5551    .data               Mesh.lib(proxy.o)
    0x2000828c   0x00000004   Data   RW         5559    .data               Mesh.lib(proxy.o)
    0x20008290   0x0000003b   Data   RW         5560    .data               Mesh.lib(proxy.o)
    0x200082cb   0x00000001   PAD
    0x200082cc   0x00000004   Data   RW         5561    .data               Mesh.lib(proxy.o)
    0x200082d0   0x00000008   Data   RW         5856    .data               Mesh.lib(info2ram.o)
    0x200082d8   0x00000024   Data   RW         5985    .data               Mesh.lib(mesh_queue.o)
    0x200082fc   0x00000004   Data   RW         6205    .data               Mesh.lib(nimble_port.o)
    0x20008300   0x00000004   Data   RW         6438    .data               Mesh.lib(cmac_mode.o)
    0x20008304   0x00000008   Data   RW         6829    .data               Mesh.lib(health_cli.o)
    0x2000830c   0x00000004   Data   RW         7005    .data               Mesh.lib(lpn.o)
    0x20008310   0x000005c0   Data   RW         7256    .data               Mesh.lib(net.o)
    0x200088d0   0x00000001   Data   RW         7257    .data               Mesh.lib(net.o)
    0x200088d1   0x00000003   PAD
    0x200088d4   0x00000024   Data   RW         7569    .data               Mesh.lib(settings.o)
    0x200088f8   0x00000002   Data   RW         7967    .data               Mesh.lib(transport.o)
    0x200088fa   0x00000002   PAD
    0x200088fc   0x00000008   Data   RW         8498    .data               Mesh.lib(os_mbuf.o)
    0x20008904   0x00000008   Data   RW         8695    .data               Mesh.lib(os_mempool.o)
    0x2000890c   0x00000008   Data   RW         8986    .data               Mesh.lib(config.o)
    0x20008914   0x00000008   Data   RW         9070    .data               Mesh.lib(config_store.o)
    0x2000891c   0x00000004   Data   RW         9272    .data               Mesh.lib(ecc.o)
    0x20008920   0x00000004   Data   RW         9492    .data               Mesh.lib(ecc_dh.o)
    0x20008924   0x00000004   Data   RW         9606    .data               mc_w.l(rand.o)
    0x20008928   0x00000004   Data   RW         9949    .data               mc_w.l(stdout.o)
    0x2000892c   0x00000004   Data   RW         9961    .data               mc_w.l(errno.o)
    0x20008930   0x00000320   Zero   RW          242    .bss                profile.o
    0x20008c50   0x0000003c   Zero   RW          375    .bss                ble_mesh_light_model.o
    0x20008c8c   0x00000014   Zero   RW          476    .bss                ble_mesh_flash_oper.o
    0x20008ca0   0x00000020   Zero   RW          613    .bss                ble_mesh_app.o
    0x20008cc0   0x0000001c   Zero   RW          699    .bss                ble_mesh_composition.o
    0x20008cdc   0x00000291   Zero   RW         1736    .bss                mesh_srv.o
    0x20008f6d   0x00000003   PAD
    0x20008f70   0x00001158   Zero   RW         2492    .bss                Mesh.lib(adv.o)
    0x2000a0c8   0x00000034   Zero   RW         2765    .bss                Mesh.lib(beacon.o)
    0x2000a0fc   0x0000001e   Zero   RW         2975    .bss                Mesh.lib(cfg_cli.o)
    0x2000a11a   0x00000002   PAD
    0x2000a11c   0x00000050   Zero   RW         3439    .bss                Mesh.lib(cfg_srv.o)
    0x2000a16c   0x00000010   Zero   RW         4254    .bss                Mesh.lib(glue.o)
    0x2000a17c   0x00000010   Zero   RW         4255    .bss                Mesh.lib(glue.o)
    0x2000a18c   0x0000048e   Zero   RW         4256    .bss                Mesh.lib(glue.o)
    0x2000a61a   0x00000010   Zero   RW         4257    .bss                Mesh.lib(glue.o)
    0x2000a62a   0x00000006   PAD
    0x2000a630   0x0000022c   Zero   RW         5017    .bss                Mesh.lib(prov.o)
    0x2000a85c   0x0000004c   Zero   RW         5535    .bss                Mesh.lib(proxy.o)
    0x2000a8a8   0x00001714   Zero   RW         5984    .bss                Mesh.lib(mesh_queue.o)
    0x2000bfbc   0x00000004   PAD
    0x2000bfc0   0x00001ab8   Zero   RW         6557    .bss                Mesh.lib(friend.o)
    0x2000da78   0x0000016c   Zero   RW         7254    .bss                Mesh.lib(net.o)
    0x2000dbe4   0x0000003c   Zero   RW         7566    .bss                Mesh.lib(settings.o)
    0x2000dc20   0x000005e0   Zero   RW         7965    .bss                Mesh.lib(transport.o)
    0x2000e200   0x000012e8   Zero   RW         8764    .bss                Mesh.lib(os_msys_init.o)
    0x2000f4e8   0x00000004   Zero   RW          734    STACK               startup_ing91800.o

