


ARM Macro Assembler    Page 1 


    1 00000000         ;/******************************************************
                       ********************//**
    2 00000000         ; * @file     startup_ARMCM3.s
    3 00000000         ; * @brief    CMSIS Core Device Startup File for
    4 00000000         ; *           ARMCM3 Device Series
    5 00000000         ; * @version  V1.08
    6 00000000         ; * @date     03. February 2012
    7 00000000         ; *
    8 00000000         ; * @note
    9 00000000         ; * Copyright (C) 2012 ARM Limited. All rights reserved.
                       
   10 00000000         ; *
   11 00000000         ; * @par
   12 00000000         ; * ARM Limited (ARM) is supplying this software for use
                        with Cortex-M 
   13 00000000         ; * processor based microcontrollers.  This file can be 
                       freely distributed 
   14 00000000         ; * within development tools that are supporting such AR
                       M based processors. 
   15 00000000         ; *
   16 00000000         ; * @par
   17 00000000         ; * THIS SOFTWARE IS PROVIDED "AS IS".  NO WARRANTIES, W
                       HETHER EXPRESS, IMPLIED
   18 00000000         ; * OR STATUTORY, INCLUDING, BUT NOT LIMITED TO, IMPLIED
                        WARRANTIES OF
   19 00000000         ; * MERCHANTABILITY AND FITNESS FOR A PARTICULAR PURPOSE
                        APPLY TO THIS SOFTWARE.
   20 00000000         ; * ARM SHALL NOT, IN ANY CIRCUMSTANCES, BE LIABLE FOR S
                       PECIAL, INCIDENTAL, OR
   21 00000000         ; * CONSEQUENTIAL DAMAGES, FOR ANY REASON WHATSOEVER.
   22 00000000         ; *
   23 00000000         ; ******************************************************
                       ************************/
   24 00000000         ;/*
   25 00000000         ;//-------- <<< Use Configuration Wizard in Context Menu
                        >>> ------------------
   26 00000000         ;*/
   27 00000000         
   28 00000000 00000004 
                       Stack_Size
                               EQU              0x00000004
   29 00000000         
   30 00000000                 AREA             STACK, NOINIT, READWRITE, ALIGN
=3
   31 00000000         __heap_base
   32 00000000         Stack_Mem
                               SPACE            Stack_Size
   33 00000004         __heap_limit
   34 00000004         __initial_sp
   35 00000004                 EXPORT           __heap_base
   36 00000004                 EXPORT           __heap_limit
   37 00000004                 EXPORT           __initial_sp
   38 00000004         
   39 00000004                 PRESERVE8
   40 00000004                 THUMB
   41 00000004         
   42 00000004         ; Vector Table Mapped to Address 0 at Reset
   43 00000004         
   44 00000004                 AREA             RESET, DATA, READONLY



ARM Macro Assembler    Page 2 


   45 00000000                 EXPORT           __Vectors
   46 00000000         
   47 00000000 00000000 
                       __Vectors
                               DCD              0           ; Top of Stack
   48 00000004 00000000        DCD              Reset_Handler ; Reset Handler
   49 00000008         
   50 00000008         __Vectors_End
   51 00000008         
   52 00000008 00000008 
                       __Vectors_Size
                               EQU              __Vectors_End - __Vectors
   53 00000008         
   54 00000008         
   55 00000008                 AREA             |.text|, CODE, READONLY
   56 00000000         
   57 00000000         
   58 00000000         ; Reset Handler
   59 00000000         
   60 00000000         Reset_Handler
                               PROC
   61 00000000                 EXPORT           Reset_Handler
   62 00000000                 IMPORT           __scatterload
   63 00000000         
   64 00000000         ; this push is consumed by main
   65 00000000 B501            PUSH             {R0, LR}
   66 00000002         
   67 00000002         ; __scatterload will not return
   68 00000002 4803            LDR              R0, =__scatterload
   69 00000004 4700            BX               R0
   70 00000006         
   71 00000006                 ENDP
   72 00000006         
   73 00000006 00 00           ALIGN
   74 00000008         
   75 00000008         main    PROC
   76 00000008                 EXPORT           main
   77 00000008                 IMPORT           app_main
   78 00000008         
   79 00000008 4802            LDR              R0, = app_main
   80 0000000A 4780            BLX              R0
   81 0000000C         
   82 0000000C BD01            POP              {R0, PC}
   83 0000000E         
   84 0000000E                 ENDP
   85 0000000E         
   86 0000000E 00 00           ALIGN
   87 00000010         
   88 00000010                 END
              00000000 
              00000000 
Command Line: --debug --xref --diag_suppress=9931 --cpu=Cortex-M3 --apcs=interw
ork --depend=.\output\startup_ing91800.d -o.\output\startup_ing91800.o -IC:\lq\
e_mint_server\a_git\project\b_code\project\a_mesh_pre\prj_mesh_fire\RTE -IC:\Ke
il_v5\ARM\PACK\ARM\CMSIS\4.5.0\CMSIS\Include --predefine="__MICROLIB SETA 1" --
predefine="__UVISION_VERSION SETA 521" --predefine="_RTE_ SETA 1" --list=.\list
ing\startup_ing91800.lst ..\..\..\src\StartUP\startup_ing91800.s



ARM Macro Assembler    Page 1 Alphabetic symbol ordering
Relocatable symbols

STACK 00000000

Symbol: STACK
   Definitions
      At line 30 in file ..\..\..\src\StartUP\startup_ing91800.s
   Uses
      None
Comment: STACK unused
Stack_Mem 00000000

Symbol: Stack_Mem
   Definitions
      At line 32 in file ..\..\..\src\StartUP\startup_ing91800.s
   Uses
      None
Comment: Stack_Mem unused
__heap_base 00000000

Symbol: __heap_base
   Definitions
      At line 31 in file ..\..\..\src\StartUP\startup_ing91800.s
   Uses
      At line 35 in file ..\..\..\src\StartUP\startup_ing91800.s
Comment: __heap_base used once
__heap_limit 00000004

Symbol: __heap_limit
   Definitions
      At line 33 in file ..\..\..\src\StartUP\startup_ing91800.s
   Uses
      At line 36 in file ..\..\..\src\StartUP\startup_ing91800.s
Comment: __heap_limit used once
__initial_sp 00000004

Symbol: __initial_sp
   Definitions
      At line 34 in file ..\..\..\src\StartUP\startup_ing91800.s
   Uses
      At line 37 in file ..\..\..\src\StartUP\startup_ing91800.s
Comment: __initial_sp used once
5 symbols



ARM Macro Assembler    Page 1 Alphabetic symbol ordering
Relocatable symbols

RESET 00000000

Symbol: RESET
   Definitions
      At line 44 in file ..\..\..\src\StartUP\startup_ing91800.s
   Uses
      None
Comment: RESET unused
__Vectors 00000000

Symbol: __Vectors
   Definitions
      At line 47 in file ..\..\..\src\StartUP\startup_ing91800.s
   Uses
      At line 45 in file ..\..\..\src\StartUP\startup_ing91800.s
      At line 52 in file ..\..\..\src\StartUP\startup_ing91800.s

__Vectors_End 00000008

Symbol: __Vectors_End
   Definitions
      At line 50 in file ..\..\..\src\StartUP\startup_ing91800.s
   Uses
      At line 52 in file ..\..\..\src\StartUP\startup_ing91800.s
Comment: __Vectors_End used once
3 symbols



ARM Macro Assembler    Page 1 Alphabetic symbol ordering
Relocatable symbols

.text 00000000

Symbol: .text
   Definitions
      At line 55 in file ..\..\..\src\StartUP\startup_ing91800.s
   Uses
      None
Comment: .text unused
Reset_Handler 00000000

Symbol: Reset_Handler
   Definitions
      At line 60 in file ..\..\..\src\StartUP\startup_ing91800.s
   Uses
      At line 48 in file ..\..\..\src\StartUP\startup_ing91800.s
      At line 61 in file ..\..\..\src\StartUP\startup_ing91800.s

main 00000008

Symbol: main
   Definitions
      At line 75 in file ..\..\..\src\StartUP\startup_ing91800.s
   Uses
      At line 76 in file ..\..\..\src\StartUP\startup_ing91800.s
Comment: main used once
3 symbols



ARM Macro Assembler    Page 1 Alphabetic symbol ordering
Absolute symbols

Stack_Size 00000004

Symbol: Stack_Size
   Definitions
      At line 28 in file ..\..\..\src\StartUP\startup_ing91800.s
   Uses
      At line 32 in file ..\..\..\src\StartUP\startup_ing91800.s
Comment: Stack_Size used once
__Vectors_Size 00000008

Symbol: __Vectors_Size
   Definitions
      At line 52 in file ..\..\..\src\StartUP\startup_ing91800.s
   Uses
      None
Comment: __Vectors_Size unused
2 symbols



ARM Macro Assembler    Page 1 Alphabetic symbol ordering
External symbols

__scatterload 00000000

Symbol: __scatterload
   Definitions
      At line 62 in file ..\..\..\src\StartUP\startup_ing91800.s
   Uses
      At line 68 in file ..\..\..\src\StartUP\startup_ing91800.s
Comment: __scatterload used once
app_main 00000000

Symbol: app_main
   Definitions
      At line 77 in file ..\..\..\src\StartUP\startup_ing91800.s
   Uses
      At line 79 in file ..\..\..\src\StartUP\startup_ing91800.s
Comment: app_main used once
2 symbols
350 symbols in table
