<!doctype html public "-//w3c//dtd html 4.0 transitional//en">
<html><head>
<title>Static Call Graph - [.\output\mesh-light.axf]</title></head>
<body><HR>
<H1>Static Call Graph for image .\output\mesh-light.axf</H1><HR>
<BR><P>#&#060CALLGRAPH&#062# ARM Linker, 5060300: Last Updated: Wed Aug 26 21:34:29 2020
<BR><P>
<H3>Maximum Stack Usage =       1048 bytes + Unknown(Cycles, Untraceable Function Pointers)</H3><H3>
Call chain for Maximum Stack Depth:</H3>
mesh_task &rArr; meshque_msg_dispose &rArr; proxy_recv &rArr; proxy_complete_pdu &rArr; bt_mesh_net_recv &rArr; bt_mesh_trans_recv &rArr; trans_seg &rArr; ctl_recv &rArr; bt_mesh_friend_req &rArr; friend_cred_create &rArr; friend_cred_set &rArr; bt_mesh_k2 &rArr; bt_mesh_s1 &rArr; bt_mesh_aes_cmac_one &rArr; bt_mesh_aes_cmac &rArr; tc_cmac_update &rArr; k_sem_take &rArr; npl_freertos_time_ms_to_ticks &rArr; __aeabi_uldivmod
<P>
<H3>
Mutually Recursive functions
</H3> <LI><a href="#[2e6]">bt_mesh_proxy_beacon_send</a>&nbsp;&nbsp;&nbsp;&rArr;&nbsp;&nbsp;&nbsp;<a href="#[2e6]">bt_mesh_proxy_beacon_send</a><BR>
 <LI><a href="#[33]">mesh_thread</a>&nbsp;&nbsp;&nbsp;&rArr;&nbsp;&nbsp;&nbsp;<a href="#[33]">mesh_thread</a><BR>
 <LI><a href="#[483]">uECC_vli_numBits</a>&nbsp;&nbsp;&nbsp;&rArr;&nbsp;&nbsp;&nbsp;<a href="#[483]">uECC_vli_numBits</a><BR>
</UL>
<P>
<H3>
Function Pointers
</H3><UL>
 <LI><a href="#[a]">Reset_Handler</a> from startup_ing91800.o(.text) referenced from startup_ing91800.o(RESET)
 <LI><a href="#[c]">__scatterload</a> from init.o(.text) referenced from startup_ing91800.o(.text)
 <LI><a href="#[1a]">_mod_unbind</a> from cfg_srv.o(i._mod_unbind) referenced from cfg_srv.o(i.bt_mesh_app_key_del)
 <LI><a href="#[f]">_snputc</a> from printf8.o(i._snputc) referenced from printf8.o(i.__0snprintf$8)
 <LI><a href="#[10]">_snputc</a> from printfa.o(i._snputc) referenced from printfa.o(i.__0vsnprintf)
 <LI><a href="#[d5]">ack_complete</a> from prov.o(i.ack_complete) referenced from prov.o(.constdata)
 <LI><a href="#[19]">adv_alloc</a> from adv.o(i.adv_alloc) referenced from adv.o(i.bt_mesh_adv_create)
 <LI><a href="#[37]">adv_alloc</a> from friend.o(i.adv_alloc) referenced from friend.o(i.friend_buf_alloc)
 <LI><a href="#[34]">after_power_on</a> from ble_mesh_flash_oper.o(i.after_power_on) referenced from ble_mesh_flash_oper.o(i.fast_switch_monitor)
 <LI><a href="#[99]">app_key_add</a> from cfg_srv.o(i.app_key_add) referenced from cfg_srv.o(.constdata)
 <LI><a href="#[9b]">app_key_del</a> from cfg_srv.o(i.app_key_del) referenced from cfg_srv.o(.constdata)
 <LI><a href="#[9c]">app_key_get</a> from cfg_srv.o(i.app_key_get) referenced from cfg_srv.o(.constdata)
 <LI><a href="#[f1]">app_key_set</a> from settings.o(i.app_key_set) referenced from settings.o(.constdata)
 <LI><a href="#[9a]">app_key_update</a> from cfg_srv.o(i.app_key_update) referenced from cfg_srv.o(.constdata)
 <LI><a href="#[d]">app_main</a> from main.o(i.app_main) referenced from startup_ing91800.o(.text)
 <LI><a href="#[40]">att_read_callback</a> from mesh_srv.o(i.att_read_callback) referenced from mesh_srv.o(i.mesh_env_init)
 <LI><a href="#[48]">att_read_callback</a> from profile.o(i.att_read_callback) referenced from profile.o(i.setup_profile)
 <LI><a href="#[48]">att_read_callback</a> from profile.o(i.att_read_callback) referenced 2 times from profile.o(i.user_packet_handler)
 <LI><a href="#[3f]">att_write_callback</a> from mesh_srv.o(i.att_write_callback) referenced from mesh_srv.o(i.mesh_env_init)
 <LI><a href="#[47]">att_write_callback</a> from profile.o(i.att_write_callback) referenced from profile.o(i.setup_profile)
 <LI><a href="#[47]">att_write_callback</a> from profile.o(i.att_write_callback) referenced 2 times from profile.o(i.user_packet_handler)
 <LI><a href="#[d2]">attention_get</a> from health_srv.o(i.attention_get) referenced from health_srv.o(.constdata)
 <LI><a href="#[23]">attention_off</a> from health_srv.o(i.attention_off) referenced from health_srv.o(i.bt_mesh_health_srv_init)
 <LI><a href="#[d3]">attention_set</a> from health_srv.o(i.attention_set) referenced from health_srv.o(.constdata)
 <LI><a href="#[d4]">attention_set_unrel</a> from health_srv.o(i.attention_set_unrel) referenced from health_srv.o(.constdata)
 <LI><a href="#[97]">beacon_complete</a> from beacon.o(i.beacon_complete) referenced from beacon.o(.constdata)
 <LI><a href="#[9d]">beacon_get</a> from cfg_srv.o(i.beacon_get) referenced from cfg_srv.o(.constdata)
 <LI><a href="#[1b]">beacon_send</a> from beacon.o(i.beacon_send) referenced from beacon.o(i.bt_mesh_beacon_init)
 <LI><a href="#[9e]">beacon_set</a> from cfg_srv.o(i.beacon_set) referenced from cfg_srv.o(.constdata)
 <LI><a href="#[14]">ble_adv_gap_mesh_cb</a> from adv.o(i.ble_adv_gap_mesh_cb) referenced from glue.o(i.ble_adv_conf_adv_instance)
 <LI><a href="#[16]">ble_mesh_light_model_breath_mode_expire</a> from ble_mesh_light_model.o(i.ble_mesh_light_model_breath_mode_expire) referenced from ble_mesh_light_model.o(i.ble_mesh_light_model_unbind_mode_run)
 <LI><a href="#[17]">ble_mesh_light_model_breath_mode_work</a> from ble_mesh_light_model.o(i.ble_mesh_light_model_breath_mode_work) referenced from ble_mesh_light_model.o(i.ble_mesh_light_model_unbind_mode_run)
 <LI><a href="#[15]">ble_mesh_light_model_light_to_save</a> from ble_mesh_light_model.o(i.ble_mesh_light_model_light_to_save) referenced from ble_mesh_light_model.o(i.ble_mesh_light_model_conf_init)
 <LI><a href="#[18]">ble_sm_alg_rand</a> from ble_sm_alg.o(i.ble_sm_alg_rand) referenced from ble_sm_alg.o(i.ble_sm_alg_ecc_init)
 <LI><a href="#[13]">bt_cmd_data_uart_out_data</a> from bt_cmd_data_uart_io_adp.o(i.bt_cmd_data_uart_out_data) referenced from main.o(i.app_main)
 <LI><a href="#[95]">bt_mesh_cfg_cli_init</a> from cfg_cli.o(i.bt_mesh_cfg_cli_init) referenced from access.o(.constdata)
 <LI><a href="#[93]">bt_mesh_cfg_srv_init</a> from cfg_srv.o(i.bt_mesh_cfg_srv_init) referenced from access.o(.constdata)
 <LI><a href="#[24]">bt_mesh_gap_event</a> from mesh.o(i.bt_mesh_gap_event) referenced from mesh.o(i.bt_mesh_init)
 <LI><a href="#[96]">bt_mesh_health_cli_init</a> from health_cli.o(i.bt_mesh_health_cli_init) referenced from access.o(.constdata)
 <LI><a href="#[94]">bt_mesh_health_srv_init</a> from health_srv.o(i.bt_mesh_health_srv_init) referenced from access.o(.constdata)
 <LI><a href="#[27]">bt_mesh_net_local</a> from net.o(i.bt_mesh_net_local) referenced from net.o(i.bt_mesh_net_init)
 <LI><a href="#[e6]">buf_send_end</a> from friend.o(i.buf_send_end) referenced from friend.o(.constdata)
 <LI><a href="#[e5]">buf_send_start</a> from friend.o(i.buf_send_start) referenced from friend.o(.constdata)
 <LI><a href="#[1]">buf_sent</a> from prov.o(i.buf_sent) referenced 2 times from prov.o(.data)
 <LI><a href="#[11]">cb_putc</a> from main.o(i.cb_putc) referenced from main.o(i.app_main)
 <LI><a href="#[f3]">cfg_set</a> from settings.o(i.cfg_set) referenced from settings.o(.constdata)
 <LI><a href="#[21]">clear_timeout</a> from friend.o(i.clear_timeout) referenced from friend.o(i.bt_mesh_friend_init)
 <LI><a href="#[3e]">commit_mod</a> from settings.o(i.commit_mod) referenced from settings.o(i.mesh_commit)
 <LI><a href="#[8]">conf_fcb_load</a> from config_fcb.o(i.conf_fcb_load) referenced 2 times from config_fcb.o(.data)
 <LI><a href="#[9]">conf_fcb_save</a> from config_fcb.o(i.conf_fcb_save) referenced 2 times from config_fcb.o(.data)
 <LI><a href="#[36]">db_mesh_write_to_flash</a> from ble_mesh_flash_oper.o(i.db_mesh_write_to_flash) referenced from ble_mesh_flash_oper.o(i.fast_switch_monitor_init)
 <LI><a href="#[9f]">default_ttl_get</a> from cfg_srv.o(i.default_ttl_get) referenced from cfg_srv.o(.constdata)
 <LI><a href="#[a0]">default_ttl_set</a> from cfg_srv.o(i.default_ttl_set) referenced from cfg_srv.o(.constdata)
 <LI><a href="#[98]">dev_comp_data_get</a> from cfg_srv.o(i.dev_comp_data_get) referenced from cfg_srv.o(.constdata)
 <LI><a href="#[fb]">double_jacobian_default</a> from ecc.o(i.double_jacobian_default) referenced 2 times from ble_sm_alg.o(.constdata)
 <LI><a href="#[5]">dummy_access_cb</a> from proxy.o(i.dummy_access_cb) referenced 4 times from proxy.o(.data)
 <LI><a href="#[52]">dummy_timer_handler</a> from transition.o(i.dummy_timer_handler) referenced from transition.o(i.transition_timers_init)
 <LI><a href="#[c8]">fault_clear</a> from health_srv.o(i.fault_clear) referenced from health_srv.o(.constdata)
 <LI><a href="#[c6]">fault_get_cur</a> from health_srv.o(i.fault_get_cur) referenced from health_srv.o(.constdata)
 <LI><a href="#[c7]">fault_get_reg</a> from health_srv.o(i.fault_get_reg) referenced from health_srv.o(.constdata)
 <LI><a href="#[c9]">fault_test</a> from health_srv.o(i.fault_test) referenced from health_srv.o(.constdata)
 <LI><a href="#[e]">fputc</a> from main.o(i.fputc) referenced from printf8.o(i.__0printf$8)
 <LI><a href="#[e4]">friend_clear_sent</a> from friend.o(i.friend_clear_sent) referenced 2 times from friend.o(.constdata)
 <LI><a href="#[bd]">friend_get</a> from cfg_srv.o(i.friend_get) referenced from cfg_srv.o(.constdata)
 <LI><a href="#[eb]">friend_poll_sent_end</a> from lpn.o(i.friend_poll_sent_end) referenced from lpn.o(.constdata)
 <LI><a href="#[e9]">friend_req_end</a> from lpn.o(i.friend_req_end) referenced from lpn.o(.constdata)
 <LI><a href="#[e8]">friend_req_sent</a> from lpn.o(i.friend_req_sent) referenced from lpn.o(.constdata)
 <LI><a href="#[be]">friend_set</a> from cfg_srv.o(i.friend_set) referenced from cfg_srv.o(.constdata)
 <LI><a href="#[20]">friend_timeout</a> from friend.o(i.friend_timeout) referenced from friend.o(i.bt_mesh_friend_init)
 <LI><a href="#[a1]">gatt_proxy_get</a> from cfg_srv.o(i.gatt_proxy_get) referenced from cfg_srv.o(.constdata)
 <LI><a href="#[a2]">gatt_proxy_set</a> from cfg_srv.o(i.gatt_proxy_set) referenced from cfg_srv.o(.constdata)
 <LI><a href="#[61]">gen_def_trans_time_get</a> from device_composition.o(i.gen_def_trans_time_get) referenced from device_composition.o(.constdata)
 <LI><a href="#[62]">gen_def_trans_time_set</a> from device_composition.o(i.gen_def_trans_time_set) referenced from device_composition.o(.constdata)
 <LI><a href="#[63]">gen_def_trans_time_set_unack</a> from device_composition.o(i.gen_def_trans_time_set_unack) referenced from device_composition.o(.constdata)
 <LI><a href="#[64]">gen_def_trans_time_status</a> from device_composition.o(i.gen_def_trans_time_status) referenced from device_composition.o(.constdata)
 <LI><a href="#[5c]">gen_delta_set</a> from device_composition.o(i.gen_delta_set) referenced from device_composition.o(.constdata)
 <LI><a href="#[5d]">gen_delta_set_unack</a> from device_composition.o(i.gen_delta_set_unack) referenced from device_composition.o(.constdata)
 <LI><a href="#[59]">gen_level_get</a> from device_composition.o(i.gen_level_get) referenced from device_composition.o(.constdata)
 <LI><a href="#[5a]">gen_level_set</a> from device_composition.o(i.gen_level_set) referenced from device_composition.o(.constdata)
 <LI><a href="#[5b]">gen_level_set_unack</a> from device_composition.o(i.gen_level_set_unack) referenced from device_composition.o(.constdata)
 <LI><a href="#[60]">gen_level_status</a> from device_composition.o(i.gen_level_status) referenced from device_composition.o(.constdata)
 <LI><a href="#[5e]">gen_move_set</a> from device_composition.o(i.gen_move_set) referenced from device_composition.o(.constdata)
 <LI><a href="#[5f]">gen_move_set_unack</a> from device_composition.o(i.gen_move_set_unack) referenced from device_composition.o(.constdata)
 <LI><a href="#[55]">gen_onoff_get</a> from device_composition.o(i.gen_onoff_get) referenced from device_composition.o(.constdata)
 <LI><a href="#[56]">gen_onoff_set</a> from device_composition.o(i.gen_onoff_set) referenced from device_composition.o(.constdata)
 <LI><a href="#[57]">gen_onoff_set_unack</a> from device_composition.o(i.gen_onoff_set_unack) referenced from device_composition.o(.constdata)
 <LI><a href="#[58]">gen_onoff_status</a> from device_composition.o(i.gen_onoff_status) referenced from device_composition.o(.constdata)
 <LI><a href="#[65]">gen_onpowerup_get</a> from device_composition.o(i.gen_onpowerup_get) referenced from device_composition.o(.constdata)
 <LI><a href="#[66]">gen_onpowerup_set</a> from device_composition.o(i.gen_onpowerup_set) referenced from device_composition.o(.constdata)
 <LI><a href="#[67]">gen_onpowerup_set_unack</a> from device_composition.o(i.gen_onpowerup_set_unack) referenced from device_composition.o(.constdata)
 <LI><a href="#[68]">gen_onpowerup_status</a> from device_composition.o(i.gen_onpowerup_status) referenced from device_composition.o(.constdata)
 <LI><a href="#[e1]">gen_prov_ack</a> from prov.o(i.gen_prov_ack) referenced from prov.o(.constdata)
 <LI><a href="#[e2]">gen_prov_cont</a> from prov.o(i.gen_prov_cont) referenced from prov.o(.constdata)
 <LI><a href="#[e3]">gen_prov_ctl</a> from prov.o(i.gen_prov_ctl) referenced from prov.o(.constdata)
 <LI><a href="#[e0]">gen_prov_start</a> from prov.o(i.gen_prov_start) referenced from prov.o(.constdata)
 <LI><a href="#[f2]">hb_pub_set</a> from settings.o(i.hb_pub_set) referenced from settings.o(.constdata)
 <LI><a href="#[1d]">hb_publish</a> from cfg_srv.o(i.hb_publish) referenced from cfg_srv.o(i.bt_mesh_cfg_srv_init)
 <LI><a href="#[cb]">health_fault_clear</a> from health_srv.o(i.health_fault_clear) referenced from health_srv.o(.constdata)
 <LI><a href="#[cc]">health_fault_clear_unrel</a> from health_srv.o(i.health_fault_clear_unrel) referenced from health_srv.o(.constdata)
 <LI><a href="#[ca]">health_fault_get</a> from health_srv.o(i.health_fault_get) referenced from health_srv.o(.constdata)
 <LI><a href="#[cd]">health_fault_test</a> from health_srv.o(i.health_fault_test) referenced from health_srv.o(.constdata)
 <LI><a href="#[ce]">health_fault_test_unrel</a> from health_srv.o(i.health_fault_test_unrel) referenced from health_srv.o(.constdata)
 <LI><a href="#[cf]">health_period_get</a> from health_srv.o(i.health_period_get) referenced from health_srv.o(.constdata)
 <LI><a href="#[d0]">health_period_set</a> from health_srv.o(i.health_period_set) referenced from health_srv.o(.constdata)
 <LI><a href="#[d1]">health_period_set_unrel</a> from health_srv.o(i.health_period_set_unrel) referenced from health_srv.o(.constdata)
 <LI><a href="#[22]">health_pub_update</a> from health_srv.o(i.health_pub_update) referenced from health_srv.o(i.bt_mesh_health_srv_init)
 <LI><a href="#[c2]">heartbeat_pub_get</a> from cfg_srv.o(i.heartbeat_pub_get) referenced from cfg_srv.o(.constdata)
 <LI><a href="#[c3]">heartbeat_pub_set</a> from cfg_srv.o(i.heartbeat_pub_set) referenced from cfg_srv.o(.constdata)
 <LI><a href="#[c4]">heartbeat_sub_get</a> from cfg_srv.o(i.heartbeat_sub_get) referenced from cfg_srv.o(.constdata)
 <LI><a href="#[c5]">heartbeat_sub_set</a> from cfg_srv.o(i.heartbeat_sub_set) referenced from cfg_srv.o(.constdata)
 <LI><a href="#[ed]">iv_set</a> from settings.o(i.iv_set) referenced from settings.o(.constdata)
 <LI><a href="#[26]">ivu_refresh</a> from net.o(i.ivu_refresh) referenced from net.o(i.bt_mesh_net_init)
 <LI><a href="#[c0]">krp_get</a> from cfg_srv.o(i.krp_get) referenced from cfg_srv.o(.constdata)
 <LI><a href="#[c1]">krp_set</a> from cfg_srv.o(i.krp_set) referenced from cfg_srv.o(.constdata)
 <LI><a href="#[38]">level_lightness_tt_handler</a> from transition.o(i.level_lightness_tt_handler) referenced from transition.o(i.level_lightness_handler)
 <LI><a href="#[4c]">level_lightness_work_handler</a> from transition.o(i.level_lightness_work_handler) referenced from transition.o(i.transition_timers_init)
 <LI><a href="#[39]">level_temp_tt_handler</a> from transition.o(i.level_temp_tt_handler) referenced from transition.o(i.level_temp_handler)
 <LI><a href="#[4d]">level_temp_work_handler</a> from transition.o(i.level_temp_work_handler) referenced from transition.o(i.transition_timers_init)
 <LI><a href="#[7f]">light_ctl_default_get</a> from device_composition.o(i.light_ctl_default_get) referenced from device_composition.o(.constdata)
 <LI><a href="#[80]">light_ctl_default_set</a> from device_composition.o(i.light_ctl_default_set) referenced from device_composition.o(.constdata)
 <LI><a href="#[81]">light_ctl_default_set_unack</a> from device_composition.o(i.light_ctl_default_set_unack) referenced from device_composition.o(.constdata)
 <LI><a href="#[87]">light_ctl_default_status</a> from device_composition.o(i.light_ctl_default_status) referenced from device_composition.o(.constdata)
 <LI><a href="#[7b]">light_ctl_get</a> from device_composition.o(i.light_ctl_get) referenced from device_composition.o(.constdata)
 <LI><a href="#[7c]">light_ctl_set</a> from device_composition.o(i.light_ctl_set) referenced from device_composition.o(.constdata)
 <LI><a href="#[7d]">light_ctl_set_unack</a> from device_composition.o(i.light_ctl_set_unack) referenced from device_composition.o(.constdata)
 <LI><a href="#[84]">light_ctl_status</a> from device_composition.o(i.light_ctl_status) referenced from device_composition.o(.constdata)
 <LI><a href="#[88]">light_ctl_temp_get</a> from device_composition.o(i.light_ctl_temp_get) referenced from device_composition.o(.constdata)
 <LI><a href="#[7e]">light_ctl_temp_range_get</a> from device_composition.o(i.light_ctl_temp_range_get) referenced from device_composition.o(.constdata)
 <LI><a href="#[82]">light_ctl_temp_range_set</a> from device_composition.o(i.light_ctl_temp_range_set) referenced from device_composition.o(.constdata)
 <LI><a href="#[83]">light_ctl_temp_range_set_unack</a> from device_composition.o(i.light_ctl_temp_range_set_unack) referenced from device_composition.o(.constdata)
 <LI><a href="#[85]">light_ctl_temp_range_status</a> from device_composition.o(i.light_ctl_temp_range_status) referenced from device_composition.o(.constdata)
 <LI><a href="#[89]">light_ctl_temp_set</a> from device_composition.o(i.light_ctl_temp_set) referenced from device_composition.o(.constdata)
 <LI><a href="#[8a]">light_ctl_temp_set_unack</a> from device_composition.o(i.light_ctl_temp_set_unack) referenced from device_composition.o(.constdata)
 <LI><a href="#[86]">light_ctl_temp_status</a> from device_composition.o(i.light_ctl_temp_status) referenced from device_composition.o(.constdata)
 <LI><a href="#[3b]">light_ctl_temp_tt_handler</a> from transition.o(i.light_ctl_temp_tt_handler) referenced from transition.o(i.light_ctl_temp_handler)
 <LI><a href="#[51]">light_ctl_temp_work_handler</a> from transition.o(i.light_ctl_temp_work_handler) referenced from transition.o(i.transition_timers_init)
 <LI><a href="#[3a]">light_ctl_tt_handler</a> from transition.o(i.light_ctl_tt_handler) referenced from transition.o(i.light_ctl_handler)
 <LI><a href="#[50]">light_ctl_work_handler</a> from transition.o(i.light_ctl_work_handler) referenced from transition.o(i.transition_timers_init)
 <LI><a href="#[8f]">light_hsl_get</a> from device_composition.o(i.light_hsl_get) referenced from device_composition.o(.constdata)
 <LI><a href="#[90]">light_hsl_set</a> from device_composition.o(i.light_hsl_set) referenced from device_composition.o(.constdata)
 <LI><a href="#[91]">light_hsl_set_unack</a> from device_composition.o(i.light_hsl_set_unack) referenced from device_composition.o(.constdata)
 <LI><a href="#[3c]">light_lightness_actual_tt_handler</a> from transition.o(i.light_lightness_actual_tt_handler) referenced from transition.o(i.light_lightness_actual_handler)
 <LI><a href="#[4e]">light_lightness_actual_work_handler</a> from transition.o(i.light_lightness_actual_work_handler) referenced from transition.o(i.transition_timers_init)
 <LI><a href="#[70]">light_lightness_default_get</a> from device_composition.o(i.light_lightness_default_get) referenced from device_composition.o(.constdata)
 <LI><a href="#[72]">light_lightness_default_set</a> from device_composition.o(i.light_lightness_default_set) referenced from device_composition.o(.constdata)
 <LI><a href="#[73]">light_lightness_default_set_unack</a> from device_composition.o(i.light_lightness_default_set_unack) referenced from device_composition.o(.constdata)
 <LI><a href="#[79]">light_lightness_default_status</a> from device_composition.o(i.light_lightness_default_status) referenced from device_composition.o(.constdata)
 <LI><a href="#[69]">light_lightness_get</a> from device_composition.o(i.light_lightness_get) referenced from device_composition.o(.constdata)
 <LI><a href="#[6f]">light_lightness_last_get</a> from device_composition.o(i.light_lightness_last_get) referenced from device_composition.o(.constdata)
 <LI><a href="#[78]">light_lightness_last_status</a> from device_composition.o(i.light_lightness_last_status) referenced from device_composition.o(.constdata)
 <LI><a href="#[6c]">light_lightness_linear_get</a> from device_composition.o(i.light_lightness_linear_get) referenced from device_composition.o(.constdata)
 <LI><a href="#[6d]">light_lightness_linear_set</a> from device_composition.o(i.light_lightness_linear_set) referenced from device_composition.o(.constdata)
 <LI><a href="#[6e]">light_lightness_linear_set_unack</a> from device_composition.o(i.light_lightness_linear_set_unack) referenced from device_composition.o(.constdata)
 <LI><a href="#[77]">light_lightness_linear_status</a> from device_composition.o(i.light_lightness_linear_status) referenced from device_composition.o(.constdata)
 <LI><a href="#[3d]">light_lightness_linear_tt_handler</a> from transition.o(i.light_lightness_linear_tt_handler) referenced from transition.o(i.light_lightness_linear_handler)
 <LI><a href="#[4f]">light_lightness_linear_work_handler</a> from transition.o(i.light_lightness_linear_work_handler) referenced from transition.o(i.transition_timers_init)
 <LI><a href="#[71]">light_lightness_range_get</a> from device_composition.o(i.light_lightness_range_get) referenced from device_composition.o(.constdata)
 <LI><a href="#[74]">light_lightness_range_set</a> from device_composition.o(i.light_lightness_range_set) referenced from device_composition.o(.constdata)
 <LI><a href="#[75]">light_lightness_range_set_unack</a> from device_composition.o(i.light_lightness_range_set_unack) referenced from device_composition.o(.constdata)
 <LI><a href="#[7a]">light_lightness_range_status</a> from device_composition.o(i.light_lightness_range_status) referenced from device_composition.o(.constdata)
 <LI><a href="#[6a]">light_lightness_set</a> from device_composition.o(i.light_lightness_set) referenced from device_composition.o(.constdata)
 <LI><a href="#[6b]">light_lightness_set_unack</a> from device_composition.o(i.light_lightness_set_unack) referenced from device_composition.o(.constdata)
 <LI><a href="#[76]">light_lightness_status</a> from device_composition.o(i.light_lightness_status) referenced from device_composition.o(.constdata)
 <LI><a href="#[25]">lpn_timeout</a> from lpn.o(i.lpn_timeout) referenced from lpn.o(i.bt_mesh_lpn_init)
 <LI><a href="#[bf]">lpn_timeout_get</a> from cfg_srv.o(i.lpn_timeout_get) referenced from cfg_srv.o(.constdata)
 <LI><a href="#[b]">main</a> from startup_ing91800.o(.text) referenced from entry9a.o(.ARM.Collect$$$$0000000B)
 <LI><a href="#[7]">mesh_commit</a> from settings.o(i.mesh_commit) referenced 2 times from settings.o(.data)
 <LI><a href="#[6]">mesh_set</a> from settings.o(i.mesh_set) referenced 2 times from settings.o(.data)
 <LI><a href="#[6]">mesh_set</a> from settings.o(i.mesh_set) referenced from settings.o(i.conf_parse_and_lookup_new)
 <LI><a href="#[32]">mesh_task</a> from mesh_queue.o(i.mesh_task) referenced from mesh_queue.o(i.create_mesh_task)
 <LI><a href="#[33]">mesh_thread</a> from mesh_queue.o(i.mesh_thread) referenced from mesh_queue.o(i.create_mesh_task)
 <LI><a href="#[b9]">mod_app_bind</a> from cfg_srv.o(i.mod_app_bind) referenced from cfg_srv.o(.constdata)
 <LI><a href="#[bb]">mod_app_get</a> from cfg_srv.o(i.mod_app_get) referenced 2 times from cfg_srv.o(.constdata)
 <LI><a href="#[ba]">mod_app_unbind</a> from cfg_srv.o(i.mod_app_unbind) referenced from cfg_srv.o(.constdata)
 <LI><a href="#[1f]">mod_init</a> from access.o(i.mod_init) referenced from access.o(i.bt_mesh_comp_register)
 <LI><a href="#[a7]">mod_pub_get</a> from cfg_srv.o(i.mod_pub_get) referenced from cfg_srv.o(.constdata)
 <LI><a href="#[a8]">mod_pub_set</a> from cfg_srv.o(i.mod_pub_set) referenced from cfg_srv.o(.constdata)
 <LI><a href="#[a9]">mod_pub_va_set</a> from cfg_srv.o(i.mod_pub_va_set) referenced from cfg_srv.o(.constdata)
 <LI><a href="#[43]">mod_publish</a> from access.o(i.mod_publish) referenced from access.o(i.mod_init)
 <LI><a href="#[1c]">mod_reset</a> from cfg_srv.o(i.mod_reset) referenced from cfg_srv.o(i.bt_mesh_cfg_reset)
 <LI><a href="#[aa]">mod_sub_add</a> from cfg_srv.o(i.mod_sub_add) referenced from cfg_srv.o(.constdata)
 <LI><a href="#[ac]">mod_sub_del</a> from cfg_srv.o(i.mod_sub_del) referenced from cfg_srv.o(.constdata)
 <LI><a href="#[b0]">mod_sub_del_all</a> from cfg_srv.o(i.mod_sub_del_all) referenced from cfg_srv.o(.constdata)
 <LI><a href="#[b1]">mod_sub_get</a> from cfg_srv.o(i.mod_sub_get) referenced from cfg_srv.o(.constdata)
 <LI><a href="#[b2]">mod_sub_get_vnd</a> from cfg_srv.o(i.mod_sub_get_vnd) referenced from cfg_srv.o(.constdata)
 <LI><a href="#[ae]">mod_sub_overwrite</a> from cfg_srv.o(i.mod_sub_overwrite) referenced from cfg_srv.o(.constdata)
 <LI><a href="#[ab]">mod_sub_va_add</a> from cfg_srv.o(i.mod_sub_va_add) referenced from cfg_srv.o(.constdata)
 <LI><a href="#[ad]">mod_sub_va_del</a> from cfg_srv.o(i.mod_sub_va_del) referenced from cfg_srv.o(.constdata)
 <LI><a href="#[af]">mod_sub_va_overwrite</a> from cfg_srv.o(i.mod_sub_va_overwrite) referenced from cfg_srv.o(.constdata)
 <LI><a href="#[b3]">net_key_add</a> from cfg_srv.o(i.net_key_add) referenced from cfg_srv.o(.constdata)
 <LI><a href="#[b5]">net_key_del</a> from cfg_srv.o(i.net_key_del) referenced from cfg_srv.o(.constdata)
 <LI><a href="#[b6]">net_key_get</a> from cfg_srv.o(i.net_key_get) referenced from cfg_srv.o(.constdata)
 <LI><a href="#[f0]">net_key_set</a> from settings.o(i.net_key_set) referenced from settings.o(.constdata)
 <LI><a href="#[b4]">net_key_update</a> from cfg_srv.o(i.net_key_update) referenced from cfg_srv.o(.constdata)
 <LI><a href="#[ec]">net_set</a> from settings.o(i.net_set) referenced from settings.o(.constdata)
 <LI><a href="#[a3]">net_transmit_get</a> from cfg_srv.o(i.net_transmit_get) referenced from cfg_srv.o(.constdata)
 <LI><a href="#[a4]">net_transmit_set</a> from cfg_srv.o(i.net_transmit_set) referenced from cfg_srv.o(.constdata)
 <LI><a href="#[b7]">node_identity_get</a> from cfg_srv.o(i.node_identity_get) referenced from cfg_srv.o(.constdata)
 <LI><a href="#[b8]">node_identity_set</a> from cfg_srv.o(i.node_identity_set) referenced from cfg_srv.o(.constdata)
 <LI><a href="#[bc]">node_reset</a> from cfg_srv.o(i.node_reset) referenced from cfg_srv.o(.constdata)
 <LI><a href="#[1e]">node_reset_after</a> from cfg_srv.o(i.node_reset_after) referenced from cfg_srv.o(i.bt_mesh_cfg_srv_init)
 <LI><a href="#[f6]">node_set</a> from settings.o(i.node_set) referenced from settings.o(.constdata)
 <LI><a href="#[45]">onoff_tt_handler</a> from transition.o(i.onoff_tt_handler) referenced from transition.o(i.onoff_handler)
 <LI><a href="#[4b]">onoff_work_handler</a> from transition.o(i.onoff_work_handler) referenced from transition.o(i.transition_timers_init)
 <LI><a href="#[44]">os_callout_timer_cb</a> from npl_os_freertos.o(i.os_callout_timer_cb) referenced from npl_os_freertos.o(i.npl_freertos_callout_init)
 <LI><a href="#[30]">peripherals_gpio_isr</a> from chip_peripherals.o(i.peripherals_gpio_isr) referenced from chip_peripherals.o(i.chip_peripherals_init)
 <LI><a href="#[2b]">protocol_timeout</a> from prov.o(i.protocol_timeout) referenced from prov.o(i.bt_mesh_prov_init)
 <LI><a href="#[d7]">prov_capabilities</a> from prov.o(i.prov_capabilities) referenced from prov.o(.constdata)
 <LI><a href="#[53]">prov_complete</a> from ble_mesh_app.o(i.prov_complete) referenced 2 times from ble_mesh_app.o(.constdata)
 <LI><a href="#[db]">prov_confirm</a> from prov.o(i.prov_confirm) referenced from prov.o(.constdata)
 <LI><a href="#[dd]">prov_data</a> from prov.o(i.prov_data) referenced from prov.o(.constdata)
 <LI><a href="#[46]">prov_dh_key_cb</a> from prov.o(i.prov_dh_key_cb) referenced from prov.o(i.prov_pub_key)
 <LI><a href="#[46]">prov_dh_key_cb</a> from prov.o(i.prov_dh_key_cb) referenced from prov.o(i.send_pub_key)
 <LI><a href="#[df]">prov_failed</a> from prov.o(i.prov_failed) referenced from prov.o(.constdata)
 <LI><a href="#[da]">prov_input_complete</a> from prov.o(i.prov_input_complete) referenced from prov.o(.constdata)
 <LI><a href="#[d6]">prov_invite</a> from prov.o(i.prov_invite) referenced from prov.o(.constdata)
 <LI><a href="#[d9]">prov_pub_key</a> from prov.o(i.prov_pub_key) referenced from prov.o(.constdata)
 <LI><a href="#[dc]">prov_random</a> from prov.o(i.prov_random) referenced from prov.o(.constdata)
 <LI><a href="#[54]">prov_reset</a> from ble_mesh_app.o(i.prov_reset) referenced from ble_mesh_app.o(.constdata)
 <LI><a href="#[29]">prov_retransmit</a> from prov.o(i.prov_retransmit) referenced from prov.o(i.bt_mesh_prov_init)
 <LI><a href="#[d8]">prov_start</a> from prov.o(i.prov_start) referenced from prov.o(.constdata)
 <LI><a href="#[2a]">prov_whitelist_remove</a> from prov.o(i.prov_whitelist_remove) referenced from prov.o(i.bt_mesh_prov_init)
 <LI><a href="#[4]">proxy_recv</a> from proxy.o(i.proxy_recv) referenced 4 times from proxy.o(.data)
 <LI><a href="#[2c]">proxy_send_beacons</a> from proxy.o(i.proxy_send_beacons) referenced from proxy.o(i.bt_mesh_proxy_init)
 <LI><a href="#[42]">proxy_service_adv_sent</a> from mesh_queue.o(i.proxy_service_adv_sent) referenced from mesh_queue.o(i.meshque_msg_dispose)
 <LI><a href="#[3]">pub_key_ready</a> from prov.o(i.pub_key_ready) referenced 2 times from prov.o(.data)
 <LI><a href="#[2]">pub_key_ready_for_next</a> from prov.o(i.pub_key_ready_for_next) referenced 4 times from prov.o(.data)
 <LI><a href="#[92]">publish_sent</a> from access.o(i.publish_sent) referenced from access.o(.constdata)
 <LI><a href="#[35]">read_mesh_from_flash</a> from ble_mesh_flash_oper.o(i.read_mesh_from_flash) referenced from ble_mesh_flash_oper.o(i.fast_switch_monitor_init)
 <LI><a href="#[a5]">relay_get</a> from cfg_srv.o(i.relay_get) referenced from cfg_srv.o(.constdata)
 <LI><a href="#[a6]">relay_set</a> from cfg_srv.o(i.relay_set) referenced from cfg_srv.o(.constdata)
 <LI><a href="#[28]">relay_stop</a> from net.o(i.relay_stop) referenced from net.o(i.bt_mesh_net_init)
 <LI><a href="#[ea]">req_sent</a> from lpn.o(i.req_sent) referenced from lpn.o(.constdata)
 <LI><a href="#[ef]">rpl_set</a> from settings.o(i.rpl_set) referenced from settings.o(.constdata)
 <LI><a href="#[2f]">seg_ack</a> from transport.o(i.seg_ack) referenced from transport.o(i.bt_mesh_trans_init)
 <LI><a href="#[f7]">seg_first_send_start</a> from transport.o(i.seg_first_send_start) referenced from transport.o(.constdata)
 <LI><a href="#[2e]">seg_retransmit</a> from transport.o(i.seg_retransmit) referenced from transport.o(i.bt_mesh_trans_init)
 <LI><a href="#[f9]">seg_send_start</a> from transport.o(i.seg_send_start) referenced from transport.o(.constdata)
 <LI><a href="#[f8]">seg_sent</a> from transport.o(i.seg_sent) referenced 2 times from transport.o(.constdata)
 <LI><a href="#[fa]">send_ack_end</a> from transport.o(i.send_ack_end) referenced from transport.o(.constdata)
 <LI><a href="#[ee]">seq_set</a> from settings.o(i.seq_set) referenced from settings.o(.constdata)
 <LI><a href="#[12]">setup_profile</a> from profile.o(i.setup_profile) referenced from main.o(i.app_main)
 <LI><a href="#[f4]">sig_mod_set</a> from settings.o(i.sig_mod_set) referenced from settings.o(.constdata)
 <LI><a href="#[2d]">store_pending</a> from settings.o(i.store_pending) referenced from settings.o(i.bt_mesh_settings_init)
 <LI><a href="#[4a]">store_pending_mod</a> from settings.o(i.store_pending_mod) referenced from settings.o(i.store_pending)
 <LI><a href="#[41]">user_packet_handler</a> from mesh_srv.o(i.user_packet_handler) referenced from mesh_srv.o(i.mesh_env_init)
 <LI><a href="#[49]">user_packet_handler</a> from profile.o(i.user_packet_handler) referenced from profile.o(i.setup_profile)
 <LI><a href="#[31]">visit_mesh</a> from config_store.o(i.visit_mesh) referenced from settings.o(i.conf_load_new)
 <LI><a href="#[fd]">vli_mmod_fast_secp256r1</a> from ecc.o(i.vli_mmod_fast_secp256r1) referenced 2 times from ble_sm_alg.o(.constdata)
 <LI><a href="#[8b]">vnd_get</a> from device_composition.o(i.vnd_get) referenced 2 times from device_composition.o(.constdata)
 <LI><a href="#[f5]">vnd_mod_set</a> from settings.o(i.vnd_mod_set) referenced from settings.o(.constdata)
 <LI><a href="#[8c]">vnd_set</a> from device_composition.o(i.vnd_set) referenced 2 times from device_composition.o(.constdata)
 <LI><a href="#[8d]">vnd_set_unack</a> from device_composition.o(i.vnd_set_unack) referenced 2 times from device_composition.o(.constdata)
 <LI><a href="#[8e]">vnd_status</a> from device_composition.o(i.vnd_status) referenced 5 times from device_composition.o(.constdata)
 <LI><a href="#[fc]">x_side_default</a> from ecc.o(i.x_side_default) referenced 2 times from ble_sm_alg.o(.constdata)
</UL>
<P>
<H3>
Global Symbols
</H3>
<P><STRONG><a name="[458]"></a>att_server_get_mtu</STRONG> (Thumb, 0 bytes, Stack size 0 bytes, symdefs.m(ABSOLUTE))
<BR><BR>[Called By]<UL><LI><a href="#[1d1]">&gt;&gt;</a>&nbsp;&nbsp;&nbsp;proxy_segment_and_send
</UL>

<P><STRONG><a name="[3f5]"></a>att_server_init</STRONG> (Thumb, 0 bytes, Stack size 0 bytes, symdefs.m(ABSOLUTE))
<BR><BR>[Called By]<UL><LI><a href="#[3f0]">&gt;&gt;</a>&nbsp;&nbsp;&nbsp;mesh_env_init
<LI><a href="#[49]">&gt;&gt;</a>&nbsp;&nbsp;&nbsp;user_packet_handler
<LI><a href="#[12]">&gt;&gt;</a>&nbsp;&nbsp;&nbsp;setup_profile
<LI><a href="#[41]">&gt;&gt;</a>&nbsp;&nbsp;&nbsp;user_packet_handler
</UL>

<P><STRONG><a name="[1f0]"></a>att_server_notify</STRONG> (Thumb, 0 bytes, Stack size 0 bytes, symdefs.m(ABSOLUTE))
<BR><BR>[Called By]<UL><LI><a href="#[1ef]">&gt;&gt;</a>&nbsp;&nbsp;&nbsp;ble_gattc_notify_custom
</UL>

<P><STRONG><a name="[3f7]"></a>att_server_register_packet_handler</STRONG> (Thumb, 0 bytes, Stack size 0 bytes, symdefs.m(ABSOLUTE))
<BR><BR>[Called By]<UL><LI><a href="#[3f0]">&gt;&gt;</a>&nbsp;&nbsp;&nbsp;mesh_env_init
<LI><a href="#[12]">&gt;&gt;</a>&nbsp;&nbsp;&nbsp;setup_profile
</UL>

<P><STRONG><a name="[4a2]"></a>att_set_db</STRONG> (Thumb, 0 bytes, Stack size 0 bytes, symdefs.m(ABSOLUTE))
<BR><BR>[Called By]<UL><LI><a href="#[49]">&gt;&gt;</a>&nbsp;&nbsp;&nbsp;user_packet_handler
<LI><a href="#[41]">&gt;&gt;</a>&nbsp;&nbsp;&nbsp;user_packet_handler
</UL>

<P><STRONG><a name="[3b2]"></a>btstack_push_user_msg</STRONG> (Thumb, 0 bytes, Stack size 0 bytes, symdefs.m(ABSOLUTE))
<BR><BR>[Called By]<UL><LI><a href="#[3c8]">&gt;&gt;</a>&nbsp;&nbsp;&nbsp;kb_report_trigger_send
<LI><a href="#[1e1]">&gt;&gt;</a>&nbsp;&nbsp;&nbsp;hci_cmds_put
<LI><a href="#[21e]">&gt;&gt;</a>&nbsp;&nbsp;&nbsp;start_aes
<LI><a href="#[247]">&gt;&gt;</a>&nbsp;&nbsp;&nbsp;start_ccm
<LI><a href="#[401]">&gt;&gt;</a>&nbsp;&nbsp;&nbsp;meshque_msg_dispose
</UL>

<P><STRONG><a name="[496]"></a>gap_add_whitelist</STRONG> (Thumb, 0 bytes, Stack size 0 bytes, symdefs.m(ABSOLUTE))
<BR><BR>[Called By]<UL><LI><a href="#[494]">&gt;&gt;</a>&nbsp;&nbsp;&nbsp;user_msg_handler
</UL>

<P><STRONG><a name="[498]"></a>gap_aes_encrypt</STRONG> (Thumb, 0 bytes, Stack size 0 bytes, symdefs.m(ABSOLUTE))
<BR><BR>[Called By]<UL><LI><a href="#[494]">&gt;&gt;</a>&nbsp;&nbsp;&nbsp;user_msg_handler
</UL>

<P><STRONG><a name="[4a0]"></a>gap_clear_white_lists</STRONG> (Thumb, 0 bytes, Stack size 0 bytes, symdefs.m(ABSOLUTE))
<BR><BR>[Called By]<UL><LI><a href="#[494]">&gt;&gt;</a>&nbsp;&nbsp;&nbsp;user_msg_handler
</UL>

<P><STRONG><a name="[49f]"></a>gap_disconnect</STRONG> (Thumb, 0 bytes, Stack size 0 bytes, symdefs.m(ABSOLUTE))
<BR><BR>[Called By]<UL><LI><a href="#[494]">&gt;&gt;</a>&nbsp;&nbsp;&nbsp;user_msg_handler
</UL>

<P><STRONG><a name="[49d]"></a>gap_set_adv_set_random_addr</STRONG> (Thumb, 0 bytes, Stack size 0 bytes, symdefs.m(ABSOLUTE))
<BR><BR>[Called By]<UL><LI><a href="#[49]">&gt;&gt;</a>&nbsp;&nbsp;&nbsp;user_packet_handler
<LI><a href="#[494]">&gt;&gt;</a>&nbsp;&nbsp;&nbsp;user_msg_handler
</UL>

<P><STRONG><a name="[49c]"></a>gap_set_ext_adv_data</STRONG> (Thumb, 0 bytes, Stack size 0 bytes, symdefs.m(ABSOLUTE))
<BR><BR>[Called By]<UL><LI><a href="#[49]">&gt;&gt;</a>&nbsp;&nbsp;&nbsp;user_packet_handler
<LI><a href="#[494]">&gt;&gt;</a>&nbsp;&nbsp;&nbsp;user_msg_handler
</UL>

<P><STRONG><a name="[49a]"></a>gap_set_ext_adv_enable</STRONG> (Thumb, 0 bytes, Stack size 0 bytes, symdefs.m(ABSOLUTE))
<BR><BR>[Called By]<UL><LI><a href="#[49]">&gt;&gt;</a>&nbsp;&nbsp;&nbsp;user_packet_handler
<LI><a href="#[494]">&gt;&gt;</a>&nbsp;&nbsp;&nbsp;user_msg_handler
</UL>

<P><STRONG><a name="[49b]"></a>gap_set_ext_adv_para</STRONG> (Thumb, 0 bytes, Stack size 0 bytes, symdefs.m(ABSOLUTE))
<BR><BR>[Called By]<UL><LI><a href="#[49]">&gt;&gt;</a>&nbsp;&nbsp;&nbsp;user_packet_handler
<LI><a href="#[494]">&gt;&gt;</a>&nbsp;&nbsp;&nbsp;user_msg_handler
</UL>

<P><STRONG><a name="[499]"></a>gap_set_ext_scan_enable</STRONG> (Thumb, 0 bytes, Stack size 0 bytes, symdefs.m(ABSOLUTE))
<BR><BR>[Called By]<UL><LI><a href="#[494]">&gt;&gt;</a>&nbsp;&nbsp;&nbsp;user_msg_handler
</UL>

<P><STRONG><a name="[49e]"></a>gap_set_ext_scan_para</STRONG> (Thumb, 0 bytes, Stack size 0 bytes, symdefs.m(ABSOLUTE))
<BR><BR>[Called By]<UL><LI><a href="#[494]">&gt;&gt;</a>&nbsp;&nbsp;&nbsp;user_msg_handler
</UL>

<P><STRONG><a name="[495]"></a>gap_set_ext_scan_response_data</STRONG> (Thumb, 0 bytes, Stack size 0 bytes, symdefs.m(ABSOLUTE))
<BR><BR>[Called By]<UL><LI><a href="#[49]">&gt;&gt;</a>&nbsp;&nbsp;&nbsp;user_packet_handler
<LI><a href="#[494]">&gt;&gt;</a>&nbsp;&nbsp;&nbsp;user_msg_handler
</UL>

<P><STRONG><a name="[4a1]"></a>gap_set_random_device_address</STRONG> (Thumb, 0 bytes, Stack size 0 bytes, symdefs.m(ABSOLUTE))
<BR><BR>[Called By]<UL><LI><a href="#[49]">&gt;&gt;</a>&nbsp;&nbsp;&nbsp;user_packet_handler
</UL>

<P><STRONG><a name="[497]"></a>gap_start_ccm</STRONG> (Thumb, 0 bytes, Stack size 0 bytes, symdefs.m(ABSOLUTE))
<BR><BR>[Called By]<UL><LI><a href="#[494]">&gt;&gt;</a>&nbsp;&nbsp;&nbsp;user_msg_handler
</UL>

<P><STRONG><a name="[3f6]"></a>hci_add_event_handler</STRONG> (Thumb, 0 bytes, Stack size 0 bytes, symdefs.m(ABSOLUTE))
<BR><BR>[Called By]<UL><LI><a href="#[3f0]">&gt;&gt;</a>&nbsp;&nbsp;&nbsp;mesh_env_init
<LI><a href="#[12]">&gt;&gt;</a>&nbsp;&nbsp;&nbsp;setup_profile
</UL>

<P><STRONG><a name="[318]"></a>kv_commit</STRONG> (Thumb, 0 bytes, Stack size 0 bytes, symdefs.m(ABSOLUTE))
<BR><BR>[Called By]<UL><LI><a href="#[37c]">&gt;&gt;</a>&nbsp;&nbsp;&nbsp;initial_fac_conf
<LI><a href="#[37b]">&gt;&gt;</a>&nbsp;&nbsp;&nbsp;fast_switch_monitor
<LI><a href="#[316]">&gt;&gt;</a>&nbsp;&nbsp;&nbsp;bt_mesh_reset
</UL>

<P><STRONG><a name="[1fc]"></a>kv_get</STRONG> (Thumb, 0 bytes, Stack size 0 bytes, symdefs.m(ABSOLUTE))
<BR><BR>[Called By]<UL><LI><a href="#[37b]">&gt;&gt;</a>&nbsp;&nbsp;&nbsp;fast_switch_monitor
<LI><a href="#[19e]">&gt;&gt;</a>&nbsp;&nbsp;&nbsp;ble_mesh_light_model_power_on
<LI><a href="#[3f9]">&gt;&gt;</a>&nbsp;&nbsp;&nbsp;mesh_flash_sys_init
</UL>

<P><STRONG><a name="[37d]"></a>kv_init</STRONG> (Thumb, 0 bytes, Stack size 0 bytes, symdefs.m(ABSOLUTE))
<BR><BR>[Called By]<UL><LI><a href="#[19d]">&gt;&gt;</a>&nbsp;&nbsp;&nbsp;fast_switch_monitor_init
</UL>

<P><STRONG><a name="[186]"></a>kv_put</STRONG> (Thumb, 0 bytes, Stack size 0 bytes, symdefs.m(ABSOLUTE))
<BR><BR>[Called By]<UL><LI><a href="#[3be]">&gt;&gt;</a>&nbsp;&nbsp;&nbsp;write_control_word2mirror
<LI><a href="#[37c]">&gt;&gt;</a>&nbsp;&nbsp;&nbsp;initial_fac_conf
<LI><a href="#[37b]">&gt;&gt;</a>&nbsp;&nbsp;&nbsp;fast_switch_monitor
<LI><a href="#[34]">&gt;&gt;</a>&nbsp;&nbsp;&nbsp;after_power_on
<LI><a href="#[15]">&gt;&gt;</a>&nbsp;&nbsp;&nbsp;ble_mesh_light_model_light_to_save
<LI><a href="#[316]">&gt;&gt;</a>&nbsp;&nbsp;&nbsp;bt_mesh_reset
<LI><a href="#[dd]">&gt;&gt;</a>&nbsp;&nbsp;&nbsp;prov_data
<LI><a href="#[357]">&gt;&gt;</a>&nbsp;&nbsp;&nbsp;write2mirror
<LI><a href="#[47b]">&gt;&gt;</a>&nbsp;&nbsp;&nbsp;sync_node_addr
<LI><a href="#[47a]">&gt;&gt;</a>&nbsp;&nbsp;&nbsp;sync_net_key
<LI><a href="#[479]">&gt;&gt;</a>&nbsp;&nbsp;&nbsp;sync_app_key
</UL>

<P><STRONG><a name="[303]"></a>kv_remove</STRONG> (Thumb, 0 bytes, Stack size 0 bytes, symdefs.m(ABSOLUTE))
<BR><BR>[Called By]<UL><LI><a href="#[300]">&gt;&gt;</a>&nbsp;&nbsp;&nbsp;bt_mesh_provision
<LI><a href="#[406]">&gt;&gt;</a>&nbsp;&nbsp;&nbsp;sync_kv
<LI><a href="#[401]">&gt;&gt;</a>&nbsp;&nbsp;&nbsp;meshque_msg_dispose
<LI><a href="#[357]">&gt;&gt;</a>&nbsp;&nbsp;&nbsp;write2mirror
</UL>

<P><STRONG><a name="[317]"></a>kv_remove_all</STRONG> (Thumb, 0 bytes, Stack size 0 bytes, symdefs.m(ABSOLUTE))
<BR><BR>[Called By]<UL><LI><a href="#[37c]">&gt;&gt;</a>&nbsp;&nbsp;&nbsp;initial_fac_conf
<LI><a href="#[316]">&gt;&gt;</a>&nbsp;&nbsp;&nbsp;bt_mesh_reset
</UL>

<P><STRONG><a name="[360]"></a>kv_visit</STRONG> (Thumb, 0 bytes, Stack size 0 bytes, symdefs.m(ABSOLUTE))
<BR><BR>[Called By]<UL><LI><a href="#[35f]">&gt;&gt;</a>&nbsp;&nbsp;&nbsp;conf_load_new
</UL>

<P><STRONG><a name="[19f]"></a>platform_config</STRONG> (Thumb, 0 bytes, Stack size 0 bytes, symdefs.m(ABSOLUTE))
<BR><BR>[Called By]<UL><LI><a href="#[d]">&gt;&gt;</a>&nbsp;&nbsp;&nbsp;app_main
</UL>

<P><STRONG><a name="[434]"></a>platform_get_version</STRONG> (Thumb, 0 bytes, Stack size 0 bytes, symdefs.m(ABSOLUTE))
<BR><BR>[Called By]<UL><LI><a href="#[3bd]">&gt;&gt;</a>&nbsp;&nbsp;&nbsp;ota_init_service
</UL>

<P><STRONG><a name="[1b9]"></a>platform_printf</STRONG> (Thumb, 0 bytes, Stack size 0 bytes, symdefs.m(ABSOLUTE))
<BR><BR>[Called By]<UL><LI><a href="#[1b3]">&gt;&gt;</a>&nbsp;&nbsp;&nbsp;att_db_util_assert_space
</UL>

<P><STRONG><a name="[13d]"></a>platform_raise_assertion</STRONG> (Thumb, 0 bytes, Stack size 0 bytes, symdefs.m(ABSOLUTE))
<BR><BR>[Called By]<UL><LI><a href="#[3fc]">&gt;&gt;</a>&nbsp;&nbsp;&nbsp;mesh_service_trigger
<LI><a href="#[3f9]">&gt;&gt;</a>&nbsp;&nbsp;&nbsp;mesh_flash_sys_init
<LI><a href="#[1e1]">&gt;&gt;</a>&nbsp;&nbsp;&nbsp;hci_cmds_put
<LI><a href="#[13b]">&gt;&gt;</a>&nbsp;&nbsp;&nbsp;Host2Mesh_msg_send
<LI><a href="#[41]">&gt;&gt;</a>&nbsp;&nbsp;&nbsp;user_packet_handler
<LI><a href="#[3f]">&gt;&gt;</a>&nbsp;&nbsp;&nbsp;att_write_callback
<LI><a href="#[417]">&gt;&gt;</a>&nbsp;&nbsp;&nbsp;npl_freertos_eventq_put
<LI><a href="#[5]">&gt;&gt;</a>&nbsp;&nbsp;&nbsp;dummy_access_cb
<LI><a href="#[374]">&gt;&gt;</a>&nbsp;&nbsp;&nbsp;encode_mod_path
</UL>

<P><STRONG><a name="[43b]"></a>platform_reset</STRONG> (Thumb, 0 bytes, Stack size 0 bytes, symdefs.m(ABSOLUTE))
<BR><BR>[Called By]<UL><LI><a href="#[1bd]">&gt;&gt;</a>&nbsp;&nbsp;&nbsp;ota_write_callback
</UL>

<P><STRONG><a name="[19b]"></a>platform_set_evt_callback</STRONG> (Thumb, 0 bytes, Stack size 0 bytes, symdefs.m(ABSOLUTE))
<BR><BR>[Called By]<UL><LI><a href="#[d]">&gt;&gt;</a>&nbsp;&nbsp;&nbsp;app_main
</UL>

<P><STRONG><a name="[34c]"></a>platform_set_irq_callback</STRONG> (Thumb, 0 bytes, Stack size 0 bytes, symdefs.m(ABSOLUTE))
<BR><BR>[Called By]<UL><LI><a href="#[19c]">&gt;&gt;</a>&nbsp;&nbsp;&nbsp;chip_peripherals_init
</UL>

<P><STRONG><a name="[34a]"></a>platform_set_rf_clk_source</STRONG> (Thumb, 0 bytes, Stack size 0 bytes, symdefs.m(ABSOLUTE))
<BR><BR>[Called By]<UL><LI><a href="#[19c]">&gt;&gt;</a>&nbsp;&nbsp;&nbsp;chip_peripherals_init
</UL>

<P><STRONG><a name="[43a]"></a>platform_switch_app</STRONG> (Thumb, 0 bytes, Stack size 0 bytes, symdefs.m(ABSOLUTE))
<BR><BR>[Called By]<UL><LI><a href="#[1bd]">&gt;&gt;</a>&nbsp;&nbsp;&nbsp;ota_write_callback
</UL>

<P><STRONG><a name="[42a]"></a>pvTimerGetTimerID</STRONG> (Thumb, 0 bytes, Stack size 0 bytes, symdefs.m(ABSOLUTE))
<BR><BR>[Called By]<UL><LI><a href="#[44]">&gt;&gt;</a>&nbsp;&nbsp;&nbsp;os_callout_timer_cb
</UL>

<P><STRONG><a name="[1b4]"></a>reverse_128</STRONG> (Thumb, 0 bytes, Stack size 0 bytes, symdefs.m(ABSOLUTE))
<BR><BR>[Called By]<UL><LI><a href="#[41]">&gt;&gt;</a>&nbsp;&nbsp;&nbsp;user_packet_handler
<LI><a href="#[1b2]">&gt;&gt;</a>&nbsp;&nbsp;&nbsp;att_db_util_add_attribute_uuid128
<LI><a href="#[1b8]">&gt;&gt;</a>&nbsp;&nbsp;&nbsp;att_db_util_add_service_uuid128
<LI><a href="#[1b7]">&gt;&gt;</a>&nbsp;&nbsp;&nbsp;att_db_util_add_characteristic_uuid128
</UL>

<P><STRONG><a name="[1ea]"></a>reverse_bd_addr</STRONG> (Thumb, 0 bytes, Stack size 0 bytes, symdefs.m(ABSOLUTE))
<BR><BR>[Called By]<UL><LI><a href="#[41]">&gt;&gt;</a>&nbsp;&nbsp;&nbsp;user_packet_handler
<LI><a href="#[448]">&gt;&gt;</a>&nbsp;&nbsp;&nbsp;prov_authen_TMO
<LI><a href="#[1e6]">&gt;&gt;</a>&nbsp;&nbsp;&nbsp;ble_gap_ext_adv_configure
</UL>

<P><STRONG><a name="[1a3]"></a>vPortEnterCritical</STRONG> (Thumb, 0 bytes, Stack size 0 bytes, symdefs.m(ABSOLUTE))
<BR><BR>[Called By]<UL><LI><a href="#[13e]">&gt;&gt;</a>&nbsp;&nbsp;&nbsp;btstack_memory_dtbt_msg_get
<LI><a href="#[1af]">&gt;&gt;</a>&nbsp;&nbsp;&nbsp;atomic_test_bit
<LI><a href="#[1a7]">&gt;&gt;</a>&nbsp;&nbsp;&nbsp;atomic_or
<LI><a href="#[1a2]">&gt;&gt;</a>&nbsp;&nbsp;&nbsp;atomic_and
<LI><a href="#[279]">&gt;&gt;</a>&nbsp;&nbsp;&nbsp;net_buf_slist_get
<LI><a href="#[3c1]">&gt;&gt;</a>&nbsp;&nbsp;&nbsp;k_delayed_work_remaining_get
<LI><a href="#[33f]">&gt;&gt;</a>&nbsp;&nbsp;&nbsp;btstack_memory_dtbt_small_msg_get
<LI><a href="#[33e]">&gt;&gt;</a>&nbsp;&nbsp;&nbsp;btstack_memory_dtbt_small_msg_free
<LI><a href="#[339]">&gt;&gt;</a>&nbsp;&nbsp;&nbsp;btstack_memory_dtbt_msg_free
<LI><a href="#[1b0]">&gt;&gt;</a>&nbsp;&nbsp;&nbsp;atomic_test_bit
<LI><a href="#[1a8]">&gt;&gt;</a>&nbsp;&nbsp;&nbsp;atomic_or
<LI><a href="#[1a5]">&gt;&gt;</a>&nbsp;&nbsp;&nbsp;atomic_and
<LI><a href="#[42f]">&gt;&gt;</a>&nbsp;&nbsp;&nbsp;os_memblock_get
<LI><a href="#[257]">&gt;&gt;</a>&nbsp;&nbsp;&nbsp;schedule_store
<LI><a href="#[1b1]">&gt;&gt;</a>&nbsp;&nbsp;&nbsp;atomic_test_bit
<LI><a href="#[1ad]">&gt;&gt;</a>&nbsp;&nbsp;&nbsp;atomic_test_and_clear_bit
<LI><a href="#[430]">&gt;&gt;</a>&nbsp;&nbsp;&nbsp;os_memblock_put_from_cb
</UL>

<P><STRONG><a name="[1a4]"></a>vPortExitCritical</STRONG> (Thumb, 0 bytes, Stack size 0 bytes, symdefs.m(ABSOLUTE))
<BR><BR>[Called By]<UL><LI><a href="#[13e]">&gt;&gt;</a>&nbsp;&nbsp;&nbsp;btstack_memory_dtbt_msg_get
<LI><a href="#[1af]">&gt;&gt;</a>&nbsp;&nbsp;&nbsp;atomic_test_bit
<LI><a href="#[1a7]">&gt;&gt;</a>&nbsp;&nbsp;&nbsp;atomic_or
<LI><a href="#[1a2]">&gt;&gt;</a>&nbsp;&nbsp;&nbsp;atomic_and
<LI><a href="#[279]">&gt;&gt;</a>&nbsp;&nbsp;&nbsp;net_buf_slist_get
<LI><a href="#[3c1]">&gt;&gt;</a>&nbsp;&nbsp;&nbsp;k_delayed_work_remaining_get
<LI><a href="#[33f]">&gt;&gt;</a>&nbsp;&nbsp;&nbsp;btstack_memory_dtbt_small_msg_get
<LI><a href="#[33e]">&gt;&gt;</a>&nbsp;&nbsp;&nbsp;btstack_memory_dtbt_small_msg_free
<LI><a href="#[339]">&gt;&gt;</a>&nbsp;&nbsp;&nbsp;btstack_memory_dtbt_msg_free
<LI><a href="#[1b0]">&gt;&gt;</a>&nbsp;&nbsp;&nbsp;atomic_test_bit
<LI><a href="#[1a8]">&gt;&gt;</a>&nbsp;&nbsp;&nbsp;atomic_or
<LI><a href="#[1a5]">&gt;&gt;</a>&nbsp;&nbsp;&nbsp;atomic_and
<LI><a href="#[42f]">&gt;&gt;</a>&nbsp;&nbsp;&nbsp;os_memblock_get
<LI><a href="#[257]">&gt;&gt;</a>&nbsp;&nbsp;&nbsp;schedule_store
<LI><a href="#[1b1]">&gt;&gt;</a>&nbsp;&nbsp;&nbsp;atomic_test_bit
<LI><a href="#[1ad]">&gt;&gt;</a>&nbsp;&nbsp;&nbsp;atomic_test_and_clear_bit
<LI><a href="#[430]">&gt;&gt;</a>&nbsp;&nbsp;&nbsp;os_memblock_put_from_cb
</UL>

<P><STRONG><a name="[319]"></a>vTaskDelay</STRONG> (Thumb, 0 bytes, Stack size 0 bytes, symdefs.m(ABSOLUTE))
<BR><BR>[Called By]<UL><LI><a href="#[182]">&gt;&gt;</a>&nbsp;&nbsp;&nbsp;k_sleep
<LI><a href="#[316]">&gt;&gt;</a>&nbsp;&nbsp;&nbsp;bt_mesh_reset
</UL>

<P><STRONG><a name="[427]"></a>xQueueCreateCountingSemaphore</STRONG> (Thumb, 0 bytes, Stack size 0 bytes, symdefs.m(ABSOLUTE))
<BR><BR>[Called By]<UL><LI><a href="#[24e]">&gt;&gt;</a>&nbsp;&nbsp;&nbsp;npl_freertos_sem_init
</UL>

<P><STRONG><a name="[227]"></a>xQueueGenericCreate</STRONG> (Thumb, 0 bytes, Stack size 0 bytes, symdefs.m(ABSOLUTE))
<BR><BR>[Called By]<UL><LI><a href="#[369]">&gt;&gt;</a>&nbsp;&nbsp;&nbsp;create_mesh_task
<LI><a href="#[413]">&gt;&gt;</a>&nbsp;&nbsp;&nbsp;nimble_port_init
<LI><a href="#[224]">&gt;&gt;</a>&nbsp;&nbsp;&nbsp;bt_mesh_adv_init
</UL>

<P><STRONG><a name="[13c]"></a>xQueueGenericSend</STRONG> (Thumb, 0 bytes, Stack size 0 bytes, symdefs.m(ABSOLUTE))
<BR><BR>[Called By]<UL><LI><a href="#[3c6]">&gt;&gt;</a>&nbsp;&nbsp;&nbsp;npl_freertos_sem_release
<LI><a href="#[13b]">&gt;&gt;</a>&nbsp;&nbsp;&nbsp;Host2Mesh_msg_send
<LI><a href="#[417]">&gt;&gt;</a>&nbsp;&nbsp;&nbsp;npl_freertos_eventq_put
</UL>

<P><STRONG><a name="[426]"></a>xQueueGenericSendFromISR</STRONG> (Thumb, 0 bytes, Stack size 0 bytes, symdefs.m(ABSOLUTE))
<BR><BR>[Called By]<UL><LI><a href="#[417]">&gt;&gt;</a>&nbsp;&nbsp;&nbsp;npl_freertos_eventq_put
</UL>

<P><STRONG><a name="[429]"></a>xQueueGiveFromISR</STRONG> (Thumb, 0 bytes, Stack size 0 bytes, symdefs.m(ABSOLUTE))
<BR><BR>[Called By]<UL><LI><a href="#[3c6]">&gt;&gt;</a>&nbsp;&nbsp;&nbsp;npl_freertos_sem_release
</UL>

<P><STRONG><a name="[400]"></a>xQueueReceive</STRONG> (Thumb, 0 bytes, Stack size 0 bytes, symdefs.m(ABSOLUTE))
<BR><BR>[Called By]<UL><LI><a href="#[3ed]">&gt;&gt;</a>&nbsp;&nbsp;&nbsp;npl_freertos_eventq_get
<LI><a href="#[32]">&gt;&gt;</a>&nbsp;&nbsp;&nbsp;mesh_task
</UL>

<P><STRONG><a name="[425]"></a>xQueueReceiveFromISR</STRONG> (Thumb, 0 bytes, Stack size 0 bytes, symdefs.m(ABSOLUTE))
<BR><BR>[Called By]<UL><LI><a href="#[3ed]">&gt;&gt;</a>&nbsp;&nbsp;&nbsp;npl_freertos_eventq_get
<LI><a href="#[220]">&gt;&gt;</a>&nbsp;&nbsp;&nbsp;npl_freertos_sem_pend
</UL>

<P><STRONG><a name="[428]"></a>xQueueSemaphoreTake</STRONG> (Thumb, 0 bytes, Stack size 0 bytes, symdefs.m(ABSOLUTE))
<BR><BR>[Called By]<UL><LI><a href="#[220]">&gt;&gt;</a>&nbsp;&nbsp;&nbsp;npl_freertos_sem_pend
</UL>

<P><STRONG><a name="[36a]"></a>xTaskCreate</STRONG> (Thumb, 0 bytes, Stack size 0 bytes, symdefs.m(ABSOLUTE))
<BR><BR>[Called By]<UL><LI><a href="#[369]">&gt;&gt;</a>&nbsp;&nbsp;&nbsp;create_mesh_task
</UL>

<P><STRONG><a name="[3bf]"></a>xTaskGetCurrentTaskHandle</STRONG> (Thumb, 0 bytes, Stack size 0 bytes, symdefs.m(ABSOLUTE))
<BR><BR>[Called By]<UL><LI><a href="#[38e]">&gt;&gt;</a>&nbsp;&nbsp;&nbsp;is_mesh_task
</UL>

<P><STRONG><a name="[338]"></a>xTaskGetTickCount</STRONG> (Thumb, 0 bytes, Stack size 0 bytes, symdefs.m(ABSOLUTE))
<BR><BR>[Called By]<UL><LI><a href="#[3c4]">&gt;&gt;</a>&nbsp;&nbsp;&nbsp;npl_freertos_callout_reset
<LI><a href="#[337]">&gt;&gt;</a>&nbsp;&nbsp;&nbsp;bt_rand
</UL>

<P><STRONG><a name="[3c2]"></a>xTaskGetTickCountFromISR</STRONG> (Thumb, 0 bytes, Stack size 0 bytes, symdefs.m(ABSOLUTE))
<BR><BR>[Called By]<UL><LI><a href="#[1c8]">&gt;&gt;</a>&nbsp;&nbsp;&nbsp;k_uptime_get_32
<LI><a href="#[3c4]">&gt;&gt;</a>&nbsp;&nbsp;&nbsp;npl_freertos_callout_reset
<LI><a href="#[293]">&gt;&gt;</a>&nbsp;&nbsp;&nbsp;k_uptime_get
<LI><a href="#[3c1]">&gt;&gt;</a>&nbsp;&nbsp;&nbsp;k_delayed_work_remaining_get
</UL>

<P><STRONG><a name="[421]"></a>xTimerCreate</STRONG> (Thumb, 0 bytes, Stack size 0 bytes, symdefs.m(ABSOLUTE))
<BR><BR>[Called By]<UL><LI><a href="#[208]">&gt;&gt;</a>&nbsp;&nbsp;&nbsp;npl_freertos_callout_init
</UL>

<P><STRONG><a name="[20a]"></a>xTimerGenericCommand</STRONG> (Thumb, 0 bytes, Stack size 0 bytes, symdefs.m(ABSOLUTE))
<BR><BR>[Called By]<UL><LI><a href="#[160]">&gt;&gt;</a>&nbsp;&nbsp;&nbsp;k_delayed_work_cancel
<LI><a href="#[209]">&gt;&gt;</a>&nbsp;&nbsp;&nbsp;ble_npl_callout_stop
<LI><a href="#[3c4]">&gt;&gt;</a>&nbsp;&nbsp;&nbsp;npl_freertos_callout_reset
<LI><a href="#[20b]">&gt;&gt;</a>&nbsp;&nbsp;&nbsp;ble_npl_callout_stop
</UL>

<P><STRONG><a name="[423]"></a>xTimerGetExpiryTime</STRONG> (Thumb, 0 bytes, Stack size 0 bytes, symdefs.m(ABSOLUTE))
<BR><BR>[Called By]<UL><LI><a href="#[3c3]">&gt;&gt;</a>&nbsp;&nbsp;&nbsp;npl_freertos_callout_remaining_ticks
</UL>

<P><STRONG><a name="[fe]"></a>__main</STRONG> (Thumb, 0 bytes, Stack size unknown bytes, entry.o(.ARM.Collect$$$$00000000))

<P><STRONG><a name="[4a6]"></a>_main_stk</STRONG> (Thumb, 0 bytes, Stack size unknown bytes, entry2.o(.ARM.Collect$$$$00000001))

<P><STRONG><a name="[ff]"></a>_main_scatterload</STRONG> (Thumb, 0 bytes, Stack size unknown bytes, entry5.o(.ARM.Collect$$$$00000004))
<BR><BR>[Calls]<UL><LI><a href="#[c]">&gt;&gt;</a>&nbsp;&nbsp;&nbsp;__scatterload
</UL>

<P><STRONG><a name="[100]"></a>__main_after_scatterload</STRONG> (Thumb, 0 bytes, Stack size unknown bytes, entry5.o(.ARM.Collect$$$$00000004))
<BR><BR>[Called By]<UL><LI><a href="#[c]">&gt;&gt;</a>&nbsp;&nbsp;&nbsp;__scatterload
</UL>

<P><STRONG><a name="[4a7]"></a>_main_clock</STRONG> (Thumb, 0 bytes, Stack size unknown bytes, entry7b.o(.ARM.Collect$$$$00000008))

<P><STRONG><a name="[4a8]"></a>_main_cpp_init</STRONG> (Thumb, 0 bytes, Stack size unknown bytes, entry8b.o(.ARM.Collect$$$$0000000A))

<P><STRONG><a name="[4a9]"></a>_main_init</STRONG> (Thumb, 0 bytes, Stack size unknown bytes, entry9a.o(.ARM.Collect$$$$0000000B))

<P><STRONG><a name="[4aa]"></a>__rt_final_cpp</STRONG> (Thumb, 0 bytes, Stack size unknown bytes, entry10a.o(.ARM.Collect$$$$0000000D))

<P><STRONG><a name="[4ab]"></a>__rt_final_exit</STRONG> (Thumb, 0 bytes, Stack size unknown bytes, entry11a.o(.ARM.Collect$$$$0000000F))

<P><STRONG><a name="[a]"></a>Reset_Handler</STRONG> (Thumb, 6 bytes, Stack size 0 bytes, startup_ing91800.o(.text))
<BR>[Address Reference Count : 1]<UL><LI> startup_ing91800.o(RESET)
</UL>
<P><STRONG><a name="[b]"></a>main</STRONG> (Thumb, 6 bytes, Stack size 0 bytes, startup_ing91800.o(.text))
<BR>[Address Reference Count : 1]<UL><LI> entry9a.o(.ARM.Collect$$$$0000000B)
</UL>
<P><STRONG><a name="[c]"></a>__scatterload</STRONG> (Thumb, 28 bytes, Stack size 0 bytes, init.o(.text))
<BR><BR>[Calls]<UL><LI><a href="#[100]">&gt;&gt;</a>&nbsp;&nbsp;&nbsp;__main_after_scatterload
</UL>
<BR>[Called By]<UL><LI><a href="#[ff]">&gt;&gt;</a>&nbsp;&nbsp;&nbsp;_main_scatterload
</UL>
<BR>[Address Reference Count : 1]<UL><LI> startup_ing91800.o(.text)
</UL>
<P><STRONG><a name="[4ac]"></a>__scatterload_rt2</STRONG> (Thumb, 0 bytes, Stack size 0 bytes, init.o(.text), UNUSED)

<P><STRONG><a name="[101]"></a>__aeabi_uldivmod</STRONG> (Thumb, 98 bytes, Stack size 40 bytes, uldiv.o(.text))
<BR><BR>[Stack]<UL><LI>Max Depth = 40<LI>Call Chain = __aeabi_uldivmod
</UL>
<BR>[Calls]<UL><LI><a href="#[103]">&gt;&gt;</a>&nbsp;&nbsp;&nbsp;__aeabi_llsl
<LI><a href="#[102]">&gt;&gt;</a>&nbsp;&nbsp;&nbsp;__aeabi_llsr
</UL>
<BR>[Called By]<UL><LI><a href="#[21f]">&gt;&gt;</a>&nbsp;&nbsp;&nbsp;npl_freertos_time_ms_to_ticks
<LI><a href="#[104]">&gt;&gt;</a>&nbsp;&nbsp;&nbsp;__aeabi_ldivmod
<LI><a href="#[156]">&gt;&gt;</a>&nbsp;&nbsp;&nbsp;_printf_core
<LI><a href="#[159]">&gt;&gt;</a>&nbsp;&nbsp;&nbsp;_fp_digits
<LI><a href="#[153]">&gt;&gt;</a>&nbsp;&nbsp;&nbsp;_printf_core
</UL>

<P><STRONG><a name="[104]"></a>__aeabi_ldivmod</STRONG> (Thumb, 98 bytes, Stack size 24 bytes, ldiv.o(.text))
<BR><BR>[Stack]<UL><LI>Max Depth = 64<LI>Call Chain = __aeabi_ldivmod &rArr; __aeabi_uldivmod
</UL>
<BR>[Calls]<UL><LI><a href="#[101]">&gt;&gt;</a>&nbsp;&nbsp;&nbsp;__aeabi_uldivmod
</UL>
<BR>[Called By]<UL><LI><a href="#[3b0]">&gt;&gt;</a>&nbsp;&nbsp;&nbsp;hb_sub_send_status
</UL>

<P><STRONG><a name="[103]"></a>__aeabi_llsl</STRONG> (Thumb, 30 bytes, Stack size 0 bytes, llshl.o(.text))
<BR><BR>[Called By]<UL><LI><a href="#[112]">&gt;&gt;</a>&nbsp;&nbsp;&nbsp;__aeabi_dadd
<LI><a href="#[32e]">&gt;&gt;</a>&nbsp;&nbsp;&nbsp;trans_seg
<LI><a href="#[31e]">&gt;&gt;</a>&nbsp;&nbsp;&nbsp;seg_rx_reset
<LI><a href="#[45e]">&gt;&gt;</a>&nbsp;&nbsp;&nbsp;seg_rx_alloc
<LI><a href="#[101]">&gt;&gt;</a>&nbsp;&nbsp;&nbsp;__aeabi_uldivmod
<LI><a href="#[114]">&gt;&gt;</a>&nbsp;&nbsp;&nbsp;_double_epilogue
<LI><a href="#[11f]">&gt;&gt;</a>&nbsp;&nbsp;&nbsp;__aeabi_d2ulz
</UL>

<P><STRONG><a name="[4ad]"></a>_ll_shift_l</STRONG> (Thumb, 0 bytes, Stack size 0 bytes, llshl.o(.text), UNUSED)

<P><STRONG><a name="[109]"></a>__rt_ctype_table</STRONG> (Thumb, 4 bytes, Stack size 0 bytes, ctype_o.o(.text))
<BR><BR>[Called By]<UL><LI><a href="#[35e]">&gt;&gt;</a>&nbsp;&nbsp;&nbsp;conf_line_parse
<LI><a href="#[108]">&gt;&gt;</a>&nbsp;&nbsp;&nbsp;strtol
</UL>

<P><STRONG><a name="[215]"></a>rand</STRONG> (Thumb, 20 bytes, Stack size 0 bytes, rand.o(.text))
<BR><BR>[Called By]<UL><LI><a href="#[337]">&gt;&gt;</a>&nbsp;&nbsp;&nbsp;bt_rand
<LI><a href="#[18]">&gt;&gt;</a>&nbsp;&nbsp;&nbsp;ble_sm_alg_rand
</UL>

<P><STRONG><a name="[4ae]"></a>srand</STRONG> (Thumb, 6 bytes, Stack size 0 bytes, rand.o(.text), UNUSED)

<P><STRONG><a name="[13f]"></a>__aeabi_memcpy</STRONG> (Thumb, 36 bytes, Stack size 0 bytes, memcpya.o(.text))
<BR><BR>[Called By]<UL><LI><a href="#[35]">&gt;&gt;</a>&nbsp;&nbsp;&nbsp;read_mesh_from_flash
<LI><a href="#[3fc]">&gt;&gt;</a>&nbsp;&nbsp;&nbsp;mesh_service_trigger
<LI><a href="#[3fb]">&gt;&gt;</a>&nbsp;&nbsp;&nbsp;mesh_platform_config
<LI><a href="#[3f1]">&gt;&gt;</a>&nbsp;&nbsp;&nbsp;mesh_platform_setup
<LI><a href="#[1e1]">&gt;&gt;</a>&nbsp;&nbsp;&nbsp;hci_cmds_put
<LI><a href="#[13b]">&gt;&gt;</a>&nbsp;&nbsp;&nbsp;Host2Mesh_msg_send
<LI><a href="#[41]">&gt;&gt;</a>&nbsp;&nbsp;&nbsp;user_packet_handler
<LI><a href="#[3f]">&gt;&gt;</a>&nbsp;&nbsp;&nbsp;att_write_callback
<LI><a href="#[1b6]">&gt;&gt;</a>&nbsp;&nbsp;&nbsp;att_db_util_add_attribute_uuid16
<LI><a href="#[1b2]">&gt;&gt;</a>&nbsp;&nbsp;&nbsp;att_db_util_add_attribute_uuid128
<LI><a href="#[1d8]">&gt;&gt;</a>&nbsp;&nbsp;&nbsp;os_mbuf_append
<LI><a href="#[448]">&gt;&gt;</a>&nbsp;&nbsp;&nbsp;prov_authen_TMO
<LI><a href="#[244]">&gt;&gt;</a>&nbsp;&nbsp;&nbsp;unprov_beacon_recv
<LI><a href="#[246]">&gt;&gt;</a>&nbsp;&nbsp;&nbsp;secure_beacon_recv
<LI><a href="#[2ff]">&gt;&gt;</a>&nbsp;&nbsp;&nbsp;bt_mesh_prov_nonce
<LI><a href="#[300]">&gt;&gt;</a>&nbsp;&nbsp;&nbsp;bt_mesh_provision
<LI><a href="#[41b]">&gt;&gt;</a>&nbsp;&nbsp;&nbsp;os_mbuf_pullup
<LI><a href="#[464]">&gt;&gt;</a>&nbsp;&nbsp;&nbsp;settings_str_from_bytes
<LI><a href="#[19a]">&gt;&gt;</a>&nbsp;&nbsp;&nbsp;settings_bytes_from_str
<LI><a href="#[222]">&gt;&gt;</a>&nbsp;&nbsp;&nbsp;set_ad
<LI><a href="#[29f]">&gt;&gt;</a>&nbsp;&nbsp;&nbsp;bt_mesh_k2
<LI><a href="#[216]">&gt;&gt;</a>&nbsp;&nbsp;&nbsp;bt_TM_auth
<LI><a href="#[2a3]">&gt;&gt;</a>&nbsp;&nbsp;&nbsp;friend_cred_refresh
<LI><a href="#[2a2]">&gt;&gt;</a>&nbsp;&nbsp;&nbsp;bt_mesh_net_revoke_keys
<LI><a href="#[2c9]">&gt;&gt;</a>&nbsp;&nbsp;&nbsp;bt_mesh_net_keys_create
<LI><a href="#[18b]">&gt;&gt;</a>&nbsp;&nbsp;&nbsp;app_key_set
<LI><a href="#[40a]">&gt;&gt;</a>&nbsp;&nbsp;&nbsp;va_add
<LI><a href="#[38f]">&gt;&gt;</a>&nbsp;&nbsp;&nbsp;gatt_proxy_adv_create
<LI><a href="#[309]">&gt;&gt;</a>&nbsp;&nbsp;&nbsp;gatt_prov_adv_create
<LI><a href="#[451]">&gt;&gt;</a>&nbsp;&nbsp;&nbsp;send_pub_key
<LI><a href="#[44c]">&gt;&gt;</a>&nbsp;&nbsp;&nbsp;send_confirm
<LI><a href="#[dc]">&gt;&gt;</a>&nbsp;&nbsp;&nbsp;prov_random
<LI><a href="#[d9]">&gt;&gt;</a>&nbsp;&nbsp;&nbsp;prov_pub_key
<LI><a href="#[db]">&gt;&gt;</a>&nbsp;&nbsp;&nbsp;prov_confirm
<LI><a href="#[447]">&gt;&gt;</a>&nbsp;&nbsp;&nbsp;prov_auth
<LI><a href="#[3a2]">&gt;&gt;</a>&nbsp;&nbsp;&nbsp;gen_send_pub_key
<LI><a href="#[e0]">&gt;&gt;</a>&nbsp;&nbsp;&nbsp;gen_prov_start
<LI><a href="#[e2]">&gt;&gt;</a>&nbsp;&nbsp;&nbsp;gen_prov_cont
<LI><a href="#[158]">&gt;&gt;</a>&nbsp;&nbsp;&nbsp;_copy
<LI><a href="#[47b]">&gt;&gt;</a>&nbsp;&nbsp;&nbsp;sync_node_addr
<LI><a href="#[47a]">&gt;&gt;</a>&nbsp;&nbsp;&nbsp;sync_net_key
<LI><a href="#[479]">&gt;&gt;</a>&nbsp;&nbsp;&nbsp;sync_app_key
<LI><a href="#[46e]">&gt;&gt;</a>&nbsp;&nbsp;&nbsp;store_pending_net
<LI><a href="#[327]">&gt;&gt;</a>&nbsp;&nbsp;&nbsp;store_node
<LI><a href="#[328]">&gt;&gt;</a>&nbsp;&nbsp;&nbsp;store_net_key
<LI><a href="#[322]">&gt;&gt;</a>&nbsp;&nbsp;&nbsp;store_app_key
<LI><a href="#[f6]">&gt;&gt;</a>&nbsp;&nbsp;&nbsp;node_set
<LI><a href="#[ec]">&gt;&gt;</a>&nbsp;&nbsp;&nbsp;net_set
<LI><a href="#[f0]">&gt;&gt;</a>&nbsp;&nbsp;&nbsp;net_key_set
<LI><a href="#[f1]">&gt;&gt;</a>&nbsp;&nbsp;&nbsp;app_key_set
<LI><a href="#[388]">&gt;&gt;</a>&nbsp;&nbsp;&nbsp;net_decrypt
<LI><a href="#[9]">&gt;&gt;</a>&nbsp;&nbsp;&nbsp;conf_fcb_save
<LI><a href="#[32e]">&gt;&gt;</a>&nbsp;&nbsp;&nbsp;trans_seg
<LI><a href="#[31]">&gt;&gt;</a>&nbsp;&nbsp;&nbsp;visit_mesh
</UL>

<P><STRONG><a name="[164]"></a>__aeabi_memcpy4</STRONG> (Thumb, 0 bytes, Stack size 0 bytes, memcpya.o(.text))
<BR><BR>[Called By]<UL><LI><a href="#[3fc]">&gt;&gt;</a>&nbsp;&nbsp;&nbsp;mesh_service_trigger
<LI><a href="#[49]">&gt;&gt;</a>&nbsp;&nbsp;&nbsp;user_packet_handler
<LI><a href="#[41]">&gt;&gt;</a>&nbsp;&nbsp;&nbsp;user_packet_handler
<LI><a href="#[3f]">&gt;&gt;</a>&nbsp;&nbsp;&nbsp;att_write_callback
<LI><a href="#[247]">&gt;&gt;</a>&nbsp;&nbsp;&nbsp;start_ccm
<LI><a href="#[237]">&gt;&gt;</a>&nbsp;&nbsp;&nbsp;bt_mesh_ccm_encrypt
<LI><a href="#[234]">&gt;&gt;</a>&nbsp;&nbsp;&nbsp;bt_mesh_ccm_decrypt
<LI><a href="#[dc]">&gt;&gt;</a>&nbsp;&nbsp;&nbsp;prov_random
<LI><a href="#[447]">&gt;&gt;</a>&nbsp;&nbsp;&nbsp;prov_auth
<LI><a href="#[163]">&gt;&gt;</a>&nbsp;&nbsp;&nbsp;_os_mbuf_copypkthdr
<LI><a href="#[47b]">&gt;&gt;</a>&nbsp;&nbsp;&nbsp;sync_node_addr
<LI><a href="#[47a]">&gt;&gt;</a>&nbsp;&nbsp;&nbsp;sync_net_key
<LI><a href="#[479]">&gt;&gt;</a>&nbsp;&nbsp;&nbsp;sync_app_key
<LI><a href="#[f6]">&gt;&gt;</a>&nbsp;&nbsp;&nbsp;node_set
</UL>

<P><STRONG><a name="[4af]"></a>__aeabi_memcpy8</STRONG> (Thumb, 0 bytes, Stack size 0 bytes, memcpya.o(.text), UNUSED)

<P><STRONG><a name="[106]"></a>__aeabi_memset</STRONG> (Thumb, 14 bytes, Stack size 0 bytes, memseta.o(.text))
<BR><BR>[Called By]<UL><LI><a href="#[492]">&gt;&gt;</a>&nbsp;&nbsp;&nbsp;user_msg_handler
<LI><a href="#[16a]">&gt;&gt;</a>&nbsp;&nbsp;&nbsp;_set
<LI><a href="#[107]">&gt;&gt;</a>&nbsp;&nbsp;&nbsp;_memset$wrapper
<LI><a href="#[105]">&gt;&gt;</a>&nbsp;&nbsp;&nbsp;__aeabi_memclr
</UL>

<P><STRONG><a name="[4b0]"></a>__aeabi_memset4</STRONG> (Thumb, 0 bytes, Stack size 0 bytes, memseta.o(.text), UNUSED)

<P><STRONG><a name="[4b1]"></a>__aeabi_memset8</STRONG> (Thumb, 0 bytes, Stack size 0 bytes, memseta.o(.text), UNUSED)

<P><STRONG><a name="[105]"></a>__aeabi_memclr</STRONG> (Thumb, 4 bytes, Stack size 0 bytes, memseta.o(.text))
<BR><BR>[Calls]<UL><LI><a href="#[106]">&gt;&gt;</a>&nbsp;&nbsp;&nbsp;__aeabi_memset
</UL>
<BR>[Called By]<UL><LI><a href="#[2bd]">&gt;&gt;</a>&nbsp;&nbsp;&nbsp;console_printf
<LI><a href="#[41]">&gt;&gt;</a>&nbsp;&nbsp;&nbsp;user_packet_handler
<LI><a href="#[24a]">&gt;&gt;</a>&nbsp;&nbsp;&nbsp;bt_mesh_cfg_app_key_add
<LI><a href="#[2ee]">&gt;&gt;</a>&nbsp;&nbsp;&nbsp;bt_mesh_node_del
<LI><a href="#[250]">&gt;&gt;</a>&nbsp;&nbsp;&nbsp;mod_app_bind
<LI><a href="#[251]">&gt;&gt;</a>&nbsp;&nbsp;&nbsp;bt_mesh_cfg_reset
<LI><a href="#[191]">&gt;&gt;</a>&nbsp;&nbsp;&nbsp;bt_mesh_app_key_del
<LI><a href="#[447]">&gt;&gt;</a>&nbsp;&nbsp;&nbsp;prov_auth
<LI><a href="#[473]">&gt;&gt;</a>&nbsp;&nbsp;&nbsp;store_pending_nodes
<LI><a href="#[2ab]">&gt;&gt;</a>&nbsp;&nbsp;&nbsp;friend_cred_clear
<LI><a href="#[25a]">&gt;&gt;</a>&nbsp;&nbsp;&nbsp;bt_mesh_clear_node
</UL>

<P><STRONG><a name="[1be]"></a>__aeabi_memclr4</STRONG> (Thumb, 0 bytes, Stack size 0 bytes, memseta.o(.text))
<BR><BR>[Called By]<UL><LI><a href="#[3fc]">&gt;&gt;</a>&nbsp;&nbsp;&nbsp;mesh_service_trigger
<LI><a href="#[49]">&gt;&gt;</a>&nbsp;&nbsp;&nbsp;user_packet_handler
<LI><a href="#[492]">&gt;&gt;</a>&nbsp;&nbsp;&nbsp;user_msg_handler
<LI><a href="#[38d]">&gt;&gt;</a>&nbsp;&nbsp;&nbsp;gap_beacon_disable
<LI><a href="#[41]">&gt;&gt;</a>&nbsp;&nbsp;&nbsp;user_packet_handler
<LI><a href="#[3f]">&gt;&gt;</a>&nbsp;&nbsp;&nbsp;att_write_callback
<LI><a href="#[208]">&gt;&gt;</a>&nbsp;&nbsp;&nbsp;npl_freertos_callout_init
<LI><a href="#[2de]">&gt;&gt;</a>&nbsp;&nbsp;&nbsp;bt_mesh_net_recv
<LI><a href="#[223]">&gt;&gt;</a>&nbsp;&nbsp;&nbsp;bt_mesh_adv_create_from_pool
<LI><a href="#[1e6]">&gt;&gt;</a>&nbsp;&nbsp;&nbsp;ble_gap_ext_adv_configure
<LI><a href="#[1dd]">&gt;&gt;</a>&nbsp;&nbsp;&nbsp;reset_link
<LI><a href="#[2c8]">&gt;&gt;</a>&nbsp;&nbsp;&nbsp;bt_mesh_net_create
<LI><a href="#[1e3]">&gt;&gt;</a>&nbsp;&nbsp;&nbsp;ble_adv_conf_adv_instance
<LI><a href="#[216]">&gt;&gt;</a>&nbsp;&nbsp;&nbsp;bt_TM_auth
<LI><a href="#[253]">&gt;&gt;</a>&nbsp;&nbsp;&nbsp;bt_mesh_subnet_del
<LI><a href="#[2f2]">&gt;&gt;</a>&nbsp;&nbsp;&nbsp;bt_mesh_pb_gatt_close
<LI><a href="#[447]">&gt;&gt;</a>&nbsp;&nbsp;&nbsp;prov_auth
<LI><a href="#[32]">&gt;&gt;</a>&nbsp;&nbsp;&nbsp;mesh_task
<LI><a href="#[479]">&gt;&gt;</a>&nbsp;&nbsp;&nbsp;sync_app_key
<LI><a href="#[3ef]">&gt;&gt;</a>&nbsp;&nbsp;&nbsp;subnet_init
<LI><a href="#[fc]">&gt;&gt;</a>&nbsp;&nbsp;&nbsp;x_side_default
<LI><a href="#[213]">&gt;&gt;</a>&nbsp;&nbsp;&nbsp;uECC_make_key
</UL>

<P><STRONG><a name="[4b2]"></a>__aeabi_memclr8</STRONG> (Thumb, 0 bytes, Stack size 0 bytes, memseta.o(.text), UNUSED)

<P><STRONG><a name="[107]"></a>_memset$wrapper</STRONG> (Thumb, 18 bytes, Stack size 8 bytes, memseta.o(.text), UNUSED)
<BR><BR>[Calls]<UL><LI><a href="#[106]">&gt;&gt;</a>&nbsp;&nbsp;&nbsp;__aeabi_memset
</UL>

<P><STRONG><a name="[358]"></a>strstr</STRONG> (Thumb, 36 bytes, Stack size 12 bytes, strstr.o(.text))
<BR><BR>[Stack]<UL><LI>Max Depth = 12<LI>Call Chain = strstr
</UL>
<BR>[Called By]<UL><LI><a href="#[43c]">&gt;&gt;</a>&nbsp;&nbsp;&nbsp;parse_path2index_new
<LI><a href="#[9]">&gt;&gt;</a>&nbsp;&nbsp;&nbsp;conf_fcb_save
</UL>

<P><STRONG><a name="[29e]"></a>strlen</STRONG> (Thumb, 14 bytes, Stack size 0 bytes, strlen.o(.text))
<BR><BR>[Called By]<UL><LI><a href="#[1cd]">&gt;&gt;</a>&nbsp;&nbsp;&nbsp;unprovisioned_beacon_send
<LI><a href="#[26a]">&gt;&gt;</a>&nbsp;&nbsp;&nbsp;bt_mesh_k1
<LI><a href="#[295]">&gt;&gt;</a>&nbsp;&nbsp;&nbsp;bt_mesh_s1
<LI><a href="#[38f]">&gt;&gt;</a>&nbsp;&nbsp;&nbsp;gatt_proxy_adv_create
<LI><a href="#[309]">&gt;&gt;</a>&nbsp;&nbsp;&nbsp;gatt_prov_adv_create
<LI><a href="#[47b]">&gt;&gt;</a>&nbsp;&nbsp;&nbsp;sync_node_addr
<LI><a href="#[47a]">&gt;&gt;</a>&nbsp;&nbsp;&nbsp;sync_net_key
<LI><a href="#[479]">&gt;&gt;</a>&nbsp;&nbsp;&nbsp;sync_app_key
<LI><a href="#[9]">&gt;&gt;</a>&nbsp;&nbsp;&nbsp;conf_fcb_save
</UL>

<P><STRONG><a name="[3fd]"></a>strcmp</STRONG> (Thumb, 28 bytes, Stack size 8 bytes, strcmp.o(.text))
<BR><BR>[Stack]<UL><LI>Max Depth = 8<LI>Call Chain = strcmp
</UL>
<BR>[Called By]<UL><LI><a href="#[40d]">&gt;&gt;</a>&nbsp;&nbsp;&nbsp;mod_set
<LI><a href="#[6]">&gt;&gt;</a>&nbsp;&nbsp;&nbsp;mesh_set
</UL>

<P><STRONG><a name="[194]"></a>memcmp</STRONG> (Thumb, 26 bytes, Stack size 12 bytes, memcmp.o(.text))
<BR><BR>[Stack]<UL><LI>Max Depth = 12<LI>Call Chain = memcmp
</UL>
<BR>[Called By]<UL><LI><a href="#[41]">&gt;&gt;</a>&nbsp;&nbsp;&nbsp;user_packet_handler
<LI><a href="#[b3]">&gt;&gt;</a>&nbsp;&nbsp;&nbsp;net_key_add
<LI><a href="#[244]">&gt;&gt;</a>&nbsp;&nbsp;&nbsp;unprov_beacon_recv
<LI><a href="#[246]">&gt;&gt;</a>&nbsp;&nbsp;&nbsp;secure_beacon_recv
<LI><a href="#[212]">&gt;&gt;</a>&nbsp;&nbsp;&nbsp;ble_sm_alg_gen_key_pair
<LI><a href="#[1e3]">&gt;&gt;</a>&nbsp;&nbsp;&nbsp;ble_adv_conf_adv_instance
<LI><a href="#[18b]">&gt;&gt;</a>&nbsp;&nbsp;&nbsp;app_key_set
<LI><a href="#[412]">&gt;&gt;</a>&nbsp;&nbsp;&nbsp;va_del
<LI><a href="#[40a]">&gt;&gt;</a>&nbsp;&nbsp;&nbsp;va_add
<LI><a href="#[b4]">&gt;&gt;</a>&nbsp;&nbsp;&nbsp;net_key_update
<LI><a href="#[dc]">&gt;&gt;</a>&nbsp;&nbsp;&nbsp;prov_random
<LI><a href="#[3a5]">&gt;&gt;</a>&nbsp;&nbsp;&nbsp;link_open
<LI><a href="#[43c]">&gt;&gt;</a>&nbsp;&nbsp;&nbsp;parse_path2index_new
<LI><a href="#[1c4]">&gt;&gt;</a>&nbsp;&nbsp;&nbsp;auth_match
</UL>

<P><STRONG><a name="[478]"></a>strpbrk</STRONG> (Thumb, 32 bytes, Stack size 8 bytes, strpbrk.o(.text))
<BR><BR>[Stack]<UL><LI>Max Depth = 8<LI>Call Chain = strpbrk
</UL>
<BR>[Called By]<UL><LI><a href="#[477]">&gt;&gt;</a>&nbsp;&nbsp;&nbsp;strsep
</UL>

<P><STRONG><a name="[108]"></a>strtol</STRONG> (Thumb, 112 bytes, Stack size 32 bytes, strtol.o(.text))
<BR><BR>[Stack]<UL><LI>Max Depth = 72<LI>Call Chain = strtol &rArr; _strtoul
</UL>
<BR>[Calls]<UL><LI><a href="#[109]">&gt;&gt;</a>&nbsp;&nbsp;&nbsp;__rt_ctype_table
<LI><a href="#[10a]">&gt;&gt;</a>&nbsp;&nbsp;&nbsp;_strtoul
<LI><a href="#[10b]">&gt;&gt;</a>&nbsp;&nbsp;&nbsp;__aeabi_errno_addr
</UL>
<BR>[Called By]<UL><LI><a href="#[ef]">&gt;&gt;</a>&nbsp;&nbsp;&nbsp;rpl_set
<LI><a href="#[f6]">&gt;&gt;</a>&nbsp;&nbsp;&nbsp;node_set
<LI><a href="#[f0]">&gt;&gt;</a>&nbsp;&nbsp;&nbsp;net_key_set
<LI><a href="#[40d]">&gt;&gt;</a>&nbsp;&nbsp;&nbsp;mod_set
<LI><a href="#[f1]">&gt;&gt;</a>&nbsp;&nbsp;&nbsp;app_key_set
</UL>

<P><STRONG><a name="[10c]"></a>__aeabi_fadd</STRONG> (Thumb, 164 bytes, Stack size 16 bytes, fadd.o(.text))
<BR><BR>[Stack]<UL><LI>Max Depth = 20<LI>Call Chain = __aeabi_fadd &rArr; _float_epilogue
</UL>
<BR>[Calls]<UL><LI><a href="#[10e]">&gt;&gt;</a>&nbsp;&nbsp;&nbsp;_float_round
<LI><a href="#[10d]">&gt;&gt;</a>&nbsp;&nbsp;&nbsp;_float_epilogue
</UL>
<BR>[Called By]<UL><LI><a href="#[10f]">&gt;&gt;</a>&nbsp;&nbsp;&nbsp;__aeabi_fsub
<LI><a href="#[110]">&gt;&gt;</a>&nbsp;&nbsp;&nbsp;__aeabi_frsub
</UL>

<P><STRONG><a name="[10f]"></a>__aeabi_fsub</STRONG> (Thumb, 6 bytes, Stack size 0 bytes, fadd.o(.text))
<BR><BR>[Stack]<UL><LI>Max Depth = 20<LI>Call Chain = __aeabi_fsub &rArr; __aeabi_fadd &rArr; _float_epilogue
</UL>
<BR>[Calls]<UL><LI><a href="#[10c]">&gt;&gt;</a>&nbsp;&nbsp;&nbsp;__aeabi_fadd
</UL>
<BR>[Called By]<UL><LI><a href="#[342]">&gt;&gt;</a>&nbsp;&nbsp;&nbsp;light_ctl_temp_to_level
</UL>

<P><STRONG><a name="[110]"></a>__aeabi_frsub</STRONG> (Thumb, 6 bytes, Stack size 0 bytes, fadd.o(.text), UNUSED)
<BR><BR>[Calls]<UL><LI><a href="#[10c]">&gt;&gt;</a>&nbsp;&nbsp;&nbsp;__aeabi_fadd
</UL>

<P><STRONG><a name="[16f]"></a>__aeabi_fmul</STRONG> (Thumb, 100 bytes, Stack size 8 bytes, fmul.o(.text))
<BR><BR>[Stack]<UL><LI>Max Depth = 8<LI>Call Chain = __aeabi_fmul
</UL>
<BR>[Called By]<UL><LI><a href="#[3d0]">&gt;&gt;</a>&nbsp;&nbsp;&nbsp;update_light_state
<LI><a href="#[16e]">&gt;&gt;</a>&nbsp;&nbsp;&nbsp;actual_to_linear
<LI><a href="#[346]">&gt;&gt;</a>&nbsp;&nbsp;&nbsp;level_to_light_ctl_temp
</UL>

<P><STRONG><a name="[111]"></a>__aeabi_fdiv</STRONG> (Thumb, 124 bytes, Stack size 8 bytes, fdiv.o(.text))
<BR><BR>[Stack]<UL><LI>Max Depth = 8<LI>Call Chain = __aeabi_fdiv
</UL>
<BR>[Calls]<UL><LI><a href="#[10e]">&gt;&gt;</a>&nbsp;&nbsp;&nbsp;_float_round
</UL>
<BR>[Called By]<UL><LI><a href="#[3d0]">&gt;&gt;</a>&nbsp;&nbsp;&nbsp;update_light_state
<LI><a href="#[3d3]">&gt;&gt;</a>&nbsp;&nbsp;&nbsp;tt_values_calculator
<LI><a href="#[341]">&gt;&gt;</a>&nbsp;&nbsp;&nbsp;linear_to_actual
<LI><a href="#[16e]">&gt;&gt;</a>&nbsp;&nbsp;&nbsp;actual_to_linear
<LI><a href="#[342]">&gt;&gt;</a>&nbsp;&nbsp;&nbsp;light_ctl_temp_to_level
<LI><a href="#[346]">&gt;&gt;</a>&nbsp;&nbsp;&nbsp;level_to_light_ctl_temp
<LI><a href="#[39e]">&gt;&gt;</a>&nbsp;&nbsp;&nbsp;onoff_tt_values
<LI><a href="#[3e5]">&gt;&gt;</a>&nbsp;&nbsp;&nbsp;light_lightness_linear_tt_values
<LI><a href="#[3e1]">&gt;&gt;</a>&nbsp;&nbsp;&nbsp;light_lightness_actual_tt_values
<LI><a href="#[3d9]">&gt;&gt;</a>&nbsp;&nbsp;&nbsp;light_ctl_tt_values
<LI><a href="#[3de]">&gt;&gt;</a>&nbsp;&nbsp;&nbsp;light_ctl_temp_tt_values
<LI><a href="#[397]">&gt;&gt;</a>&nbsp;&nbsp;&nbsp;level_tt_values
</UL>

<P><STRONG><a name="[112]"></a>__aeabi_dadd</STRONG> (Thumb, 322 bytes, Stack size 48 bytes, dadd.o(.text), UNUSED)
<BR><BR>[Calls]<UL><LI><a href="#[103]">&gt;&gt;</a>&nbsp;&nbsp;&nbsp;__aeabi_llsl
<LI><a href="#[113]">&gt;&gt;</a>&nbsp;&nbsp;&nbsp;__aeabi_lasr
<LI><a href="#[115]">&gt;&gt;</a>&nbsp;&nbsp;&nbsp;_double_round
<LI><a href="#[114]">&gt;&gt;</a>&nbsp;&nbsp;&nbsp;_double_epilogue
</UL>
<BR>[Called By]<UL><LI><a href="#[116]">&gt;&gt;</a>&nbsp;&nbsp;&nbsp;__aeabi_dsub
<LI><a href="#[117]">&gt;&gt;</a>&nbsp;&nbsp;&nbsp;__aeabi_drsub
<LI><a href="#[159]">&gt;&gt;</a>&nbsp;&nbsp;&nbsp;_fp_digits
</UL>

<P><STRONG><a name="[116]"></a>__aeabi_dsub</STRONG> (Thumb, 6 bytes, Stack size 0 bytes, dadd.o(.text), UNUSED)
<BR><BR>[Calls]<UL><LI><a href="#[112]">&gt;&gt;</a>&nbsp;&nbsp;&nbsp;__aeabi_dadd
</UL>

<P><STRONG><a name="[117]"></a>__aeabi_drsub</STRONG> (Thumb, 6 bytes, Stack size 0 bytes, dadd.o(.text), UNUSED)
<BR><BR>[Calls]<UL><LI><a href="#[112]">&gt;&gt;</a>&nbsp;&nbsp;&nbsp;__aeabi_dadd
</UL>

<P><STRONG><a name="[118]"></a>__aeabi_dmul</STRONG> (Thumb, 228 bytes, Stack size 48 bytes, dmul.o(.text))
<BR><BR>[Stack]<UL><LI>Max Depth = 88<LI>Call Chain = __aeabi_dmul &rArr; _double_epilogue &rArr; _double_round
</UL>
<BR>[Calls]<UL><LI><a href="#[114]">&gt;&gt;</a>&nbsp;&nbsp;&nbsp;_double_epilogue
</UL>
<BR>[Called By]<UL><LI><a href="#[341]">&gt;&gt;</a>&nbsp;&nbsp;&nbsp;linear_to_actual
<LI><a href="#[159]">&gt;&gt;</a>&nbsp;&nbsp;&nbsp;_fp_digits
</UL>

<P><STRONG><a name="[119]"></a>__aeabi_ddiv</STRONG> (Thumb, 222 bytes, Stack size 32 bytes, ddiv.o(.text), UNUSED)
<BR><BR>[Calls]<UL><LI><a href="#[115]">&gt;&gt;</a>&nbsp;&nbsp;&nbsp;_double_round
</UL>
<BR>[Called By]<UL><LI><a href="#[159]">&gt;&gt;</a>&nbsp;&nbsp;&nbsp;_fp_digits
</UL>

<P><STRONG><a name="[11a]"></a>__aeabi_i2f</STRONG> (Thumb, 18 bytes, Stack size 0 bytes, fflti.o(.text))
<BR><BR>[Stack]<UL><LI>Max Depth = 4<LI>Call Chain = __aeabi_i2f &rArr; _float_epilogue
</UL>
<BR>[Calls]<UL><LI><a href="#[10d]">&gt;&gt;</a>&nbsp;&nbsp;&nbsp;_float_epilogue
</UL>
<BR>[Called By]<UL><LI><a href="#[3d0]">&gt;&gt;</a>&nbsp;&nbsp;&nbsp;update_light_state
<LI><a href="#[342]">&gt;&gt;</a>&nbsp;&nbsp;&nbsp;light_ctl_temp_to_level
<LI><a href="#[346]">&gt;&gt;</a>&nbsp;&nbsp;&nbsp;level_to_light_ctl_temp
<LI><a href="#[170]">&gt;&gt;</a>&nbsp;&nbsp;&nbsp;ceiling
<LI><a href="#[39e]">&gt;&gt;</a>&nbsp;&nbsp;&nbsp;onoff_tt_values
<LI><a href="#[3e5]">&gt;&gt;</a>&nbsp;&nbsp;&nbsp;light_lightness_linear_tt_values
<LI><a href="#[3e1]">&gt;&gt;</a>&nbsp;&nbsp;&nbsp;light_lightness_actual_tt_values
<LI><a href="#[3d9]">&gt;&gt;</a>&nbsp;&nbsp;&nbsp;light_ctl_tt_values
<LI><a href="#[3de]">&gt;&gt;</a>&nbsp;&nbsp;&nbsp;light_ctl_temp_tt_values
<LI><a href="#[397]">&gt;&gt;</a>&nbsp;&nbsp;&nbsp;level_tt_values
</UL>

<P><STRONG><a name="[11b]"></a>__aeabi_ui2f</STRONG> (Thumb, 10 bytes, Stack size 0 bytes, ffltui.o(.text))
<BR><BR>[Stack]<UL><LI>Max Depth = 4<LI>Call Chain = __aeabi_ui2f &rArr; _float_epilogue
</UL>
<BR>[Calls]<UL><LI><a href="#[10d]">&gt;&gt;</a>&nbsp;&nbsp;&nbsp;_float_epilogue
</UL>
<BR>[Called By]<UL><LI><a href="#[3d3]">&gt;&gt;</a>&nbsp;&nbsp;&nbsp;tt_values_calculator
<LI><a href="#[341]">&gt;&gt;</a>&nbsp;&nbsp;&nbsp;linear_to_actual
<LI><a href="#[16e]">&gt;&gt;</a>&nbsp;&nbsp;&nbsp;actual_to_linear
<LI><a href="#[39e]">&gt;&gt;</a>&nbsp;&nbsp;&nbsp;onoff_tt_values
<LI><a href="#[3e5]">&gt;&gt;</a>&nbsp;&nbsp;&nbsp;light_lightness_linear_tt_values
<LI><a href="#[3e1]">&gt;&gt;</a>&nbsp;&nbsp;&nbsp;light_lightness_actual_tt_values
<LI><a href="#[3d9]">&gt;&gt;</a>&nbsp;&nbsp;&nbsp;light_ctl_tt_values
<LI><a href="#[3de]">&gt;&gt;</a>&nbsp;&nbsp;&nbsp;light_ctl_temp_tt_values
<LI><a href="#[397]">&gt;&gt;</a>&nbsp;&nbsp;&nbsp;level_tt_values
</UL>

<P><STRONG><a name="[347]"></a>__aeabi_f2iz</STRONG> (Thumb, 50 bytes, Stack size 0 bytes, ffixi.o(.text))
<BR><BR>[Called By]<UL><LI><a href="#[342]">&gt;&gt;</a>&nbsp;&nbsp;&nbsp;light_ctl_temp_to_level
<LI><a href="#[170]">&gt;&gt;</a>&nbsp;&nbsp;&nbsp;ceiling
<LI><a href="#[39e]">&gt;&gt;</a>&nbsp;&nbsp;&nbsp;onoff_tt_values
<LI><a href="#[3e5]">&gt;&gt;</a>&nbsp;&nbsp;&nbsp;light_lightness_linear_tt_values
<LI><a href="#[3e1]">&gt;&gt;</a>&nbsp;&nbsp;&nbsp;light_lightness_actual_tt_values
<LI><a href="#[3d9]">&gt;&gt;</a>&nbsp;&nbsp;&nbsp;light_ctl_tt_values
<LI><a href="#[3de]">&gt;&gt;</a>&nbsp;&nbsp;&nbsp;light_ctl_temp_tt_values
<LI><a href="#[397]">&gt;&gt;</a>&nbsp;&nbsp;&nbsp;level_tt_values
</UL>

<P><STRONG><a name="[3d1]"></a>__aeabi_f2uiz</STRONG> (Thumb, 40 bytes, Stack size 0 bytes, ffixui.o(.text))
<BR><BR>[Called By]<UL><LI><a href="#[3d0]">&gt;&gt;</a>&nbsp;&nbsp;&nbsp;update_light_state
<LI><a href="#[3d3]">&gt;&gt;</a>&nbsp;&nbsp;&nbsp;tt_values_calculator
<LI><a href="#[346]">&gt;&gt;</a>&nbsp;&nbsp;&nbsp;level_to_light_ctl_temp
</UL>

<P><STRONG><a name="[11c]"></a>__aeabi_d2uiz</STRONG> (Thumb, 50 bytes, Stack size 8 bytes, dfixui.o(.text))
<BR><BR>[Stack]<UL><LI>Max Depth = 8<LI>Call Chain = __aeabi_d2uiz
</UL>
<BR>[Calls]<UL><LI><a href="#[102]">&gt;&gt;</a>&nbsp;&nbsp;&nbsp;__aeabi_llsr
</UL>
<BR>[Called By]<UL><LI><a href="#[341]">&gt;&gt;</a>&nbsp;&nbsp;&nbsp;linear_to_actual
</UL>

<P><STRONG><a name="[3e9]"></a>__aeabi_f2d</STRONG> (Thumb, 38 bytes, Stack size 0 bytes, f2d.o(.text))
<BR><BR>[Called By]<UL><LI><a href="#[341]">&gt;&gt;</a>&nbsp;&nbsp;&nbsp;linear_to_actual
</UL>

<P><STRONG><a name="[348]"></a>__aeabi_cfcmpeq</STRONG> (Thumb, 0 bytes, Stack size 0 bytes, cfcmple.o(.text))
<BR><BR>[Called By]<UL><LI><a href="#[170]">&gt;&gt;</a>&nbsp;&nbsp;&nbsp;ceiling
</UL>

<P><STRONG><a name="[4b3]"></a>__aeabi_cfcmple</STRONG> (Thumb, 20 bytes, Stack size 0 bytes, cfcmple.o(.text), UNUSED)

<P><STRONG><a name="[4b4]"></a>__aeabi_uidiv</STRONG> (Thumb, 0 bytes, Stack size 12 bytes, uidiv.o(.text), UNUSED)

<P><STRONG><a name="[169]"></a>__aeabi_uidivmod</STRONG> (Thumb, 44 bytes, Stack size 12 bytes, uidiv.o(.text), UNUSED)
<BR><BR>[Called By]<UL><LI><a href="#[156]">&gt;&gt;</a>&nbsp;&nbsp;&nbsp;_printf_core
</UL>

<P><STRONG><a name="[102]"></a>__aeabi_llsr</STRONG> (Thumb, 32 bytes, Stack size 0 bytes, llushr.o(.text))
<BR><BR>[Called By]<UL><LI><a href="#[11c]">&gt;&gt;</a>&nbsp;&nbsp;&nbsp;__aeabi_d2uiz
<LI><a href="#[101]">&gt;&gt;</a>&nbsp;&nbsp;&nbsp;__aeabi_uldivmod
<LI><a href="#[11e]">&gt;&gt;</a>&nbsp;&nbsp;&nbsp;_dsqrt
<LI><a href="#[114]">&gt;&gt;</a>&nbsp;&nbsp;&nbsp;_double_epilogue
<LI><a href="#[11f]">&gt;&gt;</a>&nbsp;&nbsp;&nbsp;__aeabi_d2ulz
</UL>

<P><STRONG><a name="[4b5]"></a>_ll_ushift_r</STRONG> (Thumb, 0 bytes, Stack size 0 bytes, llushr.o(.text), UNUSED)

<P><STRONG><a name="[113]"></a>__aeabi_lasr</STRONG> (Thumb, 36 bytes, Stack size 0 bytes, llsshr.o(.text), UNUSED)
<BR><BR>[Called By]<UL><LI><a href="#[112]">&gt;&gt;</a>&nbsp;&nbsp;&nbsp;__aeabi_dadd
</UL>

<P><STRONG><a name="[4b6]"></a>_ll_sshift_r</STRONG> (Thumb, 0 bytes, Stack size 0 bytes, llsshr.o(.text), UNUSED)

<P><STRONG><a name="[10a]"></a>_strtoul</STRONG> (Thumb, 158 bytes, Stack size 40 bytes, _strtoul.o(.text))
<BR><BR>[Stack]<UL><LI>Max Depth = 40<LI>Call Chain = _strtoul
</UL>
<BR>[Calls]<UL><LI><a href="#[11d]">&gt;&gt;</a>&nbsp;&nbsp;&nbsp;_chval
<LI><a href="#[10b]">&gt;&gt;</a>&nbsp;&nbsp;&nbsp;__aeabi_errno_addr
</UL>
[...]
</UL>
<BR>[Calls]<UL><LI><a href="#[2e4]">&gt;&gt;</a>&nbsp;&nbsp;&nbsp;bt_mesh_net_resend
<LI><a href="#[461]">&gt;&gt;</a>&nbsp;&nbsp;&nbsp;seg_tx_complete
<LI><a href="#[265]">&gt;&gt;</a>&nbsp;&nbsp;&nbsp;modlog_dummy
</UL>
<BR>[Called By]<UL><LI><a href="#[36d]">&gt;&gt;</a>&nbsp;&nbsp;&nbsp;trans_ack
<LI><a href="#[2e]">&gt;&gt;</a>&nbsp;&nbsp;&nbsp;seg_retransmit
</UL>

<P><STRONG><a name="[45c]"></a>send_ack</STRONG> (Thumb, 246 bytes, Stack size 80 bytes, transport.o(i.send_ack))
<BR><BR>[Stack]<UL><LI>Max Depth = 576<LI>Call Chain = send_ack &rArr; bt_mesh_ctl_send &rArr; bt_mesh_friend_enqueue_tx &rArr; friend_lpn_enqueue_tx &rArr; enqueue_friend_pdu &rArr; enqueue_update &rArr; encode_update &rArr; encode_friend_ctl &rArr; create_friend_pdu &rArr; bt_mesh_net_encrypt &rArr; bt_mesh_ccm_encrypt &rArr; k_sem_take &rArr; npl_freertos_time_ms_to_ticks &rArr; __aeabi_uldivmod
</UL>
<BR>[Calls]<UL><LI><a href="#[271]">&gt;&gt;</a>&nbsp;&nbsp;&nbsp;bt_mesh_net_transmit_get
<LI><a href="#[17a]">&gt;&gt;</a>&nbsp;&nbsp;&nbsp;bt_mesh_primary_addr
<LI><a href="#[23d]">&gt;&gt;</a>&nbsp;&nbsp;&nbsp;put_be32
<LI><a href="#[366]">&gt;&gt;</a>&nbsp;&nbsp;&nbsp;put_be16
<LI><a href="#[264]">&gt;&gt;</a>&nbsp;&nbsp;&nbsp;bt_mesh_ctl_send
<LI><a href="#[265]">&gt;&gt;</a>&nbsp;&nbsp;&nbsp;modlog_dummy
<LI><a href="#[32b]">&gt;&gt;</a>&nbsp;&nbsp;&nbsp;bt_mesh_lpn_established
</UL>
<BR>[Called By]<UL><LI><a href="#[32e]">&gt;&gt;</a>&nbsp;&nbsp;&nbsp;trans_seg
<LI><a href="#[2f]">&gt;&gt;</a>&nbsp;&nbsp;&nbsp;seg_ack
</UL>

<P><STRONG><a name="[fa]"></a>send_ack_end</STRONG> (Thumb, 40 bytes, Stack size 8 bytes, transport.o(i.send_ack_end))
<BR><BR>[Stack]<UL><LI>Max Depth = 32<LI>Call Chain = send_ack_end &rArr; net_buf_unref &rArr; os_mbuf_free_chain &rArr; os_mbuf_free &rArr; os_memblock_put
</UL>
<BR>[Calls]<UL><LI><a href="#[181]">&gt;&gt;</a>&nbsp;&nbsp;&nbsp;net_buf_unref
<LI><a href="#[265]">&gt;&gt;</a>&nbsp;&nbsp;&nbsp;modlog_dummy
</UL>
<BR>[Address Reference Count : 1]<UL><LI> transport.o(.constdata)
</UL>
<P><STRONG><a name="[333]"></a>send_seg</STRONG> (Thumb, 660 bytes, Stack size 64 bytes, transport.o(i.send_seg))
<BR><BR>[Stack]<UL><LI>Max Depth = 656<LI>Call Chain = send_seg &rArr; seg_tx_reset &rArr; bt_mesh_net_iv_update &rArr; bt_mesh_net_beacon_update &rArr; bt_mesh_beacon_auth &rArr; bt_mesh_aes_cmac_one &rArr; bt_mesh_aes_cmac &rArr; tc_cmac_update &rArr; k_sem_take &rArr; npl_freertos_time_ms_to_ticks &rArr; __aeabi_uldivmod
</UL>
<BR>[Calls]<UL><LI><a href="#[1d8]">&gt;&gt;</a>&nbsp;&nbsp;&nbsp;os_mbuf_append
<LI><a href="#[18c]">&gt;&gt;</a>&nbsp;&nbsp;&nbsp;net_buf_simple_add_u8
<LI><a href="#[181]">&gt;&gt;</a>&nbsp;&nbsp;&nbsp;net_buf_unref
<LI><a href="#[31f]">&gt;&gt;</a>&nbsp;&nbsp;&nbsp;net_buf_simple_pull
<LI><a href="#[229]">&gt;&gt;</a>&nbsp;&nbsp;&nbsp;net_buf_ref
<LI><a href="#[17c]">&gt;&gt;</a>&nbsp;&nbsp;&nbsp;bt_mesh_adv_create
<LI><a href="#[266]">&gt;&gt;</a>&nbsp;&nbsp;&nbsp;net_buf_reserve
<LI><a href="#[16d]">&gt;&gt;</a>&nbsp;&nbsp;&nbsp;bt_mesh_default_ttl_get
<LI><a href="#[267]">&gt;&gt;</a>&nbsp;&nbsp;&nbsp;bt_mesh_friend_enqueue_tx
<LI><a href="#[268]">&gt;&gt;</a>&nbsp;&nbsp;&nbsp;bt_mesh_net_send
<LI><a href="#[2ba]">&gt;&gt;</a>&nbsp;&nbsp;&nbsp;bt_mesh_lpn_poll
<LI><a href="#[335]">&gt;&gt;</a>&nbsp;&nbsp;&nbsp;seg_tx_reset
<LI><a href="#[265]">&gt;&gt;</a>&nbsp;&nbsp;&nbsp;modlog_dummy
<LI><a href="#[32b]">&gt;&gt;</a>&nbsp;&nbsp;&nbsp;bt_mesh_lpn_established
</UL>
<BR>[Called By]<UL><LI><a href="#[331]">&gt;&gt;</a>&nbsp;&nbsp;&nbsp;bt_mesh_trans_send
</UL>

<P><STRONG><a name="[334]"></a>send_unseg</STRONG> (Thumb, 190 bytes, Stack size 32 bytes, transport.o(i.send_unseg))
<BR><BR>[Stack]<UL><LI>Max Depth = 480<LI>Call Chain = send_unseg &rArr; bt_mesh_friend_enqueue_tx &rArr; friend_lpn_enqueue_tx &rArr; enqueue_friend_pdu &rArr; enqueue_update &rArr; encode_update &rArr; encode_friend_ctl &rArr; create_friend_pdu &rArr; bt_mesh_net_encrypt &rArr; bt_mesh_ccm_encrypt &rArr; k_sem_take &rArr; npl_freertos_time_ms_to_ticks &rArr; __aeabi_uldivmod
</UL>
<BR>[Calls]<UL><LI><a href="#[1d8]">&gt;&gt;</a>&nbsp;&nbsp;&nbsp;os_mbuf_append
<LI><a href="#[18c]">&gt;&gt;</a>&nbsp;&nbsp;&nbsp;net_buf_simple_add_u8
<LI><a href="#[181]">&gt;&gt;</a>&nbsp;&nbsp;&nbsp;net_buf_unref
<LI><a href="#[17c]">&gt;&gt;</a>&nbsp;&nbsp;&nbsp;bt_mesh_adv_create
<LI><a href="#[266]">&gt;&gt;</a>&nbsp;&nbsp;&nbsp;net_buf_reserve
<LI><a href="#[267]">&gt;&gt;</a>&nbsp;&nbsp;&nbsp;bt_mesh_friend_enqueue_tx
<LI><a href="#[268]">&gt;&gt;</a>&nbsp;&nbsp;&nbsp;bt_mesh_net_send
<LI><a href="#[265]">&gt;&gt;</a>&nbsp;&nbsp;&nbsp;modlog_dummy
</UL>
<BR>[Called By]<UL><LI><a href="#[331]">&gt;&gt;</a>&nbsp;&nbsp;&nbsp;bt_mesh_trans_send
</UL>

<P><STRONG><a name="[36d]"></a>trans_ack</STRONG> (Thumb, 460 bytes, Stack size 40 bytes, transport.o(i.trans_ack))
<BR><BR>[Stack]<UL><LI>Max Depth = 672<LI>Call Chain = trans_ack &rArr; seg_tx_send_unacked &rArr; bt_mesh_net_resend &rArr; bt_mesh_net_iv_update &rArr; bt_mesh_net_beacon_update &rArr; bt_mesh_beacon_auth &rArr; bt_mesh_aes_cmac_one &rArr; bt_mesh_aes_cmac &rArr; tc_cmac_update &rArr; k_sem_take &rArr; npl_freertos_time_ms_to_ticks &rArr; __aeabi_uldivmod
</UL>
<BR>[Calls]<UL><LI><a href="#[160]">&gt;&gt;</a>&nbsp;&nbsp;&nbsp;k_delayed_work_cancel
<LI><a href="#[28d]">&gt;&gt;</a>&nbsp;&nbsp;&nbsp;net_buf_simple_pull_be16
<LI><a href="#[2f0]">&gt;&gt;</a>&nbsp;&nbsp;&nbsp;net_buf_simple_pull_be32
<LI><a href="#[181]">&gt;&gt;</a>&nbsp;&nbsp;&nbsp;net_buf_unref
<LI><a href="#[45d]">&gt;&gt;</a>&nbsp;&nbsp;&nbsp;seg_tx_send_unacked
<LI><a href="#[461]">&gt;&gt;</a>&nbsp;&nbsp;&nbsp;seg_tx_complete
<LI><a href="#[265]">&gt;&gt;</a>&nbsp;&nbsp;&nbsp;modlog_dummy
</UL>
<BR>[Called By]<UL><LI><a href="#[36c]">&gt;&gt;</a>&nbsp;&nbsp;&nbsp;ctl_recv
</UL>

<P><STRONG><a name="[36e]"></a>trans_heartbeat</STRONG> (Thumb, 170 bytes, Stack size 48 bytes, transport.o(i.trans_heartbeat))
<BR><BR>[Stack]<UL><LI>Max Depth = 120<LI>Call Chain = trans_heartbeat &rArr; net_buf_simple_pull_be16 &rArr; os_mbuf_pullup &rArr; os_mbuf_get &rArr; os_memblock_get
</UL>
<BR>[Calls]<UL><LI><a href="#[28d]">&gt;&gt;</a>&nbsp;&nbsp;&nbsp;net_buf_simple_pull_be16
<LI><a href="#[1c2]">&gt;&gt;</a>&nbsp;&nbsp;&nbsp;net_buf_simple_pull_u8
<LI><a href="#[292]">&gt;&gt;</a>&nbsp;&nbsp;&nbsp;bt_mesh_heartbeat
<LI><a href="#[265]">&gt;&gt;</a>&nbsp;&nbsp;&nbsp;modlog_dummy
</UL>
<BR>[Called By]<UL><LI><a href="#[36c]">&gt;&gt;</a>&nbsp;&nbsp;&nbsp;ctl_recv
</UL>

<P><STRONG><a name="[32e]"></a>trans_seg</STRONG> (Thumb, 964 bytes, Stack size 64 bytes, transport.o(i.trans_seg))
<BR><BR>[Stack]<UL><LI>Max Depth = 824<LI>Call Chain = trans_seg &rArr; ctl_recv &rArr; bt_mesh_friend_req &rArr; friend_cred_create &rArr; friend_cred_set &rArr; bt_mesh_k2 &rArr; bt_mesh_s1 &rArr; bt_mesh_aes_cmac_one &rArr; bt_mesh_aes_cmac &rArr; tc_cmac_update &rArr; k_sem_take &rArr; npl_freertos_time_ms_to_ticks &rArr; __aeabi_uldivmod
</UL>
<BR>[Calls]<UL><LI><a href="#[15f]">&gt;&gt;</a>&nbsp;&nbsp;&nbsp;k_delayed_work_submit
<LI><a href="#[160]">&gt;&gt;</a>&nbsp;&nbsp;&nbsp;k_delayed_work_cancel
<LI><a href="#[28d]">&gt;&gt;</a>&nbsp;&nbsp;&nbsp;net_buf_simple_pull_be16
<LI><a href="#[1c8]">&gt;&gt;</a>&nbsp;&nbsp;&nbsp;k_uptime_get_32
<LI><a href="#[1c2]">&gt;&gt;</a>&nbsp;&nbsp;&nbsp;net_buf_simple_pull_u8
<LI><a href="#[31f]">&gt;&gt;</a>&nbsp;&nbsp;&nbsp;net_buf_simple_pull
<LI><a href="#[3c1]">&gt;&gt;</a>&nbsp;&nbsp;&nbsp;k_delayed_work_remaining_get
<LI><a href="#[45c]">&gt;&gt;</a>&nbsp;&nbsp;&nbsp;send_ack
<LI><a href="#[31e]">&gt;&gt;</a>&nbsp;&nbsp;&nbsp;seg_rx_reset
<LI><a href="#[460]">&gt;&gt;</a>&nbsp;&nbsp;&nbsp;seg_rx_is_valid
<LI><a href="#[45f]">&gt;&gt;</a>&nbsp;&nbsp;&nbsp;seg_rx_find
<LI><a href="#[45e]">&gt;&gt;</a>&nbsp;&nbsp;&nbsp;seg_rx_alloc
<LI><a href="#[481]">&gt;&gt;</a>&nbsp;&nbsp;&nbsp;seg_len
<LI><a href="#[45a]">&gt;&gt;</a>&nbsp;&nbsp;&nbsp;sdu_recv
<LI><a href="#[265]">&gt;&gt;</a>&nbsp;&nbsp;&nbsp;modlog_dummy
<LI><a href="#[36c]">&gt;&gt;</a>&nbsp;&nbsp;&nbsp;ctl_recv
<LI><a href="#[32b]">&gt;&gt;</a>&nbsp;&nbsp;&nbsp;bt_mesh_lpn_established
<LI><a href="#[16c]">&gt;&gt;</a>&nbsp;&nbsp;&nbsp;ack_timeout
<LI><a href="#[13f]">&gt;&gt;</a>&nbsp;&nbsp;&nbsp;__aeabi_memcpy
<LI><a href="#[103]">&gt;&gt;</a>&nbsp;&nbsp;&nbsp;__aeabi_llsl
</UL>
<BR>[Called By]<UL><LI><a href="#[2e0]">&gt;&gt;</a>&nbsp;&nbsp;&nbsp;bt_mesh_trans_recv
</UL>

<P><STRONG><a name="[330]"></a>trans_unseg</STRONG> (Thumb, 122 bytes, Stack size 24 bytes, transport.o(i.trans_unseg))
<BR><BR>[Stack]<UL><LI>Max Depth = 784<LI>Call Chain = trans_unseg &rArr; ctl_recv &rArr; bt_mesh_friend_req &rArr; friend_cred_create &rArr; friend_cred_set &rArr; bt_mesh_k2 &rArr; bt_mesh_s1 &rArr; bt_mesh_aes_cmac_one &rArr; bt_mesh_aes_cmac &rArr; tc_cmac_update &rArr; k_sem_take &rArr; npl_freertos_time_ms_to_ticks &rArr; __aeabi_uldivmod
</UL>
<BR>[Calls]<UL><LI><a href="#[1c2]">&gt;&gt;</a>&nbsp;&nbsp;&nbsp;net_buf_simple_pull_u8
<LI><a href="#[45a]">&gt;&gt;</a>&nbsp;&nbsp;&nbsp;sdu_recv
<LI><a href="#[265]">&gt;&gt;</a>&nbsp;&nbsp;&nbsp;modlog_dummy
<LI><a href="#[36c]">&gt;&gt;</a>&nbsp;&nbsp;&nbsp;ctl_recv
</UL>
<BR>[Called By]<UL><LI><a href="#[2e0]">&gt;&gt;</a>&nbsp;&nbsp;&nbsp;bt_mesh_trans_recv
</UL>

<P><STRONG><a name="[8]"></a>conf_fcb_load</STRONG> (Thumb, 4 bytes, Stack size 0 bytes, config_fcb.o(i.conf_fcb_load))
<BR>[Address Reference Count : 1]<UL><LI> config_fcb.o(.data)
</UL>
<P><STRONG><a name="[9]"></a>conf_fcb_save</STRONG> (Thumb, 152 bytes, Stack size 352 bytes, config_fcb.o(i.conf_fcb_save))
<BR><BR>[Stack]<UL><LI>Max Depth = 376<LI>Call Chain = conf_fcb_save &rArr; __2printf
</UL>
<BR>[Calls]<UL><LI><a href="#[357]">&gt;&gt;</a>&nbsp;&nbsp;&nbsp;write2mirror
<LI><a href="#[35b]">&gt;&gt;</a>&nbsp;&nbsp;&nbsp;get_flash_write_mark
<LI><a href="#[35a]">&gt;&gt;</a>&nbsp;&nbsp;&nbsp;flash_write_mark
<LI><a href="#[359]">&gt;&gt;</a>&nbsp;&nbsp;&nbsp;flash_write
<LI><a href="#[29e]">&gt;&gt;</a>&nbsp;&nbsp;&nbsp;strlen
<LI><a href="#[358]">&gt;&gt;</a>&nbsp;&nbsp;&nbsp;strstr
<LI><a href="#[13f]">&gt;&gt;</a>&nbsp;&nbsp;&nbsp;__aeabi_memcpy
<LI><a href="#[157]">&gt;&gt;</a>&nbsp;&nbsp;&nbsp;__2printf
</UL>
<BR>[Address Reference Count : 1]<UL><LI> config_fcb.o(.data)
</UL>
<P><STRONG><a name="[178]"></a>addr_is_free</STRONG> (Thumb, 166 bytes, Stack size 24 bytes, nodes.o(i.addr_is_free))
<BR><BR>[Stack]<UL><LI>Max Depth = 24<LI>Call Chain = addr_is_free
</UL>
<BR>[Calls]<UL><LI><a href="#[17a]">&gt;&gt;</a>&nbsp;&nbsp;&nbsp;bt_mesh_primary_addr
<LI><a href="#[179]">&gt;&gt;</a>&nbsp;&nbsp;&nbsp;bt_mesh_comp_get
</UL>
<BR>[Called By]<UL><LI><a href="#[2ec]">&gt;&gt;</a>&nbsp;&nbsp;&nbsp;bt_mesh_node_alloc
</UL>

<P><STRONG><a name="[2ed]"></a>modlog_dummy</STRONG> (Thumb, 4 bytes, Stack size 0 bytes, nodes.o(i.modlog_dummy))
<BR><BR>[Stack]<UL><LI>Max Depth = 24<LI>Call Chain = modlog_dummy &rArr; __2printf
</UL>
<BR>[Calls]<UL><LI><a href="#[157]">&gt;&gt;</a>&nbsp;&nbsp;&nbsp;__2printf
</UL>
<BR>[Called By]<UL><LI><a href="#[2ee]">&gt;&gt;</a>&nbsp;&nbsp;&nbsp;bt_mesh_node_del
<LI><a href="#[2ec]">&gt;&gt;</a>&nbsp;&nbsp;&nbsp;bt_mesh_node_alloc
</UL>

<P><STRONG><a name="[18]"></a>ble_sm_alg_rand</STRONG> (Thumb, 78 bytes, Stack size 24 bytes, ble_sm_alg.o(i.ble_sm_alg_rand))
<BR><BR>[Stack]<UL><LI>Max Depth = 48<LI>Call Chain = ble_sm_alg_rand &rArr; __2printf
</UL>
<BR>[Calls]<UL><LI><a href="#[215]">&gt;&gt;</a>&nbsp;&nbsp;&nbsp;rand
<LI><a href="#[157]">&gt;&gt;</a>&nbsp;&nbsp;&nbsp;__2printf
</UL>
<BR>[Address Reference Count : 1]<UL><LI> ble_sm_alg.o(i.ble_sm_alg_ecc_init)
</UL>
<P><STRONG><a name="[47f]"></a>compress</STRONG> (Thumb, 442 bytes, Stack size 144 bytes, sha256.o(i.compress))
<BR><BR>[Stack]<UL><LI>Max Depth = 144<LI>Call Chain = compress
</UL>
<BR>[Called By]<UL><LI><a href="#[218]">&gt;&gt;</a>&nbsp;&nbsp;&nbsp;tc_sha256_update
<LI><a href="#[219]">&gt;&gt;</a>&nbsp;&nbsp;&nbsp;tc_sha256_final
</UL>

<P><STRONG><a name="[128]"></a>XYcZ_addC</STRONG> (Thumb, 280 bytes, Stack size 128 bytes, ecc.o(i.XYcZ_addC))
<BR><BR>[Stack]<UL><LI>Max Depth = 284<LI>Call Chain = XYcZ_addC &rArr; uECC_vli_modMult_fast &rArr; uECC_vli_mult &rArr; muladd
</UL>
<BR>[Calls]<UL><LI><a href="#[125]">&gt;&gt;</a>&nbsp;&nbsp;&nbsp;uECC_vli_set
<LI><a href="#[12a]">&gt;&gt;</a>&nbsp;&nbsp;&nbsp;uECC_vli_modSub
<LI><a href="#[12b]">&gt;&gt;</a>&nbsp;&nbsp;&nbsp;uECC_vli_modMult_fast
<LI><a href="#[150]">&gt;&gt;</a>&nbsp;&nbsp;&nbsp;uECC_vli_modAdd
<LI><a href="#[14f]">&gt;&gt;</a>&nbsp;&nbsp;&nbsp;uECC_vli_modSquare_fast
</UL>
<BR>[Called By]<UL><LI><a href="#[122]">&gt;&gt;</a>&nbsp;&nbsp;&nbsp;EccPoint_mult
</UL>

<P><STRONG><a name="[126]"></a>XYcZ_initial_double</STRONG> (Thumb, 110 bytes, Stack size 64 bytes, ecc.o(i.XYcZ_initial_double))
<BR><BR>[Stack]<UL><LI>Max Depth = 276<LI>Call Chain = XYcZ_initial_double &rArr; apply_z &rArr; uECC_vli_modMult_fast &rArr; uECC_vli_mult &rArr; muladd
</UL>
<BR>[Calls]<UL><LI><a href="#[125]">&gt;&gt;</a>&nbsp;&nbsp;&nbsp;uECC_vli_set
<LI><a href="#[151]">&gt;&gt;</a>&nbsp;&nbsp;&nbsp;uECC_vli_clear
<LI><a href="#[12d]">&gt;&gt;</a>&nbsp;&nbsp;&nbsp;apply_z
</UL>
<BR>[Called By]<UL><LI><a href="#[122]">&gt;&gt;</a>&nbsp;&nbsp;&nbsp;EccPoint_mult
</UL>

<P><STRONG><a name="[48f]"></a>muladd</STRONG> (Thumb, 48 bytes, Stack size 20 bytes, ecc.o(i.muladd))
<BR><BR>[Stack]<UL><LI>Max Depth = 20<LI>Call Chain = muladd
</UL>
<BR>[Called By]<UL><LI><a href="#[48e]">&gt;&gt;</a>&nbsp;&nbsp;&nbsp;uECC_vli_mult
</UL>

<P><STRONG><a name="[371]"></a>uECC_vli_add</STRONG> (Thumb, 90 bytes, Stack size 20 bytes, ecc.o(i.uECC_vli_add))
<BR><BR>[Stack]<UL><LI>Max Depth = 20<LI>Call Chain = uECC_vli_add
</UL>
<BR>[Called By]<UL><LI><a href="#[12a]">&gt;&gt;</a>&nbsp;&nbsp;&nbsp;uECC_vli_modSub
<LI><a href="#[12c]">&gt;&gt;</a>&nbsp;&nbsp;&nbsp;uECC_vli_modInv
<LI><a href="#[150]">&gt;&gt;</a>&nbsp;&nbsp;&nbsp;uECC_vli_modAdd
<LI><a href="#[121]">&gt;&gt;</a>&nbsp;&nbsp;&nbsp;regularize_k
<LI><a href="#[48d]">&gt;&gt;</a>&nbsp;&nbsp;&nbsp;vli_modInv_update
<LI><a href="#[fd]">&gt;&gt;</a>&nbsp;&nbsp;&nbsp;vli_mmod_fast_secp256r1
<LI><a href="#[fb]">&gt;&gt;</a>&nbsp;&nbsp;&nbsp;double_jacobian_default
</UL>

<P><STRONG><a name="[14f]"></a>uECC_vli_modSquare_fast</STRONG> (Thumb, 8 bytes, Stack size 0 bytes, ecc.o(i.uECC_vli_modSquare_fast))
<BR><BR>[Stack]<UL><LI>Max Depth = 156<LI>Call Chain = uECC_vli_modSquare_fast &rArr; uECC_vli_modMult_fast &rArr; uECC_vli_mult &rArr; muladd
</UL>
<BR>[Calls]<UL><LI><a href="#[12b]">&gt;&gt;</a>&nbsp;&nbsp;&nbsp;uECC_vli_modMult_fast
</UL>
<BR>[Called By]<UL><LI><a href="#[489]">&gt;&gt;</a>&nbsp;&nbsp;&nbsp;uECC_valid_point
<LI><a href="#[12d]">&gt;&gt;</a>&nbsp;&nbsp;&nbsp;apply_z
<LI><a href="#[129]">&gt;&gt;</a>&nbsp;&nbsp;&nbsp;XYcZ_add
<LI><a href="#[128]">&gt;&gt;</a>&nbsp;&nbsp;&nbsp;XYcZ_addC
<LI><a href="#[fc]">&gt;&gt;</a>&nbsp;&nbsp;&nbsp;x_side_default
<LI><a href="#[fb]">&gt;&gt;</a>&nbsp;&nbsp;&nbsp;double_jacobian_default
</UL>

<P><STRONG><a name="[48e]"></a>uECC_vli_mult</STRONG> (Thumb, 178 bytes, Stack size 56 bytes, ecc.o(i.uECC_vli_mult))
<BR><BR>[Stack]<UL><LI>Max Depth = 76<LI>Call Chain = uECC_vli_mult &rArr; muladd
</UL>
<BR>[Calls]<UL><LI><a href="#[48f]">&gt;&gt;</a>&nbsp;&nbsp;&nbsp;muladd
</UL>
<BR>[Called By]<UL><LI><a href="#[12b]">&gt;&gt;</a>&nbsp;&nbsp;&nbsp;uECC_vli_modMult_fast
</UL>

<P><STRONG><a name="[372]"></a>uECC_vli_rshift1</STRONG> (Thumb, 28 bytes, Stack size 0 bytes, ecc.o(i.uECC_vli_rshift1))
<BR><BR>[Called By]<UL><LI><a href="#[12c]">&gt;&gt;</a>&nbsp;&nbsp;&nbsp;uECC_vli_modInv
<LI><a href="#[486]">&gt;&gt;</a>&nbsp;&nbsp;&nbsp;uECC_vli_mmod
<LI><a href="#[48d]">&gt;&gt;</a>&nbsp;&nbsp;&nbsp;vli_modInv_update
<LI><a href="#[fb]">&gt;&gt;</a>&nbsp;&nbsp;&nbsp;double_jacobian_default
</UL>

<P><STRONG><a name="[48d]"></a>vli_modInv_update</STRONG> (Thumb, 66 bytes, Stack size 16 bytes, ecc.o(i.vli_modInv_update))
<BR><BR>[Stack]<UL><LI>Max Depth = 36<LI>Call Chain = vli_modInv_update &rArr; uECC_vli_add
</UL>
<BR>[Calls]<UL><LI><a href="#[372]">&gt;&gt;</a>&nbsp;&nbsp;&nbsp;uECC_vli_rshift1
<LI><a href="#[371]">&gt;&gt;</a>&nbsp;&nbsp;&nbsp;uECC_vli_add
</UL>
<BR>[Called By]<UL><LI><a href="#[12c]">&gt;&gt;</a>&nbsp;&nbsp;&nbsp;uECC_vli_modInv
</UL>

<P><STRONG><a name="[153]"></a>_printf_core</STRONG> (Thumb, 996 bytes, Stack size 104 bytes, printf8.o(i._printf_core), UNUSED)
<BR><BR>[Calls]<UL><LI><a href="#[101]">&gt;&gt;</a>&nbsp;&nbsp;&nbsp;__aeabi_uldivmod
<LI><a href="#[165]">&gt;&gt;</a>&nbsp;&nbsp;&nbsp;_printf_pre_padding
<LI><a href="#[166]">&gt;&gt;</a>&nbsp;&nbsp;&nbsp;_printf_post_padding
</UL>
<BR>[Called By]<UL><LI><a href="#[154]">&gt;&gt;</a>&nbsp;&nbsp;&nbsp;__0snprintf$8
<LI><a href="#[152]">&gt;&gt;</a>&nbsp;&nbsp;&nbsp;__0printf$8
</UL>

<P><STRONG><a name="[166]"></a>_printf_post_padding</STRONG> (Thumb, 36 bytes, Stack size 24 bytes, printf8.o(i._printf_post_padding), UNUSED)
<BR><BR>[Called By]<UL><LI><a href="#[153]">&gt;&gt;</a>&nbsp;&nbsp;&nbsp;_printf_core
</UL>

<P><STRONG><a name="[165]"></a>_printf_pre_padding</STRONG> (Thumb, 46 bytes, Stack size 24 bytes, printf8.o(i._printf_pre_padding), UNUSED)
<BR><BR>[Called By]<UL><LI><a href="#[153]">&gt;&gt;</a>&nbsp;&nbsp;&nbsp;_printf_core
</UL>

<P><STRONG><a name="[f]"></a>_snputc</STRONG> (Thumb, 22 bytes, Stack size 0 bytes, printf8.o(i._snputc))
<BR>[Address Reference Count : 1]<UL><LI> printf8.o(i.__0snprintf$8)
</UL>
<P><STRONG><a name="[159]"></a>_fp_digits</STRONG> (Thumb, 366 bytes, Stack size 64 bytes, printfa.o(i._fp_digits), UNUSED)
<BR><BR>[Calls]<UL><LI><a href="#[119]">&gt;&gt;</a>&nbsp;&nbsp;&nbsp;__aeabi_ddiv
<LI><a href="#[112]">&gt;&gt;</a>&nbsp;&nbsp;&nbsp;__aeabi_dadd
<LI><a href="#[118]">&gt;&gt;</a>&nbsp;&nbsp;&nbsp;__aeabi_dmul
<LI><a href="#[101]">&gt;&gt;</a>&nbsp;&nbsp;&nbsp;__aeabi_uldivmod
<LI><a href="#[11f]">&gt;&gt;</a>&nbsp;&nbsp;&nbsp;__aeabi_d2ulz
<LI><a href="#[15a]">&gt;&gt;</a>&nbsp;&nbsp;&nbsp;__aeabi_cdrcmple
</UL>
<BR>[Called By]<UL><LI><a href="#[156]">&gt;&gt;</a>&nbsp;&nbsp;&nbsp;_printf_core
</UL>

<P><STRONG><a name="[156]"></a>_printf_core</STRONG> (Thumb, 1744 bytes, Stack size 136 bytes, printfa.o(i._printf_core), UNUSED)
<BR><BR>[Calls]<UL><LI><a href="#[101]">&gt;&gt;</a>&nbsp;&nbsp;&nbsp;__aeabi_uldivmod
<LI><a href="#[169]">&gt;&gt;</a>&nbsp;&nbsp;&nbsp;__aeabi_uidivmod
<LI><a href="#[167]">&gt;&gt;</a>&nbsp;&nbsp;&nbsp;_printf_pre_padding
<LI><a href="#[168]">&gt;&gt;</a>&nbsp;&nbsp;&nbsp;_printf_post_padding
<LI><a href="#[159]">&gt;&gt;</a>&nbsp;&nbsp;&nbsp;_fp_digits
</UL>
<BR>[Called By]<UL><LI><a href="#[155]">&gt;&gt;</a>&nbsp;&nbsp;&nbsp;__0vsnprintf
</UL>

<P><STRONG><a name="[168]"></a>_printf_post_padding</STRONG> (Thumb, 36 bytes, Stack size 24 bytes, printfa.o(i._printf_post_padding), UNUSED)
<BR><BR>[Called By]<UL><LI><a href="#[156]">&gt;&gt;</a>&nbsp;&nbsp;&nbsp;_printf_core
</UL>

<P><STRONG><a name="[167]"></a>_printf_pre_padding</STRONG> (Thumb, 46 bytes, Stack size 24 bytes, printfa.o(i._printf_pre_padding), UNUSED)
<BR><BR>[Called By]<UL><LI><a href="#[156]">&gt;&gt;</a>&nbsp;&nbsp;&nbsp;_printf_core
</UL>

<P><STRONG><a name="[10]"></a>_snputc</STRONG> (Thumb, 22 bytes, Stack size 0 bytes, printfa.o(i._snputc))
<BR>[Address Reference Count : 1]<UL><LI> printfa.o(i.__0vsnprintf)
</UL><P>
<H3>
Undefined Global Symbols
</H3><HR></body></html>
