<html>
<body>
<pre>
<h1>µVision Build Log</h1>
<h2>Tool Versions:</h2>
IDE-Version: ¦ÌVision V5.21.1.0
Copyright (C) 2016 ARM Ltd and ARM Germany GmbH. All rights reserved.
License Information: li RD7, ingchips, LIC=MPPMM-XAIKW-RADDM-XPJN9-MR379-U0XG5
 
Tool Versions:
Toolchain:       MDK-ARM Plus  Version: 5.21a
Toolchain Path:  C:\Keil_v5\ARM\ARMCC\Bin
C Compiler:      Armcc.exe V5.06 update 3 (build 300)
Assembler:       Armasm.exe V5.06 update 3 (build 300)
Linker/Locator:  ArmLink.exe V5.06 update 3 (build 300)
Library Manager: ArmAr.exe V5.06 update 3 (build 300)
Hex Converter:   FromElf.exe V5.06 update 3 (build 300)
CPU DLL:         SARMCM3.DLL V5.21a
Dialog DLL:      DCM.DLL V1.13.8.0
Target DLL:      Segger\JL2CM3.dll V2.99.23.0
Dialog DLL:      TCM.DLL V1.14.14.0
 
<h2>Project:</h2>
C:\lq\b_code\b_project\project\a_mesh_fire\prj_mesh_fire\mesh-light.uvprojx
Project File Date:  08/26/2020

<h2>Output:</h2>
*** Using Compiler 'V5.06 update 3 (build 300)', folder: 'C:\Keil_v5\ARM\ARMCC\Bin'
Rebuild target 'Target 1'
compiling ble_mesh_light_model.c...
compiling main.c...
compiling profile.c...
..\app\profile.c(282): warning:  #223-D: function "mesh_set_dev_name" declared implicitly
      mesh_set_dev_name((char*)mesh_bt_dev_name);
..\app\profile.c(60): warning:  #177-D: variable "pub_addr" was declared but never referenced
  static unsigned char pub_addr[] = {6, 5, 4, 1, 1, 1};
..\app\profile.c: 2 warnings, 0 errors
compiling chip_peripherals.c...
compiling ble_mesh_flash_oper.c...
assembling startup_ing91800.s...
compiling ble_mesh_app.c...
..\app\ble_mesh_app.c(56): warning:  #177-D: variable "addr" was declared but never referenced
  static const unsigned char addr[6] = {1,0,0,0,0,0};
..\app\ble_mesh_app.c: 1 warning, 0 errors
compiling eflash.c...
compiling peripheral_gpio.c...
compiling peripheral_pwm.c...
compiling peripheral_pinctrl.c...
compiling peripheral_sysctrl.c...
compiling peripheral_timer.c...
compiling peripheral_uart.c...
compiling att_db_util.c...
compiling ad_parser.c...
compiling ota_service.c...
compiling state_binding.c...
compiling mesh_srv.c...
..\..\..\src\Mesh\mesh_srv.c(622): warning:  #223-D: function "hci_cmds_put" declared implicitly
          hci_cmds_put(DISCONNECT,&conn_handle,2);
..\..\..\src\Mesh\mesh_srv.c(799): warning:  #223-D: function "hci_cmds_put" declared implicitly
      hci_cmds_put(WHITELST_RMV,NULL,0);
..\..\..\src\Mesh\mesh_srv.c: 2 warnings, 0 errors
compiling device_composition.c...
..\..\..\src\Mesh\device_composition.c(231): warning:  #223-D: function "printf" declared implicitly
  		
rintk("Unable to send GEN_ONOFF_SRV Status response\n");
..\..\..\src\Mesh\device_composition.c(257): warning:  #223-D: function "printf" declared implicitly
  		
rintk("bt_mesh_model_publish err %d\n", err);
..\..\..\src\Mesh\device_composition.c(312): warning:  #223-D: function "printf" declared implicitly
          printf("tt 3 0x%p \n",state->transition);
..\..\..\src\Mesh\device_composition.c(337): warning:  #223-D: function "printf" declared implicitly
      printf("onoff 0x%x\n",onoff);
..\..\..\src\Mesh\device_composition.c(403): warning:  #223-D: function "printf" declared implicitly
  	
rintk("Acknownledgement from GEN_ONOFF_SRV\n");
..\..\..\src\Mesh\device_composition.c(433): warning:  #223-D: function "printf" declared implicitly
  		
rintk("Unable to send GEN_LEVEL_SRV Status response\n");
..\..\..\src\Mesh\device_composition.c(460): warning:  #223-D: function "printf" declared implicitly
  		
rintk("bt_mesh_model_publish err %d\n", err);
..\..\..\src\Mesh\device_composition.c(809): warning:  #223-D: function "printf" declared implicitly
  		
rintk("Unable to send GEN_LEVEL_SRV Status response\n");
..\..\..\src\Mesh\device_composition.c(840): warning:  #223-D: function "printf" declared implicitly
  		
rintk("bt_mesh_model_publish err %d\n", err);
..\..\..\src\Mesh\device_composition.c(1014): warning:  #223-D: function "printf" declared implicitly
  	
rintk("Acknownledgement from GEN_LEVEL_SRV\n");
..\..\..\src\Mesh\device_composition.c(1035): warning:  #223-D: function "printf" declared implicitly
  		
rintk("Unable to send GEN_DEF_TT_SRV Status response\n");
..\..\..\src\Mesh\device_composition.c(1056): warning:  #223-D: function "printf" declared implicitly
  		
rintk("bt_mesh_model_publish err %d\n", err);
..\..\..\src\Mesh\device_composition.c(1109): warning:  #223-D: function "printf" declared implicitly
  	
rintk("Acknownledgement from GEN_DEF_TT_SRV\n");
..\..\..\src\Mesh\device_composition.c(1125): warning:  #223-D: function "printf" declared implicitly
  		
rintk("Unable to send GEN_POWER_ONOFF_SRV Status response\n");
..\..\..\src\Mesh\device_composition.c(1136): warning:  #223-D: function "printf" declared implicitly
  	
rintk("Acknownledgement from GEN_POWER_ONOFF_SRV\n");
..\..\..\src\Mesh\device_composition.c(1157): warning:  #223-D: function "printf" declared implicitly
  		
rintk("bt_mesh_model_publish err %d\n", err);
..\..\..\src\Mesh\device_composition.c(1220): warning:  #223-D: function "printf" declared implicitly
  		
rintk("Unable to send VENDOR Status response\n");
..\..\..\src\Mesh\device_composition.c(1252): warning:  #223-D: function "printf" declared implicitly
  	
rintk("Vendor model message = %04x\n", state->current);
..\..\..\src\Mesh\device_composition.c(1278): warning:  #223-D: function "printf" declared implicitly
  	printf("VND set 0x%x 0x%x 0x%x 0x%x 0x%x 0x%x 0x%x 0x%x\n",
..\..\..\src\Mesh\device_composition.c(1287): warning:  #223-D: function "printf" declared implicitly
  	
rintk("Acknownledgement from Vendor\n");
..\..\..\src\Mesh\device_composition.c(1313): warning:  #223-D: function "printf" declared implicitly
  		
rintk("Unable to send LightLightnessAct Status response\n");
..\..\..\src\Mesh\device_composition.c(1340): warning:  #223-D: function "printf" declared implicitly
  		
rintk("bt_mesh_model_publish err %d\n", err);
..\..\..\src\Mesh\device_composition.c(1508): warning:  #223-D: function "printf" declared implicitly
  		
rintk("Unable to send LightLightnessLin Status response\n");
..\..\..\src\Mesh\device_composition.c(1536): warning:  #223-D: function "printf" declared implicitly
  		
rintk("bt_mesh_model_publish err %d\n", err);
..\..\..\src\Mesh\device_composition.c(1680): warning:  #223-D: function "printf" declared implicitly
  		
rintk("Unable to send LightLightnessLast Status response\n");
..\..\..\src\Mesh\device_composition.c(1698): warning:  #223-D: function "printf" declared implicitly
  		
rintk("Unable to send LightLightnessDef Status response\n");
..\..\..\src\Mesh\device_composition.c(1719): warning:  #223-D: function "printf" declared implicitly
  		
rintk("Unable to send LightLightnessRange Status response\n");
..\..\..\src\Mesh\device_composition.c(1743): warning:  #223-D: function "printf" declared implicitly
  		
rintk("bt_mesh_model_publish err %d\n", err);
..\..\..\src\Mesh\device_composition.c(1794): warning:  #223-D: function "printf" declared implicitly
  		
rintk("bt_mesh_model_publish err %d\n", err);
..\..\..\src\Mesh\device_composition.c(1858): warning:  #223-D: function "printf" declared implicitly
  	
rintk("Acknownledgement from LIGHT_LIGHTNESS_SRV (Actual)\n");
..\..\..\src\Mesh\device_composition.c(1872): warning:  #223-D: function "printf" declared implicitly
  	
rintk("Acknownledgement from LIGHT_LIGHTNESS_SRV (Linear)\n");
..\..\..\src\Mesh\device_composition.c(1886): warning:  #223-D: function "printf" declared implicitly
  	
rintk("Acknownledgement from LIGHT_LIGHTNESS_SRV (Last)\n");
..\..\..\src\Mesh\device_composition.c(1894): warning:  #223-D: function "printf" declared implicitly
  	
rintk("Acknownledgement from LIGHT_LIGHTNESS_SRV (Default)\n");
..\..\..\src\Mesh\device_composition.c(1902): warning:  #223-D: function "printf" declared implicitly
  	
rintk("Acknownledgement from LIGHT_LIGHTNESS_SRV (Lightness Range)\n");
..\..\..\src\Mesh\device_composition.c(1932): warning:  #223-D: function "printf" declared implicitly
  		
rintk("Unable to send LightCTL Status response\n");
..\..\..\src\Mesh\device_composition.c(1965): warning:  #223-D: function "printf" declared implicitly
  		
rintk("bt_mesh_model_publish err %d\n", err);
..\..\..\src\Mesh\device_composition.c(2131): warning:  #223-D: function "printf" declared implicitly
      printf("target_temp444  0x%x\n",target_temperature);
..\..\..\src\Mesh\device_composition.c(2153): warning:  #223-D: function "printf" declared implicitly
  		
rintk("Unable to send LightCTL Temp Range Status response\n");
..\..\..\src\Mesh\device_composition.c(2172): warning:  #223-D: function "printf" declared implicitly
  		
rintk("Unable to send LightCTL Default Status response\n");
..\..\..\src\Mesh\device_composition.c(2197): warning:  #223-D: function "printf" declared implicitly
  		
rintk("bt_mesh_model_publish err %d\n", err);
..\..\..\src\Mesh\device_composition.c(2273): warning:  #223-D: function "printf" declared implicitly
  		
rintk("bt_mesh_model_publish err %d\n", err);
..\..\..\src\Mesh\device_composition.c(2339): warning:  #223-D: function "printf" declared implicitly
  	
rintk("Acknownledgement from LIGHT_CTL_SRV\n");
..\..\..\src\Mesh\device_composition.c(2357): warning:  #223-D: function "printf" declared implicitly
  	
rintk("Acknownledgement from LIGHT_CTL_SRV (Temperature Range)\n");
..\..\..\src\Mesh\device_composition.c(2367): warning:  #223-D: function "printf" declared implicitly
  	
rintk("Acknownledgement from LIGHT_CTL_TEMP_SRV\n");
..\..\..\src\Mesh\device_composition.c(2386): warning:  #223-D: function "printf" declared implicitly
  	
rintk("Acknownledgement from LIGHT_CTL_SRV (Default)\n");
..\..\..\src\Mesh\device_composition.c(2416): warning:  #223-D: function "printf" declared implicitly
  		
rintk("Unable to send LightCTL Temp. Status response\n");
..\..\..\src\Mesh\device_composition.c(2445): warning:  #223-D: function "printf" declared implicitly
  		
rintk("bt_mesh_model_publish err %d\n", err);
..\..\..\src\Mesh\device_composition.c(2626): warning:  #223-D: function "printf" declared implicitly
  	printf("lightness: expect %d curr %d remain %d", *p_lightness,*lightness,*remain);
..\..\..\src\Mesh\device_composition.c(2661): warning:  #223-D: function "printf" declared implicitly
  	printf("hue: %d sa: %d lightness: %d", *hue,*sa,*lightness);
..\..\..\src\Mesh\device_composition.c(2688): warning:  #223-D: function "printf" declared implicitly
  	printf("hsl: %d %d %d", lightness,hue,sa);
..\..\..\src\Mesh\device_composition.c(3042): warning:  #174-D: expression has no effect
          pmod->groups[i] != 
T_MESH_ADDR_UNASSIGNED;
..\..\..\src\Mesh\device_composition.c: 51 warnings, 0 errors
compiling bt_cmd_data_uart_io_adp.c...
compiling transition.c...
..\..\..\src\Mesh\transition.c(320): warning:  #223-D: function "update_light_state" declared implicitly
  			update_light_state();
..\..\..\src\Mesh\transition.c(340): warning:  #223-D: function "update_light_state" declared implicitly
  		update_light_state();
..\..\..\src\Mesh\transition.c(348): warning:  #223-D: function "update_light_state" declared implicitly
  		update_light_state();
..\..\..\src\Mesh\transition.c(378): warning:  #223-D: function "update_light_state" declared implicitly
  			update_light_state();
..\..\..\src\Mesh\transition.c(394): warning:  #223-D: function "update_light_state" declared implicitly
  		update_light_state();
..\..\..\src\Mesh\transition.c(401): warning:  #223-D: function "update_light_state" declared implicitly
  		update_light_state();
..\..\..\src\Mesh\transition.c(427): warning:  #223-D: function "update_light_state" declared implicitly
  			update_light_state();
..\..\..\src\Mesh\transition.c(443): warning:  #223-D: function "update_light_state" declared implicitly
  		update_light_state();
..\..\..\src\Mesh\transition.c(450): warning:  #223-D: function "update_light_state" declared implicitly
  		update_light_state();
..\..\..\src\Mesh\transition.c(465): warning:  #223-D: function "update_light_state" declared implicitly
  			update_light_state();
..\..\..\src\Mesh\transition.c(481): warning:  #223-D: function "update_light_state" declared implicitly
  		update_light_state();
..\..\..\src\Mesh\transition.c(488): warning:  #223-D: function "update_light_state" declared implicitly
  		update_light_state();
..\..\..\src\Mesh\transition.c(503): warning:  #223-D: function "update_light_state" declared implicitly
  			update_light_state();
..\..\..\src\Mesh\transition.c(519): warning:  #223-D: function "update_light_state" declared implicitly
  		update_light_state();
..\..\..\src\Mesh\transition.c(526): warning:  #223-D: function "update_light_state" declared implicitly
  		update_light_state();
..\..\..\src\Mesh\transition.c(541): warning:  #223-D: function "update_light_state" declared implicitly
  			update_light_state();
..\..\..\src\Mesh\transition.c(564): warning:  #223-D: function "update_light_state" declared implicitly
  		update_light_state();
..\..\..\src\Mesh\transition.c(573): warning:  #223-D: function "update_light_state" declared implicitly
  		update_light_state();
..\..\..\src\Mesh\transition.c(588): warning:  #223-D: function "update_light_state" declared implicitly
  			update_light_state();
..\..\..\src\Mesh\transition.c(608): warning:  #223-D: function "update_light_state" declared implicitly
  		update_light_state();
..\..\..\src\Mesh\transition.c(616): warning:  #223-D: function "update_light_state" declared implicitly
  		update_light_state();
..\..\..\src\Mesh\transition.c: 21 warnings, 0 errors
compiling bt_cmd_parse.c...
linking...
Program Size: Code=161720 RO-data=11808 RW-data=3372 ZI-data=28552  
FromELF: creating hex file...
After Build - User command #1: fromelf.exe --bin -o mesh-light.bin ./output/mesh-light.axf
".\output\mesh-light.axf" - 0 Error(s), 77 Warning(s).

<h2>Software Packages used:</h2>

Package Vendor: ARM
                http://www.keil.com/pack/ARM.CMSIS.4.5.0.pack
                ARM::CMSIS:CORE:4.3.0
                CMSIS (Cortex Microcontroller Software Interface Standard)
   * Component: CORE Version: 4.3.0

<h2>Collection of Component include folders:</h2>
  C:\lq\b_code\b_project\project\a_mesh_fire\prj_mesh_fire\RTE
  C:\Keil_v5\ARM\PACK\ARM\CMSIS\4.5.0\CMSIS\Include

<h2>Collection of Component Files used:</h2>

   * Component: ARM::CMSIS:CORE:4.3.0
Build Time Elapsed:  00:00:06
</pre>
</body>
</html>
